
> designer-punk-v2@1.0.0 build
> tsc --skipLibCheck || echo 'Build completed with errors (non-blocking)'

src/release-analysis/cli/AdvancedReleaseCLI.ts(13,58): error TS2459: Module '"../errors/ErrorHandler"' declares 'ErrorContext' locally, but it is not exported.
src/release-analysis/cli/ReleaseCLI.ts(12,58): error TS2459: Module '"../errors/ErrorHandler"' declares 'ErrorContext' locally, but it is not exported.
src/release-analysis/collection/CompletionDocumentCollector.ts(7,29): error TS2459: Module '"../errors/ErrorHandler"' declares 'ErrorContext' locally, but it is not exported.
src/release-analysis/collection/OptimizedCompletionDocumentCollector.ts(20,29): error TS2459: Module '"../errors/ErrorHandler"' declares 'ErrorContext' locally, but it is not exported.
src/release-analysis/errors/__tests__/ErrorHandler.test.ts(8,58): error TS2459: Module '"../ErrorHandler"' declares 'ErrorContext' locally, but it is not exported.
src/release-analysis/errors/ErrorRecovery.ts(16,31): error TS2459: Module '"./ErrorHandler"' declares 'ErrorContext' locally, but it is not exported.
src/release-analysis/errors/index.ts(84,26): error TS2304: Cannot find name 'withErrorHandling'.
src/release-analysis/evaluation/index.ts(21,3): error TS2305: Module '"./ArtifactEvaluator"' has no exported member 'EvaluationOptions'.
src/release-analysis/git/GitHistoryAnalyzer.ts(4,58): error TS2459: Module '"../errors/ErrorHandler"' declares 'ErrorContext' locally, but it is not exported.
src/release-analysis/index.ts(23,1): error TS2308: Module './git' has already exported a member named 'ValidationResult'. Consider explicitly re-exporting to resolve the ambiguity.
src/release-analysis/index.ts(25,1): error TS2308: Module './git' has already exported a member named 'AnalysisScope'. Consider explicitly re-exporting to resolve the ambiguity.
src/release-analysis/index.ts(32,1): error TS2308: Module './notes' has already exported a member named 'TemplateSectionConfig'. Consider explicitly re-exporting to resolve the ambiguity.
src/release-analysis/index.ts(32,1): error TS2308: Module './validation' has already exported a member named 'ConfidenceThresholds'. Consider explicitly re-exporting to resolve the ambiguity.
src/release-analysis/index.ts(38,1): error TS2308: Module './git' has already exported a member named 'AnalysisScope'. Consider explicitly re-exporting to resolve the ambiguity.
src/release-analysis/index.ts(38,1): error TS2308: Module './git' has already exported a member named 'GitChanges'. Consider explicitly re-exporting to resolve the ambiguity.
src/release-analysis/index.ts(38,1): error TS2308: Module './git' has already exported a member named 'GitCommit'. Consider explicitly re-exporting to resolve the ambiguity.
src/release-analysis/index.ts(38,1): error TS2308: Module './git' has already exported a member named 'GitTag'. Consider explicitly re-exporting to resolve the ambiguity.
src/release-analysis/index.ts(38,1): error TS2308: Module './notes' has already exported a member named 'ReleaseContent'. Consider explicitly re-exporting to resolve the ambiguity.
src/release-analysis/index.ts(38,1): error TS2308: Module './notes' has already exported a member named 'ReleaseItem'. Consider explicitly re-exporting to resolve the ambiguity.
src/release-analysis/index.ts(38,1): error TS2308: Module './notes' has already exported a member named 'ReleaseSection'. Consider explicitly re-exporting to resolve the ambiguity.
src/release-analysis/index.ts(38,1): error TS2308: Module './notes' has already exported a member named 'ReleaseTemplate'. Consider explicitly re-exporting to resolve the ambiguity.
src/release-analysis/index.ts(38,1): error TS2308: Module './notes' has already exported a member named 'TemplateSectionConfig'. Consider explicitly re-exporting to resolve the ambiguity.
src/release-analysis/index.ts(38,1): error TS2308: Module './notes' has already exported a member named 'TemplateStyle'. Consider explicitly re-exporting to resolve the ambiguity.
src/release-analysis/index.ts(38,1): error TS2308: Module './reporting' has already exported a member named 'AnalysisResult'. Consider explicitly re-exporting to resolve the ambiguity.
src/release-analysis/index.ts(38,1): error TS2308: Module './reporting' has already exported a member named 'ConfidenceMetrics'. Consider explicitly re-exporting to resolve the ambiguity.
src/release-analysis/index.ts(38,1): error TS2308: Module './reporting' has already exported a member named 'ReportFormat'. Consider explicitly re-exporting to resolve the ambiguity.
src/release-analysis/index.ts(38,1): error TS2308: Module './versioning' has already exported a member named 'ChangeEvidence'. Consider explicitly re-exporting to resolve the ambiguity.
src/release-analysis/index.ts(38,1): error TS2308: Module './versioning' has already exported a member named 'VersionRecommendation'. Consider explicitly re-exporting to resolve the ambiguity.
src/release-analysis/performance/PerformanceOptimizedAnalyzer.ts(7,29): error TS2459: Module '"../errors/ErrorHandler"' declares 'ErrorContext' locally, but it is not exported.
src/release-analysis/validation/index.ts(22,3): error TS2305: Module '"./AccuracyValidationFramework"' has no exported member 'AccuracyTestReport'.
src/release-analysis/validation/index.ts(23,3): error TS2305: Module '"./AccuracyValidationFramework"' has no exported member 'AccuracyTestSummary'.
Build completed with errors (non-blocking)
