
> designer-punk-v2@1.0.0 test
> jest --testPathIgnorePatterns='performance/__tests__|__tests__/performance'

PASS src/release/integration/__tests__/HookIntegration.test.ts
PASS src/release-analysis/__tests__/ConfigurationIntegration.test.ts
FAIL src/release/automation/__tests__/AutomationPublishingIntegration.integration.test.ts
  ● Console

    console.log
      ✅ Updated /var/folders/z2/kfvx4wfj7cb3hq2gn5c7smzr0000gn/T/automation-publishing-LjAQWL/package.json: 0.9.0 → 1.0.0

      at PackageUpdater.updatePackageVersion (src/release/automation/PackageUpdater.ts:110:15)

    console.log
      ✅ Created /var/folders/z2/kfvx4wfj7cb3hq2gn5c7smzr0000gn/T/automation-publishing-LjAQWL/CHANGELOG.md with version 1.0.0

      at ChangelogManager.updateChangelog (src/release/automation/ChangelogManager.ts:71:17)

    console.log
      ✅ Created commit: Release 1.0.0

      at GitOperations.createCommit (src/release/automation/GitOperations.ts:115:17)

    console.log
      ✅ Created tag: v1.0.0

      at GitOperations.createTag (src/release/automation/GitOperations.ts:203:17)

    console.log
      ✅ Updated /var/folders/z2/kfvx4wfj7cb3hq2gn5c7smzr0000gn/T/automation-publishing-5UcEN5/package.json: 1.0.0 → 2.0.0

      at PackageUpdater.updatePackageVersion (src/release/automation/PackageUpdater.ts:110:15)

    console.log
      ✅ Created tag: v2.0.0

      at GitOperations.createTag (src/release/automation/GitOperations.ts:203:17)

    console.log
      ✅ Created tag: v3.0.0

      at GitOperations.createTag (src/release/automation/GitOperations.ts:203:17)

    console.log
      ✅ Updated /var/folders/z2/kfvx4wfj7cb3hq2gn5c7smzr0000gn/T/automation-publishing-m6ThoL/package.json: 0.9.0 → 1.0.0

      at PackageUpdater.updatePackageVersion (src/release/automation/PackageUpdater.ts:110:15)

    console.log
      ✅ Created tag: v1.0.0

      at GitOperations.createTag (src/release/automation/GitOperations.ts:203:17)

    console.log
      ✅ Updated /var/folders/z2/kfvx4wfj7cb3hq2gn5c7smzr0000gn/T/automation-publishing-hI45Yi/package.json: 0.9.0 → 1.0.0

      at PackageUpdater.updatePackageVersion (src/release/automation/PackageUpdater.ts:110:15)

    console.log
      ✅ Created tag: v1.0.0

      at GitOperations.createTag (src/release/automation/GitOperations.ts:203:17)

    console.log
      ✅ Updated /var/folders/z2/kfvx4wfj7cb3hq2gn5c7smzr0000gn/T/automation-publishing-2q3W1G/package.json: 1.0.0 → 2.0.0

      at PackageUpdater.updatePackageVersion (src/release/automation/PackageUpdater.ts:110:15)

    console.log
      ✅ Created /var/folders/z2/kfvx4wfj7cb3hq2gn5c7smzr0000gn/T/automation-publishing-2q3W1G/CHANGELOG.md with version 2.0.0

      at ChangelogManager.updateChangelog (src/release/automation/ChangelogManager.ts:71:17)

    console.log
      ✅ Created commit: Release 2.0.0

      at GitOperations.createCommit (src/release/automation/GitOperations.ts:115:17)

    console.log
      🔄 Rolling back git operations...

      at GitOperations.rollback (src/release/automation/GitOperations.ts:322:15)

    console.log
      ✅ Reset to commit {"email":"test@example.com"}

      at GitOperations.rollback (src/release/automation/GitOperations.ts:329:19)

    console.log
      ✅ Updated /var/folders/z2/kfvx4wfj7cb3hq2gn5c7smzr0000gn/T/automation-publishing-30gHwH/package.json: 1.4.0 → 1.5.0

      at PackageUpdater.updatePackageVersion (src/release/automation/PackageUpdater.ts:110:15)

    console.log
      ✅ Created /var/folders/z2/kfvx4wfj7cb3hq2gn5c7smzr0000gn/T/automation-publishing-EjkVot/CHANGELOG.md with version 2.0.0

      at ChangelogManager.updateChangelog (src/release/automation/ChangelogManager.ts:71:17)

  ● Automation → Publishing Integration › Complete Automation → Publishing Workflow › should execute complete workflow: automation → GitHub release → npm publish

    TypeError: Cannot redefine property: existsSync
        at Function.defineProperty (<anonymous>)

      194 |       // Step 5: Publishing - publish to npm after GitHub release
      195 |       // Mock fs for npm publisher validation
    > 196 |       const existsSpy = jest.spyOn(fs, 'existsSync').mockReturnValue(true);
          |                              ^
      197 |       const readFileSpy = jest.spyOn(fs, 'readFileSync').mockReturnValue(JSON.stringify({
      198 |         name: '@test/package',
      199 |         version: '1.0.0'

      at ModuleMocker.spyOn (node_modules/jest-mock/build/index.js:776:16)
      at Object.<anonymous> (src/release/automation/__tests__/AutomationPublishingIntegration.integration.test.ts:196:30)

  ● Automation → Publishing Integration › Complete Automation → Publishing Workflow › should ensure GitHub release happens before npm publish

    TypeError: Cannot redefine property: existsSync
        at Function.defineProperty (<anonymous>)

      286 |       // npm publish
      287 |       // Mock fs for npm publisher
    > 288 |       const existsSpy = jest.spyOn(fs, 'existsSync').mockReturnValue(true);
          |                              ^
      289 |       const readFileSpy = jest.spyOn(fs, 'readFileSync').mockReturnValue(JSON.stringify({
      290 |         name: '@test/package',
      291 |         version: '2.0.0'

      at ModuleMocker.spyOn (node_modules/jest-mock/build/index.js:776:16)
      at Object.<anonymous> (src/release/automation/__tests__/AutomationPublishingIntegration.integration.test.ts:288:30)

  ● Automation → Publishing Integration › Error Handling and Rollback › should rollback automation when publishing fails

    TypeError: Cannot redefine property: existsSync
        at Function.defineProperty (<anonymous>)

      470 |       mockExecSync.mockReturnValueOnce('testuser\n'); // npm whoami
      471 |       mockExecSync.mockReturnValueOnce(JSON.stringify({ email: 'test@example.com' })); // npm profile get
    > 472 |       const existsSpy = jest.spyOn(fs, 'existsSync').mockReturnValue(true);
          |                              ^
      473 |       const readFileSpy = jest.spyOn(fs, 'readFileSync').mockReturnValue(JSON.stringify({
      474 |         name: '@test/package',
      475 |         version: '1.0.0'

      at ModuleMocker.spyOn (node_modules/jest-mock/build/index.js:776:16)
      at Object.<anonymous> (src/release/automation/__tests__/AutomationPublishingIntegration.integration.test.ts:472:30)

  ● Automation → Publishing Integration › Error Handling and Rollback › should coordinate rollback across automation and publishing

    expect(received).toBe(expected) // Object.is equality

    Expected: true
    Received: false

      603 |
      604 |       const gitRollback = await gitOps.rollback();
    > 605 |       expect(gitRollback.success).toBe(true);
          |                                   ^
      606 |
      607 |       await packageUpdater.rollback();
      608 |       const rolledBackPkg = JSON.parse(fs.readFileSync(packagePath, 'utf-8'));

      at Object.<anonymous> (src/release/automation/__tests__/AutomationPublishingIntegration.integration.test.ts:605:35)

  ● Automation → Publishing Integration › Data Flow Validation › should pass version information correctly through the pipeline

    expect(received).toBe(expected) // Object.is equality

    Expected: true
    Received: false

      637 |       gitMockHelper.mockTagSuccess(version, 'abc123');
      638 |       const tagResult = await gitOps.createTag({ version, message: `Release ${version}` });
    > 639 |       expect(tagResult.success).toBe(true);
          |                                 ^
      640 |       expect(tagResult.details).toContain(tagName);
      641 |
      642 |       // GitHub release uses same tag

      at Object.<anonymous> (src/release/automation/__tests__/AutomationPublishingIntegration.integration.test.ts:639:33)

PASS src/release/config/__tests__/ConfigManager.test.ts
PASS src/__tests__/integration/PerformanceValidation.test.ts

  ●  Cannot log after tests are done. Did you forget to wait for something async in your test?
    Attempted to log "
    🏷️  Stage 7: Creating git commit and tag...".

      273 |
      274 |       // Stage 7: Git Operations - Create git commit and tag
    > 275 |       console.log('\n🏷️  Stage 7: Creating git commit and tag...');
          |               ^
      276 |       const gitStage = await pipeline.executeStage('git-operations', async () => {
      277 |         return await this.createGitCommitAndTag(plan);
      278 |       });

      at console.log (node_modules/@jest/console/build/BufferedConsole.js:156:10)
      at ReleaseManager.executeRelease (src/release/ReleaseManager.ts:275:15)


  ●  Cannot log after tests are done. Did you forget to wait for something async in your test?
    Attempted to log "
    ⬆️  Stage 8: Pushing to remote...".

      291 |       // Stage 8: Push - Push to remote (if not dry run)
      292 |       if (!this.config.dryRun) {
    > 293 |         console.log('\n⬆️  Stage 8: Pushing to remote...');
          |                 ^
      294 |         const pushStage = await pipeline.executeStage('push', async () => {
      295 |           return await this.pushToRemote();
      296 |         });

      at console.log (node_modules/@jest/console/build/BufferedConsole.js:156:10)
      at ReleaseManager.executeRelease (src/release/ReleaseManager.ts:293:17)


  ●  Cannot log after tests are done. Did you forget to wait for something async in your test?
    Attempted to log "
    ✅ Release complete!".

      348 |       const summary = pipeline.getSummary();
      349 |
    > 350 |       console.log('\n✅ Release complete!');
          |               ^
      351 |       console.log(`   Version: ${plan.version.to}`);
      352 |       console.log(`   Duration: ${(summary.duration / 1000).toFixed(2)}s`);
      353 |       console.log(`   Stages: ${summary.successfulStages}/${summary.totalStages} successful`);

      at console.log (node_modules/@jest/console/build/BufferedConsole.js:156:10)
      at ReleaseManager.executeRelease (src/release/ReleaseManager.ts:350:15)


  ●  Cannot log after tests are done. Did you forget to wait for something async in your test?
    Attempted to log "   Version: 1.1.0".

      349 |
      350 |       console.log('\n✅ Release complete!');
    > 351 |       console.log(`   Version: ${plan.version.to}`);
          |               ^
      352 |       console.log(`   Duration: ${(summary.duration / 1000).toFixed(2)}s`);
      353 |       console.log(`   Stages: ${summary.successfulStages}/${summary.totalStages} successful`);
      354 |

      at console.log (node_modules/@jest/console/build/BufferedConsole.js:156:10)
      at ReleaseManager.executeRelease (src/release/ReleaseManager.ts:351:15)


  ●  Cannot log after tests are done. Did you forget to wait for something async in your test?
    Attempted to log "   Duration: 0.03s".

      350 |       console.log('\n✅ Release complete!');
      351 |       console.log(`   Version: ${plan.version.to}`);
    > 352 |       console.log(`   Duration: ${(summary.duration / 1000).toFixed(2)}s`);
          |               ^
      353 |       console.log(`   Stages: ${summary.successfulStages}/${summary.totalStages} successful`);
      354 |
      355 |       // Update workflow state to completed

      at console.log (node_modules/@jest/console/build/BufferedConsole.js:156:10)
      at ReleaseManager.executeRelease (src/release/ReleaseManager.ts:352:15)


  ●  Cannot log after tests are done. Did you forget to wait for something async in your test?
    Attempted to log "   Stages: 7/7 successful".

      351 |       console.log(`   Version: ${plan.version.to}`);
      352 |       console.log(`   Duration: ${(summary.duration / 1000).toFixed(2)}s`);
    > 353 |       console.log(`   Stages: ${summary.successfulStages}/${summary.totalStages} successful`);
          |               ^
      354 |
      355 |       // Update workflow state to completed
      356 |       await this.stateManager.updateState(this.currentWorkflowId, 'completed');

      at console.log (node_modules/@jest/console/build/BufferedConsole.js:156:10)
      at ReleaseManager.executeRelease (src/release/ReleaseManager.ts:353:15)

FAIL src/release/__tests__/ReleaseManager.test.ts
  ● Console

    console.log
      🚀 Starting release process...

      at ReleaseManager.executeRelease (src/release/ReleaseManager.ts:145:15)

    console.log
         Trigger: automatic (spec-completion)

      at ReleaseManager.executeRelease (src/release/ReleaseManager.ts:146:15)

    console.log
      
      📊 Stage 1: Analyzing changes...

      at ReleaseManager.executeRelease (src/release/ReleaseManager.ts:152:15)

    console.log
      
      📋 Stage 2: Generating release plan...

      at ReleaseManager.executeRelease (src/release/ReleaseManager.ts:171:15)

    console.log
      
      ✅ Stage 3: Validating release plan...

      at ReleaseManager.executeRelease (src/release/ReleaseManager.ts:196:15)

    console.log
      
      📦 Stage 5: Updating package versions...

      at ReleaseManager.executeRelease (src/release/ReleaseManager.ts:243:15)

    console.log
      
      📝 Stage 6: Updating CHANGELOG.md...

      at ReleaseManager.executeRelease (src/release/ReleaseManager.ts:260:15)

    console.log
      
      🏷️  Stage 7: Creating git commit and tag...

      at ReleaseManager.executeRelease (src/release/ReleaseManager.ts:275:15)

    console.log
      
      ⬆️  Stage 8: Pushing to remote...

      at ReleaseManager.executeRelease (src/release/ReleaseManager.ts:293:17)

    console.log
      
      ✅ Release complete!

      at ReleaseManager.executeRelease (src/release/ReleaseManager.ts:350:15)

    console.log
         Version: 1.1.0

      at ReleaseManager.executeRelease (src/release/ReleaseManager.ts:351:15)

    console.log
         Duration: 0.03s

      at ReleaseManager.executeRelease (src/release/ReleaseManager.ts:352:15)

    console.log
         Stages: 7/7 successful

      at ReleaseManager.executeRelease (src/release/ReleaseManager.ts:353:15)

    console.log
      🚀 Starting release process...

      at ReleaseManager.executeRelease (src/release/ReleaseManager.ts:145:15)

    console.log
         Trigger: automatic (spec-completion)

      at ReleaseManager.executeRelease (src/release/ReleaseManager.ts:146:15)

    console.log
      
      📊 Stage 1: Analyzing changes...

      at ReleaseManager.executeRelease (src/release/ReleaseManager.ts:152:15)

    console.log
      🚀 Starting release process...

      at ReleaseManager.executeRelease (src/release/ReleaseManager.ts:145:15)

    console.log
         Trigger: automatic (spec-completion)

      at ReleaseManager.executeRelease (src/release/ReleaseManager.ts:146:15)

    console.log
      
      📊 Stage 1: Analyzing changes...

      at ReleaseManager.executeRelease (src/release/ReleaseManager.ts:152:15)

    console.log
      
      📋 Stage 2: Generating release plan...

      at ReleaseManager.executeRelease (src/release/ReleaseManager.ts:171:15)

    console.log
      
      ✅ Stage 3: Validating release plan...

      at ReleaseManager.executeRelease (src/release/ReleaseManager.ts:196:15)

    console.log
      
      📦 Stage 5: Updating package versions...

      at ReleaseManager.executeRelease (src/release/ReleaseManager.ts:243:15)

    console.log
      
      🔄 Rolling back pipeline operations...

      at ReleaseManager.rollbackPipeline (src/release/ReleaseManager.ts:681:13)

    console.log
         Failed stages:

      at ReleaseManager.rollbackPipeline (src/release/ReleaseManager.ts:684:13)

    console.log
      
      🔄 Rolling back release operations...

      at ReleaseManager.rollback (src/release/ReleaseManager.ts:645:13)

    console.log
      
      🔄 Starting comprehensive rollback...

      at RollbackCoordinator.executeRollback (src/release/orchestration/ErrorRecovery.ts:770:13)

    console.log
         Components: npm, github, changelog, package-json, git

      at RollbackCoordinator.executeRollback (src/release/orchestration/ErrorRecovery.ts:771:13)

    console.log
      
      🔄 Rolling back npm...

      at RollbackCoordinator.rollbackComponent (src/release/orchestration/ErrorRecovery.ts:834:13)

    console.log
      ✅ Rolled back npm

      at RollbackCoordinator.rollbackComponent (src/release/orchestration/ErrorRecovery.ts:857:15)

    console.log
      
      🔄 Rolling back github...

      at RollbackCoordinator.rollbackComponent (src/release/orchestration/ErrorRecovery.ts:834:13)

    console.log
      ✅ Rolled back github

      at RollbackCoordinator.rollbackComponent (src/release/orchestration/ErrorRecovery.ts:857:15)

    console.log
      
      🔄 Rolling back changelog...

      at RollbackCoordinator.rollbackComponent (src/release/orchestration/ErrorRecovery.ts:834:13)

    console.log
      ✅ Rolled back changelog

      at RollbackCoordinator.rollbackComponent (src/release/orchestration/ErrorRecovery.ts:857:15)

    console.log
      
      🔄 Rolling back package-json...

      at RollbackCoordinator.rollbackComponent (src/release/orchestration/ErrorRecovery.ts:834:13)

    console.log
      ✅ Rolled back package-json

      at RollbackCoordinator.rollbackComponent (src/release/orchestration/ErrorRecovery.ts:857:15)

    console.log
      
      🔄 Rolling back git...

      at RollbackCoordinator.rollbackComponent (src/release/orchestration/ErrorRecovery.ts:834:13)

    console.log
      ✅ Rolled back git

      at RollbackCoordinator.rollbackComponent (src/release/orchestration/ErrorRecovery.ts:857:15)

    console.log
      
      ✅ Rollback complete

      at RollbackCoordinator.executeRollback (src/release/orchestration/ErrorRecovery.ts:803:13)

    console.log
         Duration: 0.00s

      at RollbackCoordinator.executeRollback (src/release/orchestration/ErrorRecovery.ts:804:13)

    console.log
         Rolled back: npm, github, changelog, package-json, git

      at RollbackCoordinator.executeRollback (src/release/orchestration/ErrorRecovery.ts:805:13)

    console.log
      🚀 Starting release process...

      at ReleaseManager.executeRelease (src/release/ReleaseManager.ts:145:15)

    console.log
         Trigger: automatic (spec-completion)

      at ReleaseManager.executeRelease (src/release/ReleaseManager.ts:146:15)

    console.log
      
      📊 Stage 1: Analyzing changes...

      at ReleaseManager.executeRelease (src/release/ReleaseManager.ts:152:15)

    console.log
      
      📋 Stage 2: Generating release plan...

      at ReleaseManager.executeRelease (src/release/ReleaseManager.ts:171:15)

    console.log
      
      ✅ Stage 3: Validating release plan...

      at ReleaseManager.executeRelease (src/release/ReleaseManager.ts:196:15)

    console.log
      
      📦 Stage 5: Updating package versions...

      at ReleaseManager.executeRelease (src/release/ReleaseManager.ts:243:15)

    console.log
      
      📝 Stage 6: Updating CHANGELOG.md...

      at ReleaseManager.executeRelease (src/release/ReleaseManager.ts:260:15)

    console.log
      
      🏷️  Stage 7: Creating git commit and tag...

      at ReleaseManager.executeRelease (src/release/ReleaseManager.ts:275:15)

    console.log
      
      🔄 Rolling back pipeline operations...

      at ReleaseManager.rollbackPipeline (src/release/ReleaseManager.ts:681:13)

    console.log
         Failed stages:

      at ReleaseManager.rollbackPipeline (src/release/ReleaseManager.ts:684:13)

    console.log
      
      🔄 Rolling back release operations...

      at ReleaseManager.rollback (src/release/ReleaseManager.ts:645:13)

    console.log
      
      🔄 Starting comprehensive rollback...

      at RollbackCoordinator.executeRollback (src/release/orchestration/ErrorRecovery.ts:770:13)

    console.log
         Components: npm, github, changelog, package-json, git

      at RollbackCoordinator.executeRollback (src/release/orchestration/ErrorRecovery.ts:771:13)

    console.log
      
      🔄 Rolling back npm...

      at RollbackCoordinator.rollbackComponent (src/release/orchestration/ErrorRecovery.ts:834:13)

    console.log
      ✅ Rolled back npm

      at RollbackCoordinator.rollbackComponent (src/release/orchestration/ErrorRecovery.ts:857:15)

    console.log
      
      🔄 Rolling back github...

      at RollbackCoordinator.rollbackComponent (src/release/orchestration/ErrorRecovery.ts:834:13)

    console.log
      ✅ Rolled back github

      at RollbackCoordinator.rollbackComponent (src/release/orchestration/ErrorRecovery.ts:857:15)

    console.log
      
      🔄 Rolling back changelog...

      at RollbackCoordinator.rollbackComponent (src/release/orchestration/ErrorRecovery.ts:834:13)

    console.log
      ✅ Rolled back changelog

      at RollbackCoordinator.rollbackComponent (src/release/orchestration/ErrorRecovery.ts:857:15)

    console.log
      
      🔄 Rolling back package-json...

      at RollbackCoordinator.rollbackComponent (src/release/orchestration/ErrorRecovery.ts:834:13)

    console.log
      ✅ Rolled back package-json

      at RollbackCoordinator.rollbackComponent (src/release/orchestration/ErrorRecovery.ts:857:15)

    console.log
      
      🔄 Rolling back git...

      at RollbackCoordinator.rollbackComponent (src/release/orchestration/ErrorRecovery.ts:834:13)

    console.log
      ✅ Rolled back git

      at RollbackCoordinator.rollbackComponent (src/release/orchestration/ErrorRecovery.ts:857:15)

    console.log
      
      ✅ Rollback complete

      at RollbackCoordinator.executeRollback (src/release/orchestration/ErrorRecovery.ts:803:13)

    console.log
         Duration: 0.00s

      at RollbackCoordinator.executeRollback (src/release/orchestration/ErrorRecovery.ts:804:13)

    console.log
         Rolled back: npm, github, changelog, package-json, git

      at RollbackCoordinator.executeRollback (src/release/orchestration/ErrorRecovery.ts:805:13)

    console.log
      🚀 Starting release process...

      at ReleaseManager.executeRelease (src/release/ReleaseManager.ts:145:15)

    console.log
         Trigger: automatic (spec-completion)

      at ReleaseManager.executeRelease (src/release/ReleaseManager.ts:146:15)

    console.log
      
      📊 Stage 1: Analyzing changes...

      at ReleaseManager.executeRelease (src/release/ReleaseManager.ts:152:15)

    console.log
      
      📋 Stage 2: Generating release plan...

      at ReleaseManager.executeRelease (src/release/ReleaseManager.ts:171:15)

    console.log
      
      ✅ Stage 3: Validating release plan...

      at ReleaseManager.executeRelease (src/release/ReleaseManager.ts:196:15)

    console.log
      
      📦 Stage 5: Updating package versions...

      at ReleaseManager.executeRelease (src/release/ReleaseManager.ts:243:15)

    console.log
      
      📝 Stage 6: Updating CHANGELOG.md...

      at ReleaseManager.executeRelease (src/release/ReleaseManager.ts:260:15)

    console.log
      
      🏷️  Stage 7: Creating git commit and tag...

      at ReleaseManager.executeRelease (src/release/ReleaseManager.ts:275:15)

    console.log
      
      ✅ Release complete!

      at ReleaseManager.executeRelease (src/release/ReleaseManager.ts:350:15)

    console.log
         Version: 1.1.0

      at ReleaseManager.executeRelease (src/release/ReleaseManager.ts:351:15)

    console.log
         Duration: 0.00s

      at ReleaseManager.executeRelease (src/release/ReleaseManager.ts:352:15)

    console.log
         Stages: 6/6 successful

      at ReleaseManager.executeRelease (src/release/ReleaseManager.ts:353:15)

    console.log
      
      🔄 Rolling back release operations...

      at ReleaseManager.rollback (src/release/ReleaseManager.ts:645:13)

    console.log
      
      🔄 Starting comprehensive rollback...

      at RollbackCoordinator.executeRollback (src/release/orchestration/ErrorRecovery.ts:770:13)

    console.log
         Components: npm, github, changelog, package-json, git

      at RollbackCoordinator.executeRollback (src/release/orchestration/ErrorRecovery.ts:771:13)

    console.log
      
      🔄 Rolling back npm...

      at RollbackCoordinator.rollbackComponent (src/release/orchestration/ErrorRecovery.ts:834:13)

    console.log
      ✅ Rolled back npm

      at RollbackCoordinator.rollbackComponent (src/release/orchestration/ErrorRecovery.ts:857:15)

    console.log
      
      🔄 Rolling back github...

      at RollbackCoordinator.rollbackComponent (src/release/orchestration/ErrorRecovery.ts:834:13)

    console.log
      ✅ Rolled back github

      at RollbackCoordinator.rollbackComponent (src/release/orchestration/ErrorRecovery.ts:857:15)

    console.log
      
      🔄 Rolling back changelog...

      at RollbackCoordinator.rollbackComponent (src/release/orchestration/ErrorRecovery.ts:834:13)

    console.log
      ✅ Rolled back changelog

      at RollbackCoordinator.rollbackComponent (src/release/orchestration/ErrorRecovery.ts:857:15)

    console.log
      
      🔄 Rolling back package-json...

      at RollbackCoordinator.rollbackComponent (src/release/orchestration/ErrorRecovery.ts:834:13)

    console.log
      ✅ Rolled back package-json

      at RollbackCoordinator.rollbackComponent (src/release/orchestration/ErrorRecovery.ts:857:15)

    console.log
      
      🔄 Rolling back git...

      at RollbackCoordinator.rollbackComponent (src/release/orchestration/ErrorRecovery.ts:834:13)

    console.log
      ✅ Rolled back git

      at RollbackCoordinator.rollbackComponent (src/release/orchestration/ErrorRecovery.ts:857:15)

    console.log
      
      ✅ Rollback complete

      at RollbackCoordinator.executeRollback (src/release/orchestration/ErrorRecovery.ts:803:13)

    console.log
         Duration: 0.00s

      at RollbackCoordinator.executeRollback (src/release/orchestration/ErrorRecovery.ts:804:13)

    console.log
         Rolled back: npm, github, changelog, package-json, git

      at RollbackCoordinator.executeRollback (src/release/orchestration/ErrorRecovery.ts:805:13)

    console.log
      
      🔄 Rolling back release operations...

      at ReleaseManager.rollback (src/release/ReleaseManager.ts:645:13)

    console.log
      
      🔄 Starting comprehensive rollback...

      at RollbackCoordinator.executeRollback (src/release/orchestration/ErrorRecovery.ts:770:13)

    console.log
         Components: npm, github, changelog, package-json, git

      at RollbackCoordinator.executeRollback (src/release/orchestration/ErrorRecovery.ts:771:13)

    console.log
      
      🔄 Rolling back npm...

      at RollbackCoordinator.rollbackComponent (src/release/orchestration/ErrorRecovery.ts:834:13)

    console.log
      ✅ Rolled back npm

      at RollbackCoordinator.rollbackComponent (src/release/orchestration/ErrorRecovery.ts:857:15)

    console.log
      
      🔄 Rolling back github...

      at RollbackCoordinator.rollbackComponent (src/release/orchestration/ErrorRecovery.ts:834:13)

    console.log
      ✅ Rolled back github

      at RollbackCoordinator.rollbackComponent (src/release/orchestration/ErrorRecovery.ts:857:15)

    console.log
      
      🔄 Rolling back changelog...

      at RollbackCoordinator.rollbackComponent (src/release/orchestration/ErrorRecovery.ts:834:13)

    console.log
      ✅ Rolled back changelog

      at RollbackCoordinator.rollbackComponent (src/release/orchestration/ErrorRecovery.ts:857:15)

    console.log
      
      🔄 Rolling back package-json...

      at RollbackCoordinator.rollbackComponent (src/release/orchestration/ErrorRecovery.ts:834:13)

    console.log
      ✅ Rolled back package-json

      at RollbackCoordinator.rollbackComponent (src/release/orchestration/ErrorRecovery.ts:857:15)

    console.log
      
      🔄 Rolling back git...

      at RollbackCoordinator.rollbackComponent (src/release/orchestration/ErrorRecovery.ts:834:13)

    console.error
      ❌ Failed to rollback git: Git rollback failed

      869 |
      870 |       this.addAuditEntry(component, 'rollback', false, '', errorMessage);
    > 871 |       console.error(`❌ Failed to rollback ${component}: ${errorMessage}`);
          |               ^
      872 |
      873 |       if (!force) {
      874 |         throw error;

      at RollbackCoordinator.rollbackComponent (src/release/orchestration/ErrorRecovery.ts:871:15)
      at RollbackCoordinator.executeRollback (src/release/orchestration/ErrorRecovery.ts:776:9)
      at ReleaseManager.rollback (src/release/ReleaseManager.ts:647:20)
      at Object.<anonymous> (src/release/__tests__/ReleaseManager.test.ts:624:22)

    console.log
      
      ⚠️  Rollback completed with errors

      at RollbackCoordinator.executeRollback (src/release/orchestration/ErrorRecovery.ts:803:13)

    console.log
         Duration: 0.00s

      at RollbackCoordinator.executeRollback (src/release/orchestration/ErrorRecovery.ts:804:13)

    console.log
         Rolled back: npm, github, changelog, package-json

      at RollbackCoordinator.executeRollback (src/release/orchestration/ErrorRecovery.ts:805:13)

    console.log
         Failed: git

      at RollbackCoordinator.executeRollback (src/release/orchestration/ErrorRecovery.ts:807:15)

    console.log
      🚀 Starting release process...

      at ReleaseManager.executeRelease (src/release/ReleaseManager.ts:145:15)

    console.log
         Trigger: automatic (spec-completion)

      at ReleaseManager.executeRelease (src/release/ReleaseManager.ts:146:15)

    console.log
      
      📊 Stage 1: Analyzing changes...

      at ReleaseManager.executeRelease (src/release/ReleaseManager.ts:152:15)

    console.log
      
      📋 Stage 2: Generating release plan...

      at ReleaseManager.executeRelease (src/release/ReleaseManager.ts:171:15)

    console.log
      
      ✅ Stage 3: Validating release plan...

      at ReleaseManager.executeRelease (src/release/ReleaseManager.ts:196:15)

    console.log
      
      📦 Stage 5: Updating package versions...

      at ReleaseManager.executeRelease (src/release/ReleaseManager.ts:243:15)

    console.log
      
      📝 Stage 6: Updating CHANGELOG.md...

      at ReleaseManager.executeRelease (src/release/ReleaseManager.ts:260:15)

  ● ReleaseManager › getPipelineState › should return active state during pipeline execution

    expect(received).toBe(expected) // Object.is equality

    Expected: true
    Received: false

      670 |       // Check state during execution
      671 |       const state = manager.getPipelineState();
    > 672 |       expect(state.active).toBe(true);
          |                            ^
      673 |       expect(state.context).toBeDefined();
      674 |       expect(state.summary).toBeDefined();
      675 |

      at Object.<anonymous> (src/release/__tests__/ReleaseManager.test.ts:672:28)

FAIL src/release/__tests__/EndToEndWorkflow.integration.test.ts
  ● Console

    console.log
      🚀 Starting release process...

      at ReleaseManager.executeRelease (src/release/ReleaseManager.ts:145:15)

    console.log
         Trigger: automatic (spec-completion)

      at ReleaseManager.executeRelease (src/release/ReleaseManager.ts:146:15)

    console.log
      
      📊 Stage 1: Analyzing changes...

      at ReleaseManager.executeRelease (src/release/ReleaseManager.ts:152:15)

    console.log
      
      📋 Stage 2: Generating release plan...

      at ReleaseManager.executeRelease (src/release/ReleaseManager.ts:171:15)

    console.log
      
      ✅ Stage 3: Validating release plan...

      at ReleaseManager.executeRelease (src/release/ReleaseManager.ts:196:15)

    console.log
      
      📦 Stage 5: Updating package versions...

      at ReleaseManager.executeRelease (src/release/ReleaseManager.ts:243:15)

    console.log
      
      📝 Stage 6: Updating CHANGELOG.md...

      at ReleaseManager.executeRelease (src/release/ReleaseManager.ts:260:15)

    console.log
      
      🏷️  Stage 7: Creating git commit and tag...

      at ReleaseManager.executeRelease (src/release/ReleaseManager.ts:275:15)

    console.log
      
      ⬆️  Stage 8: Pushing to remote...

      at ReleaseManager.executeRelease (src/release/ReleaseManager.ts:293:17)

    console.log
      
      ✅ Release complete!

      at ReleaseManager.executeRelease (src/release/ReleaseManager.ts:350:15)

    console.log
         Version: 1.1.0

      at ReleaseManager.executeRelease (src/release/ReleaseManager.ts:351:15)

    console.log
         Duration: 0.01s

      at ReleaseManager.executeRelease (src/release/ReleaseManager.ts:352:15)

    console.log
         Stages: 7/7 successful

      at ReleaseManager.executeRelease (src/release/ReleaseManager.ts:353:15)

    console.log
      🚀 Starting release process...

      at ReleaseManager.executeRelease (src/release/ReleaseManager.ts:145:15)

    console.log
         Trigger: automatic (spec-completion)

      at ReleaseManager.executeRelease (src/release/ReleaseManager.ts:146:15)

    console.log
      
      📊 Stage 1: Analyzing changes...

      at ReleaseManager.executeRelease (src/release/ReleaseManager.ts:152:15)

    console.log
      
      📋 Stage 2: Generating release plan...

      at ReleaseManager.executeRelease (src/release/ReleaseManager.ts:171:15)

    console.log
      
      ✅ Stage 3: Validating release plan...

      at ReleaseManager.executeRelease (src/release/ReleaseManager.ts:196:15)

    console.log
      
      📦 Stage 5: Updating package versions...

      at ReleaseManager.executeRelease (src/release/ReleaseManager.ts:243:15)

    console.log
      
      📝 Stage 6: Updating CHANGELOG.md...

      at ReleaseManager.executeRelease (src/release/ReleaseManager.ts:260:15)

    console.log
      
      🏷️  Stage 7: Creating git commit and tag...

      at ReleaseManager.executeRelease (src/release/ReleaseManager.ts:275:15)

    console.log
      
      ⬆️  Stage 8: Pushing to remote...

      at ReleaseManager.executeRelease (src/release/ReleaseManager.ts:293:17)

    console.log
      
      🐙 Stage 9: Publishing to GitHub...

      at ReleaseManager.executeRelease (src/release/ReleaseManager.ts:312:17)

    console.log
      
      ✅ Release complete!

      at ReleaseManager.executeRelease (src/release/ReleaseManager.ts:350:15)

    console.log
         Version: 1.1.0

      at ReleaseManager.executeRelease (src/release/ReleaseManager.ts:351:15)

    console.log
         Duration: 0.00s

      at ReleaseManager.executeRelease (src/release/ReleaseManager.ts:352:15)

    console.log
         Stages: 8/8 successful

      at ReleaseManager.executeRelease (src/release/ReleaseManager.ts:353:15)

    console.log
      🚀 Starting release process...

      at ReleaseManager.executeRelease (src/release/ReleaseManager.ts:145:15)

    console.log
         Trigger: automatic (spec-completion)

      at ReleaseManager.executeRelease (src/release/ReleaseManager.ts:146:15)

    console.log
      
      📊 Stage 1: Analyzing changes...

      at ReleaseManager.executeRelease (src/release/ReleaseManager.ts:152:15)

    console.log
      
      📋 Stage 2: Generating release plan...

      at ReleaseManager.executeRelease (src/release/ReleaseManager.ts:171:15)

    console.log
      
      ✅ Stage 3: Validating release plan...

      at ReleaseManager.executeRelease (src/release/ReleaseManager.ts:196:15)

    console.log
      
      📦 Stage 5: Updating package versions...

      at ReleaseManager.executeRelease (src/release/ReleaseManager.ts:243:15)

    console.log
      
      📝 Stage 6: Updating CHANGELOG.md...

      at ReleaseManager.executeRelease (src/release/ReleaseManager.ts:260:15)

    console.log
      
      🏷️  Stage 7: Creating git commit and tag...

      at ReleaseManager.executeRelease (src/release/ReleaseManager.ts:275:15)

    console.log
      
      ⬆️  Stage 8: Pushing to remote...

      at ReleaseManager.executeRelease (src/release/ReleaseManager.ts:293:17)

    console.log
      
      📦 Stage 10: Publishing to npm...

      at ReleaseManager.executeRelease (src/release/ReleaseManager.ts:331:17)

    console.log
      
      ✅ Release complete!

      at ReleaseManager.executeRelease (src/release/ReleaseManager.ts:350:15)

    console.log
         Version: 1.1.0

      at ReleaseManager.executeRelease (src/release/ReleaseManager.ts:351:15)

    console.log
         Duration: 0.00s

      at ReleaseManager.executeRelease (src/release/ReleaseManager.ts:352:15)

    console.log
         Stages: 8/8 successful

      at ReleaseManager.executeRelease (src/release/ReleaseManager.ts:353:15)

    console.log
      🚀 Starting release process...

      at ReleaseManager.executeRelease (src/release/ReleaseManager.ts:145:15)

    console.log
         Trigger: automatic (spec-completion)

      at ReleaseManager.executeRelease (src/release/ReleaseManager.ts:146:15)

    console.log
      
      📊 Stage 1: Analyzing changes...

      at ReleaseManager.executeRelease (src/release/ReleaseManager.ts:152:15)

    console.log
      
      📋 Stage 2: Generating release plan...

      at ReleaseManager.executeRelease (src/release/ReleaseManager.ts:171:15)

    console.log
      
      ✅ Stage 3: Validating release plan...

      at ReleaseManager.executeRelease (src/release/ReleaseManager.ts:196:15)

    console.log
      
      📦 Stage 5: Updating package versions...

      at ReleaseManager.executeRelease (src/release/ReleaseManager.ts:243:15)

    console.log
      
      📝 Stage 6: Updating CHANGELOG.md...

      at ReleaseManager.executeRelease (src/release/ReleaseManager.ts:260:15)

    console.log
      
      🏷️  Stage 7: Creating git commit and tag...

      at ReleaseManager.executeRelease (src/release/ReleaseManager.ts:275:15)

    console.log
      
      ⬆️  Stage 8: Pushing to remote...

      at ReleaseManager.executeRelease (src/release/ReleaseManager.ts:293:17)

    console.log
      
      🐙 Stage 9: Publishing to GitHub...

      at ReleaseManager.executeRelease (src/release/ReleaseManager.ts:312:17)

    console.log
      
      📦 Stage 10: Publishing to npm...

      at ReleaseManager.executeRelease (src/release/ReleaseManager.ts:331:17)

    console.log
      
      ✅ Release complete!

      at ReleaseManager.executeRelease (src/release/ReleaseManager.ts:350:15)

    console.log
         Version: 1.1.0

      at ReleaseManager.executeRelease (src/release/ReleaseManager.ts:351:15)

    console.log
         Duration: 0.00s

      at ReleaseManager.executeRelease (src/release/ReleaseManager.ts:352:15)

    console.log
         Stages: 9/9 successful

      at ReleaseManager.executeRelease (src/release/ReleaseManager.ts:353:15)

    console.log
      🚀 Starting release process...

      at ReleaseManager.executeRelease (src/release/ReleaseManager.ts:145:15)

    console.log
         Trigger: automatic (spec-completion)

      at ReleaseManager.executeRelease (src/release/ReleaseManager.ts:146:15)

    console.log
      
      📊 Stage 1: Analyzing changes...

      at ReleaseManager.executeRelease (src/release/ReleaseManager.ts:152:15)

    console.log
      
      📋 Stage 2: Generating release plan...

      at ReleaseManager.executeRelease (src/release/ReleaseManager.ts:171:15)

    console.log
      
      ✅ Stage 3: Validating release plan...

      at ReleaseManager.executeRelease (src/release/ReleaseManager.ts:196:15)

    console.log
      🚀 Starting release process...

      at ReleaseManager.executeRelease (src/release/ReleaseManager.ts:145:15)

    console.log
         Trigger: automatic (spec-completion)

      at ReleaseManager.executeRelease (src/release/ReleaseManager.ts:146:15)

    console.log
      
      📊 Stage 1: Analyzing changes...

      at ReleaseManager.executeRelease (src/release/ReleaseManager.ts:152:15)

    console.log
      
      📋 Stage 2: Generating release plan...

      at ReleaseManager.executeRelease (src/release/ReleaseManager.ts:171:15)

    console.log
      
      ✅ Stage 3: Validating release plan...

      at ReleaseManager.executeRelease (src/release/ReleaseManager.ts:196:15)

    console.log
      
      📦 Stage 5: Updating package versions...

      at ReleaseManager.executeRelease (src/release/ReleaseManager.ts:243:15)

    console.log
      
      📝 Stage 6: Updating CHANGELOG.md...

      at ReleaseManager.executeRelease (src/release/ReleaseManager.ts:260:15)

    console.log
      
      🏷️  Stage 7: Creating git commit and tag...

      at ReleaseManager.executeRelease (src/release/ReleaseManager.ts:275:15)

    console.log
      
      ⬆️  Stage 8: Pushing to remote...

      at ReleaseManager.executeRelease (src/release/ReleaseManager.ts:293:17)

    console.log
      
      ✅ Release complete!

      at ReleaseManager.executeRelease (src/release/ReleaseManager.ts:350:15)

    console.log
         Version: 1.1.0

      at ReleaseManager.executeRelease (src/release/ReleaseManager.ts:351:15)

    console.log
         Duration: 0.00s

      at ReleaseManager.executeRelease (src/release/ReleaseManager.ts:352:15)

    console.log
         Stages: 7/7 successful

      at ReleaseManager.executeRelease (src/release/ReleaseManager.ts:353:15)

    console.log
      🚀 Starting release process...

      at ReleaseManager.executeRelease (src/release/ReleaseManager.ts:145:15)

    console.log
         Trigger: automatic (spec-completion)

      at ReleaseManager.executeRelease (src/release/ReleaseManager.ts:146:15)

    console.log
      
      📊 Stage 1: Analyzing changes...

      at ReleaseManager.executeRelease (src/release/ReleaseManager.ts:152:15)

    console.log
      
      📋 Stage 2: Generating release plan...

      at ReleaseManager.executeRelease (src/release/ReleaseManager.ts:171:15)

    console.log
      
      ✅ Stage 3: Validating release plan...

      at ReleaseManager.executeRelease (src/release/ReleaseManager.ts:196:15)

    console.log
      
      📦 Stage 5: Updating package versions...

      at ReleaseManager.executeRelease (src/release/ReleaseManager.ts:243:15)

    console.log
      
      🔄 Rolling back pipeline operations...

      at ReleaseManager.rollbackPipeline (src/release/ReleaseManager.ts:681:13)

    console.log
         Failed stages:

      at ReleaseManager.rollbackPipeline (src/release/ReleaseManager.ts:684:13)

    console.log
      
      🔄 Rolling back release operations...

      at ReleaseManager.rollback (src/release/ReleaseManager.ts:645:13)

    console.log
      
      🔄 Starting comprehensive rollback...

      at RollbackCoordinator.executeRollback (src/release/orchestration/ErrorRecovery.ts:770:13)

    console.log
         Components: npm, github, changelog, package-json, git

      at RollbackCoordinator.executeRollback (src/release/orchestration/ErrorRecovery.ts:771:13)

    console.log
      
      🔄 Rolling back npm...

      at RollbackCoordinator.rollbackComponent (src/release/orchestration/ErrorRecovery.ts:834:13)

    console.log
      ✅ Rolled back npm

      at RollbackCoordinator.rollbackComponent (src/release/orchestration/ErrorRecovery.ts:857:15)

    console.log
      
      🔄 Rolling back github...

      at RollbackCoordinator.rollbackComponent (src/release/orchestration/ErrorRecovery.ts:834:13)

    console.log
      ✅ Rolled back github

      at RollbackCoordinator.rollbackComponent (src/release/orchestration/ErrorRecovery.ts:857:15)

    console.log
      
      🔄 Rolling back changelog...

      at RollbackCoordinator.rollbackComponent (src/release/orchestration/ErrorRecovery.ts:834:13)

    console.log
      ✅ Rolled back changelog

      at RollbackCoordinator.rollbackComponent (src/release/orchestration/ErrorRecovery.ts:857:15)

    console.log
      
      🔄 Rolling back package-json...

      at RollbackCoordinator.rollbackComponent (src/release/orchestration/ErrorRecovery.ts:834:13)

    console.log
      ✅ Rolled back package-json

      at RollbackCoordinator.rollbackComponent (src/release/orchestration/ErrorRecovery.ts:857:15)

    console.log
      
      🔄 Rolling back git...

      at RollbackCoordinator.rollbackComponent (src/release/orchestration/ErrorRecovery.ts:834:13)

    console.log
      ✅ Rolled back git

      at RollbackCoordinator.rollbackComponent (src/release/orchestration/ErrorRecovery.ts:857:15)

    console.log
      
      ✅ Rollback complete

      at RollbackCoordinator.executeRollback (src/release/orchestration/ErrorRecovery.ts:803:13)

    console.log
         Duration: 0.01s

      at RollbackCoordinator.executeRollback (src/release/orchestration/ErrorRecovery.ts:804:13)

    console.log
         Rolled back: npm, github, changelog, package-json, git

      at RollbackCoordinator.executeRollback (src/release/orchestration/ErrorRecovery.ts:805:13)

    console.log
      🚀 Starting release process...

      at ReleaseManager.executeRelease (src/release/ReleaseManager.ts:145:15)

    console.log
         Trigger: automatic (spec-completion)

      at ReleaseManager.executeRelease (src/release/ReleaseManager.ts:146:15)

    console.log
      
      📊 Stage 1: Analyzing changes...

      at ReleaseManager.executeRelease (src/release/ReleaseManager.ts:152:15)

    console.log
      
      📋 Stage 2: Generating release plan...

      at ReleaseManager.executeRelease (src/release/ReleaseManager.ts:171:15)

    console.log
      
      ✅ Stage 3: Validating release plan...

      at ReleaseManager.executeRelease (src/release/ReleaseManager.ts:196:15)

    console.log
      
      📦 Stage 5: Updating package versions...

      at ReleaseManager.executeRelease (src/release/ReleaseManager.ts:243:15)

    console.log
      
      📝 Stage 6: Updating CHANGELOG.md...

      at ReleaseManager.executeRelease (src/release/ReleaseManager.ts:260:15)

    console.log
      
      🏷️  Stage 7: Creating git commit and tag...

      at ReleaseManager.executeRelease (src/release/ReleaseManager.ts:275:15)

    console.log
      
      🔄 Rolling back pipeline operations...

      at ReleaseManager.rollbackPipeline (src/release/ReleaseManager.ts:681:13)

    console.log
         Failed stages:

      at ReleaseManager.rollbackPipeline (src/release/ReleaseManager.ts:684:13)

    console.log
      
      🔄 Rolling back release operations...

      at ReleaseManager.rollback (src/release/ReleaseManager.ts:645:13)

    console.log
      
      🔄 Starting comprehensive rollback...

      at RollbackCoordinator.executeRollback (src/release/orchestration/ErrorRecovery.ts:770:13)

    console.log
         Components: npm, github, changelog, package-json, git

      at RollbackCoordinator.executeRollback (src/release/orchestration/ErrorRecovery.ts:771:13)

    console.log
      
      🔄 Rolling back npm...

      at RollbackCoordinator.rollbackComponent (src/release/orchestration/ErrorRecovery.ts:834:13)

    console.log
      ✅ Rolled back npm

      at RollbackCoordinator.rollbackComponent (src/release/orchestration/ErrorRecovery.ts:857:15)

    console.log
      
      🔄 Rolling back github...

      at RollbackCoordinator.rollbackComponent (src/release/orchestration/ErrorRecovery.ts:834:13)

    console.log
      ✅ Rolled back github

      at RollbackCoordinator.rollbackComponent (src/release/orchestration/ErrorRecovery.ts:857:15)

    console.log
      
      🔄 Rolling back changelog...

      at RollbackCoordinator.rollbackComponent (src/release/orchestration/ErrorRecovery.ts:834:13)

    console.log
      ✅ Rolled back changelog

      at RollbackCoordinator.rollbackComponent (src/release/orchestration/ErrorRecovery.ts:857:15)

    console.log
      
      🔄 Rolling back package-json...

      at RollbackCoordinator.rollbackComponent (src/release/orchestration/ErrorRecovery.ts:834:13)

    console.log
      ✅ Rolled back package-json

      at RollbackCoordinator.rollbackComponent (src/release/orchestration/ErrorRecovery.ts:857:15)

    console.log
      
      🔄 Rolling back git...

      at RollbackCoordinator.rollbackComponent (src/release/orchestration/ErrorRecovery.ts:834:13)

    console.log
      ✅ Rolled back git

      at RollbackCoordinator.rollbackComponent (src/release/orchestration/ErrorRecovery.ts:857:15)

    console.log
      
      ✅ Rollback complete

      at RollbackCoordinator.executeRollback (src/release/orchestration/ErrorRecovery.ts:803:13)

    console.log
         Duration: 0.00s

      at RollbackCoordinator.executeRollback (src/release/orchestration/ErrorRecovery.ts:804:13)

    console.log
         Rolled back: npm, github, changelog, package-json, git

      at RollbackCoordinator.executeRollback (src/release/orchestration/ErrorRecovery.ts:805:13)

    console.log
      🚀 Starting release process...

      at ReleaseManager.executeRelease (src/release/ReleaseManager.ts:145:15)

    console.log
         Trigger: automatic (spec-completion)

      at ReleaseManager.executeRelease (src/release/ReleaseManager.ts:146:15)

    console.log
      
      📊 Stage 1: Analyzing changes...

      at ReleaseManager.executeRelease (src/release/ReleaseManager.ts:152:15)

    console.log
      
      📋 Stage 2: Generating release plan...

      at ReleaseManager.executeRelease (src/release/ReleaseManager.ts:171:15)

    console.log
      
      ✅ Stage 3: Validating release plan...

      at ReleaseManager.executeRelease (src/release/ReleaseManager.ts:196:15)

    console.log
      
      📦 Stage 5: Updating package versions...

      at ReleaseManager.executeRelease (src/release/ReleaseManager.ts:243:15)

    console.log
      
      📝 Stage 6: Updating CHANGELOG.md...

      at ReleaseManager.executeRelease (src/release/ReleaseManager.ts:260:15)

    console.log
      
      🏷️  Stage 7: Creating git commit and tag...

      at ReleaseManager.executeRelease (src/release/ReleaseManager.ts:275:15)

    console.log
      
      🔄 Rolling back pipeline operations...

      at ReleaseManager.rollbackPipeline (src/release/ReleaseManager.ts:681:13)

    console.log
         Failed stages:

      at ReleaseManager.rollbackPipeline (src/release/ReleaseManager.ts:684:13)

    console.log
      
      🔄 Rolling back release operations...

      at ReleaseManager.rollback (src/release/ReleaseManager.ts:645:13)

    console.log
      
      🔄 Starting comprehensive rollback...

      at RollbackCoordinator.executeRollback (src/release/orchestration/ErrorRecovery.ts:770:13)

    console.log
         Components: npm, github, changelog, package-json, git

      at RollbackCoordinator.executeRollback (src/release/orchestration/ErrorRecovery.ts:771:13)

    console.log
      
      🔄 Rolling back npm...

      at RollbackCoordinator.rollbackComponent (src/release/orchestration/ErrorRecovery.ts:834:13)

    console.log
      ✅ Rolled back npm

      at RollbackCoordinator.rollbackComponent (src/release/orchestration/ErrorRecovery.ts:857:15)

    console.log
      
      🔄 Rolling back github...

      at RollbackCoordinator.rollbackComponent (src/release/orchestration/ErrorRecovery.ts:834:13)

    console.log
      ✅ Rolled back github

      at RollbackCoordinator.rollbackComponent (src/release/orchestration/ErrorRecovery.ts:857:15)

    console.log
      
      🔄 Rolling back changelog...

      at RollbackCoordinator.rollbackComponent (src/release/orchestration/ErrorRecovery.ts:834:13)

    console.log
      ✅ Rolled back changelog

      at RollbackCoordinator.rollbackComponent (src/release/orchestration/ErrorRecovery.ts:857:15)

    console.log
      
      🔄 Rolling back package-json...

      at RollbackCoordinator.rollbackComponent (src/release/orchestration/ErrorRecovery.ts:834:13)

    console.log
      ✅ Rolled back package-json

      at RollbackCoordinator.rollbackComponent (src/release/orchestration/ErrorRecovery.ts:857:15)

    console.log
      
      🔄 Rolling back git...

      at RollbackCoordinator.rollbackComponent (src/release/orchestration/ErrorRecovery.ts:834:13)

    console.log
      ✅ Rolled back git

      at RollbackCoordinator.rollbackComponent (src/release/orchestration/ErrorRecovery.ts:857:15)

    console.log
      
      ✅ Rollback complete

      at RollbackCoordinator.executeRollback (src/release/orchestration/ErrorRecovery.ts:803:13)

    console.log
         Duration: 0.00s

      at RollbackCoordinator.executeRollback (src/release/orchestration/ErrorRecovery.ts:804:13)

    console.log
         Rolled back: npm, github, changelog, package-json, git

      at RollbackCoordinator.executeRollback (src/release/orchestration/ErrorRecovery.ts:805:13)

    console.log
      🚀 Starting release process...

      at ReleaseManager.executeRelease (src/release/ReleaseManager.ts:145:15)

    console.log
         Trigger: automatic (spec-completion)

      at ReleaseManager.executeRelease (src/release/ReleaseManager.ts:146:15)

    console.log
      
      📊 Stage 1: Analyzing changes...

      at ReleaseManager.executeRelease (src/release/ReleaseManager.ts:152:15)

    console.log
      
      📋 Stage 2: Generating release plan...

      at ReleaseManager.executeRelease (src/release/ReleaseManager.ts:171:15)

    console.log
      
      ✅ Stage 3: Validating release plan...

      at ReleaseManager.executeRelease (src/release/ReleaseManager.ts:196:15)

    console.log
      
      📦 Stage 5: Updating package versions...

      at ReleaseManager.executeRelease (src/release/ReleaseManager.ts:243:15)

    console.log
      
      📝 Stage 6: Updating CHANGELOG.md...

      at ReleaseManager.executeRelease (src/release/ReleaseManager.ts:260:15)

    console.log
      
      🏷️  Stage 7: Creating git commit and tag...

      at ReleaseManager.executeRelease (src/release/ReleaseManager.ts:275:15)

    console.log
      
      ⬆️  Stage 8: Pushing to remote...

      at ReleaseManager.executeRelease (src/release/ReleaseManager.ts:293:17)

    console.log
      
      🔄 Rolling back pipeline operations...

      at ReleaseManager.rollbackPipeline (src/release/ReleaseManager.ts:681:13)

    console.log
         Failed stages:

      at ReleaseManager.rollbackPipeline (src/release/ReleaseManager.ts:684:13)

    console.log
      
      🔄 Rolling back release operations...

      at ReleaseManager.rollback (src/release/ReleaseManager.ts:645:13)

    console.log
      
      🔄 Starting comprehensive rollback...

      at RollbackCoordinator.executeRollback (src/release/orchestration/ErrorRecovery.ts:770:13)

    console.log
         Components: npm, github, changelog, package-json, git

      at RollbackCoordinator.executeRollback (src/release/orchestration/ErrorRecovery.ts:771:13)

    console.log
      
      🔄 Rolling back npm...

      at RollbackCoordinator.rollbackComponent (src/release/orchestration/ErrorRecovery.ts:834:13)

    console.log
      ✅ Rolled back npm

      at RollbackCoordinator.rollbackComponent (src/release/orchestration/ErrorRecovery.ts:857:15)

    console.log
      
      🔄 Rolling back github...

      at RollbackCoordinator.rollbackComponent (src/release/orchestration/ErrorRecovery.ts:834:13)

    console.log
      ✅ Rolled back github

      at RollbackCoordinator.rollbackComponent (src/release/orchestration/ErrorRecovery.ts:857:15)

    console.log
      
      🔄 Rolling back changelog...

      at RollbackCoordinator.rollbackComponent (src/release/orchestration/ErrorRecovery.ts:834:13)

    console.log
      ✅ Rolled back changelog

      at RollbackCoordinator.rollbackComponent (src/release/orchestration/ErrorRecovery.ts:857:15)

    console.log
      
      🔄 Rolling back package-json...

      at RollbackCoordinator.rollbackComponent (src/release/orchestration/ErrorRecovery.ts:834:13)

    console.log
      ✅ Rolled back package-json

      at RollbackCoordinator.rollbackComponent (src/release/orchestration/ErrorRecovery.ts:857:15)

    console.log
      
      🔄 Rolling back git...

      at RollbackCoordinator.rollbackComponent (src/release/orchestration/ErrorRecovery.ts:834:13)

    console.log
      ✅ Rolled back git

      at RollbackCoordinator.rollbackComponent (src/release/orchestration/ErrorRecovery.ts:857:15)

    console.log
      
      ✅ Rollback complete

      at RollbackCoordinator.executeRollback (src/release/orchestration/ErrorRecovery.ts:803:13)

    console.log
         Duration: 0.00s

      at RollbackCoordinator.executeRollback (src/release/orchestration/ErrorRecovery.ts:804:13)

    console.log
         Rolled back: npm, github, changelog, package-json, git

      at RollbackCoordinator.executeRollback (src/release/orchestration/ErrorRecovery.ts:805:13)

    console.log
      🚀 Starting release process...

      at ReleaseManager.executeRelease (src/release/ReleaseManager.ts:145:15)

    console.log
         Trigger: automatic (spec-completion)

      at ReleaseManager.executeRelease (src/release/ReleaseManager.ts:146:15)

    console.log
      
      📊 Stage 1: Analyzing changes...

      at ReleaseManager.executeRelease (src/release/ReleaseManager.ts:152:15)

    console.log
      🚀 Starting release process...

      at ReleaseManager.executeRelease (src/release/ReleaseManager.ts:145:15)

    console.log
         Trigger: automatic (spec-completion)

      at ReleaseManager.executeRelease (src/release/ReleaseManager.ts:146:15)

    console.log
      
      📊 Stage 1: Analyzing changes...

      at ReleaseManager.executeRelease (src/release/ReleaseManager.ts:152:15)

    console.log
      
      📋 Stage 2: Generating release plan...

      at ReleaseManager.executeRelease (src/release/ReleaseManager.ts:171:15)

    console.log
      
      ✅ Stage 3: Validating release plan...

      at ReleaseManager.executeRelease (src/release/ReleaseManager.ts:196:15)

    console.log
      
      📦 Stage 5: Updating package versions...

      at ReleaseManager.executeRelease (src/release/ReleaseManager.ts:243:15)

    console.log
      
      📝 Stage 6: Updating CHANGELOG.md...

      at ReleaseManager.executeRelease (src/release/ReleaseManager.ts:260:15)

    console.log
      
      🏷️  Stage 7: Creating git commit and tag...

      at ReleaseManager.executeRelease (src/release/ReleaseManager.ts:275:15)

    console.log
      
      ⬆️  Stage 8: Pushing to remote...

      at ReleaseManager.executeRelease (src/release/ReleaseManager.ts:293:17)

    console.log
      
      ✅ Release complete!

      at ReleaseManager.executeRelease (src/release/ReleaseManager.ts:350:15)

    console.log
         Version: 1.1.0

      at ReleaseManager.executeRelease (src/release/ReleaseManager.ts:351:15)

    console.log
         Duration: 0.00s

      at ReleaseManager.executeRelease (src/release/ReleaseManager.ts:352:15)

    console.log
         Stages: 7/7 successful

      at ReleaseManager.executeRelease (src/release/ReleaseManager.ts:353:15)

    console.log
      🚀 Starting release process...

      at ReleaseManager.executeRelease (src/release/ReleaseManager.ts:145:15)

    console.log
         Trigger: automatic (spec-completion)

      at ReleaseManager.executeRelease (src/release/ReleaseManager.ts:146:15)

    console.log
      
      📊 Stage 1: Analyzing changes...

      at ReleaseManager.executeRelease (src/release/ReleaseManager.ts:152:15)

    console.log
      
      📋 Stage 2: Generating release plan...

      at ReleaseManager.executeRelease (src/release/ReleaseManager.ts:171:15)

    console.log
      
      ✅ Stage 3: Validating release plan...

      at ReleaseManager.executeRelease (src/release/ReleaseManager.ts:196:15)

    console.log
      
      📦 Stage 5: Updating package versions...

      at ReleaseManager.executeRelease (src/release/ReleaseManager.ts:243:15)

    console.log
      
      📝 Stage 6: Updating CHANGELOG.md...

      at ReleaseManager.executeRelease (src/release/ReleaseManager.ts:260:15)

    console.log
      
      🏷️  Stage 7: Creating git commit and tag...

      at ReleaseManager.executeRelease (src/release/ReleaseManager.ts:275:15)

    console.log
      
      ⬆️  Stage 8: Pushing to remote...

      at ReleaseManager.executeRelease (src/release/ReleaseManager.ts:293:17)

    console.log
      
      🐙 Stage 9: Publishing to GitHub...

      at ReleaseManager.executeRelease (src/release/ReleaseManager.ts:312:17)

    console.log
      
      ✅ Release complete!

      at ReleaseManager.executeRelease (src/release/ReleaseManager.ts:350:15)

    console.log
         Version: 1.1.0

      at ReleaseManager.executeRelease (src/release/ReleaseManager.ts:351:15)

    console.log
         Duration: 0.00s

      at ReleaseManager.executeRelease (src/release/ReleaseManager.ts:352:15)

    console.log
         Stages: 8/8 successful

      at ReleaseManager.executeRelease (src/release/ReleaseManager.ts:353:15)

    console.log
      🚀 Starting release process...

      at ReleaseManager.executeRelease (src/release/ReleaseManager.ts:145:15)

    console.log
         Trigger: automatic (spec-completion)

      at ReleaseManager.executeRelease (src/release/ReleaseManager.ts:146:15)

    console.log
      
      📊 Stage 1: Analyzing changes...

      at ReleaseManager.executeRelease (src/release/ReleaseManager.ts:152:15)

    console.log
      
      📋 Stage 2: Generating release plan...

      at ReleaseManager.executeRelease (src/release/ReleaseManager.ts:171:15)

    console.log
      
      ✅ Stage 3: Validating release plan...

      at ReleaseManager.executeRelease (src/release/ReleaseManager.ts:196:15)

    console.log
      
      📦 Stage 5: Updating package versions...

      at ReleaseManager.executeRelease (src/release/ReleaseManager.ts:243:15)

    console.log
      
      📝 Stage 6: Updating CHANGELOG.md...

      at ReleaseManager.executeRelease (src/release/ReleaseManager.ts:260:15)

    console.log
      
      🏷️  Stage 7: Creating git commit and tag...

      at ReleaseManager.executeRelease (src/release/ReleaseManager.ts:275:15)

    console.log
      
      ⬆️  Stage 8: Pushing to remote...

      at ReleaseManager.executeRelease (src/release/ReleaseManager.ts:293:17)

    console.log
      
      📦 Stage 10: Publishing to npm...

      at ReleaseManager.executeRelease (src/release/ReleaseManager.ts:331:17)

    console.log
      
      ✅ Release complete!

      at ReleaseManager.executeRelease (src/release/ReleaseManager.ts:350:15)

    console.log
         Version: 1.1.0

      at ReleaseManager.executeRelease (src/release/ReleaseManager.ts:351:15)

    console.log
         Duration: 0.01s

      at ReleaseManager.executeRelease (src/release/ReleaseManager.ts:352:15)

    console.log
         Stages: 8/8 successful

      at ReleaseManager.executeRelease (src/release/ReleaseManager.ts:353:15)

    console.log
      🚀 Starting release process...

      at ReleaseManager.executeRelease (src/release/ReleaseManager.ts:145:15)
          at async Promise.all (index 0)

    console.log
         Trigger: automatic (spec-completion)

      at ReleaseManager.executeRelease (src/release/ReleaseManager.ts:146:15)
          at async Promise.all (index 0)

    console.log
      🚀 Starting release process...

      at ReleaseManager.executeRelease (src/release/ReleaseManager.ts:145:15)
          at async Promise.all (index 1)

    console.log
         Trigger: automatic (task-completion)

      at ReleaseManager.executeRelease (src/release/ReleaseManager.ts:146:15)
          at async Promise.all (index 1)

    console.log
      
      📊 Stage 1: Analyzing changes...

      at ReleaseManager.executeRelease (src/release/ReleaseManager.ts:152:15)
          at async Promise.all (index 0)

    console.log
      
      🔄 Rolling back pipeline operations...

      at ReleaseManager.rollbackPipeline (src/release/ReleaseManager.ts:681:13)
          at async Promise.all (index 1)

    console.log
         Failed stages:

      at ReleaseManager.rollbackPipeline (src/release/ReleaseManager.ts:684:13)
          at async Promise.all (index 1)

    console.log
      
      🔄 Rolling back release operations...

      at ReleaseManager.rollback (src/release/ReleaseManager.ts:645:13)
          at async Promise.all (index 1)

    console.log
      
      🔄 Starting comprehensive rollback...

      at RollbackCoordinator.executeRollback (src/release/orchestration/ErrorRecovery.ts:770:13)
          at async Promise.all (index 1)

    console.log
         Components: npm, github, changelog, package-json, git

      at RollbackCoordinator.executeRollback (src/release/orchestration/ErrorRecovery.ts:771:13)
          at async Promise.all (index 1)

    console.log
      
      🔄 Rolling back npm...

      at RollbackCoordinator.rollbackComponent (src/release/orchestration/ErrorRecovery.ts:834:13)
          at async Promise.all (index 1)

    console.log
      ✅ Rolled back npm

      at RollbackCoordinator.rollbackComponent (src/release/orchestration/ErrorRecovery.ts:857:15)
          at async Promise.all (index 1)

    console.log
      
      🔄 Rolling back github...

      at RollbackCoordinator.rollbackComponent (src/release/orchestration/ErrorRecovery.ts:834:13)
          at async Promise.all (index 1)

    console.log
      ✅ Rolled back github

      at RollbackCoordinator.rollbackComponent (src/release/orchestration/ErrorRecovery.ts:857:15)
          at async Promise.all (index 1)

    console.log
      
      🔄 Rolling back changelog...

      at RollbackCoordinator.rollbackComponent (src/release/orchestration/ErrorRecovery.ts:834:13)
          at async Promise.all (index 1)

    console.log
      ✅ Rolled back changelog

      at RollbackCoordinator.rollbackComponent (src/release/orchestration/ErrorRecovery.ts:857:15)
          at async Promise.all (index 1)

    console.log
      
      🔄 Rolling back package-json...

      at RollbackCoordinator.rollbackComponent (src/release/orchestration/ErrorRecovery.ts:834:13)
          at async Promise.all (index 1)

    console.log
      ✅ Rolled back package-json

      at RollbackCoordinator.rollbackComponent (src/release/orchestration/ErrorRecovery.ts:857:15)
          at async Promise.all (index 1)

    console.log
      
      📋 Stage 2: Generating release plan...

      at ReleaseManager.executeRelease (src/release/ReleaseManager.ts:171:15)
          at async Promise.all (index 0)

    console.log
      
      🔄 Rolling back git...

      at RollbackCoordinator.rollbackComponent (src/release/orchestration/ErrorRecovery.ts:834:13)
          at async Promise.all (index 1)

    console.log
      ✅ Rolled back git

      at RollbackCoordinator.rollbackComponent (src/release/orchestration/ErrorRecovery.ts:857:15)
          at async Promise.all (index 1)

    console.log
      
      ✅ Rollback complete

      at RollbackCoordinator.executeRollback (src/release/orchestration/ErrorRecovery.ts:803:13)
          at async Promise.all (index 1)

    console.log
         Duration: 0.00s

      at RollbackCoordinator.executeRollback (src/release/orchestration/ErrorRecovery.ts:804:13)
          at async Promise.all (index 1)

    console.log
         Rolled back: npm, github, changelog, package-json, git

      at RollbackCoordinator.executeRollback (src/release/orchestration/ErrorRecovery.ts:805:13)
          at async Promise.all (index 1)

    console.log
      
      ✅ Stage 3: Validating release plan...

      at ReleaseManager.executeRelease (src/release/ReleaseManager.ts:196:15)
          at async Promise.all (index 0)

    console.log
      
      📦 Stage 5: Updating package versions...

      at ReleaseManager.executeRelease (src/release/ReleaseManager.ts:243:15)
          at async Promise.all (index 0)

    console.log
      
      📝 Stage 6: Updating CHANGELOG.md...

      at ReleaseManager.executeRelease (src/release/ReleaseManager.ts:260:15)
          at async Promise.all (index 0)

    console.log
      
      🏷️  Stage 7: Creating git commit and tag...

      at ReleaseManager.executeRelease (src/release/ReleaseManager.ts:275:15)
          at async Promise.all (index 0)

    console.log
      
      ⬆️  Stage 8: Pushing to remote...

      at ReleaseManager.executeRelease (src/release/ReleaseManager.ts:293:17)
          at async Promise.all (index 0)

    console.log
      
      ✅ Release complete!

      at ReleaseManager.executeRelease (src/release/ReleaseManager.ts:350:15)
          at async Promise.all (index 0)

    console.log
         Version: 1.1.0

      at ReleaseManager.executeRelease (src/release/ReleaseManager.ts:351:15)
          at async Promise.all (index 0)

    console.log
         Duration: 0.02s

      at ReleaseManager.executeRelease (src/release/ReleaseManager.ts:352:15)
          at async Promise.all (index 0)

    console.log
         Stages: 7/7 successful

      at ReleaseManager.executeRelease (src/release/ReleaseManager.ts:353:15)
          at async Promise.all (index 0)

    console.log
      🚀 Starting release process...

      at ReleaseManager.executeRelease (src/release/ReleaseManager.ts:145:15)

    console.log
         Trigger: automatic (spec-completion)

      at ReleaseManager.executeRelease (src/release/ReleaseManager.ts:146:15)

    console.log
      
      📊 Stage 1: Analyzing changes...

      at ReleaseManager.executeRelease (src/release/ReleaseManager.ts:152:15)

    console.log
      
      📋 Stage 2: Generating release plan...

      at ReleaseManager.executeRelease (src/release/ReleaseManager.ts:171:15)

    console.log
      
      ✅ Stage 3: Validating release plan...

      at ReleaseManager.executeRelease (src/release/ReleaseManager.ts:196:15)

    console.log
      
      📦 Stage 5: Updating package versions...

      at ReleaseManager.executeRelease (src/release/ReleaseManager.ts:243:15)

    console.log
      
      📝 Stage 6: Updating CHANGELOG.md...

      at ReleaseManager.executeRelease (src/release/ReleaseManager.ts:260:15)

    console.log
      
      🏷️  Stage 7: Creating git commit and tag...

      at ReleaseManager.executeRelease (src/release/ReleaseManager.ts:275:15)

    console.log
      
      ✅ Release complete!

      at ReleaseManager.executeRelease (src/release/ReleaseManager.ts:350:15)

    console.log
         Version: 1.1.0

      at ReleaseManager.executeRelease (src/release/ReleaseManager.ts:351:15)

    console.log
         Duration: 0.00s

      at ReleaseManager.executeRelease (src/release/ReleaseManager.ts:352:15)

    console.log
         Stages: 6/6 successful

      at ReleaseManager.executeRelease (src/release/ReleaseManager.ts:353:15)

    console.log
      🚀 Starting release process...

      at ReleaseManager.executeRelease (src/release/ReleaseManager.ts:145:15)

    console.log
         Trigger: automatic (spec-completion)

      at ReleaseManager.executeRelease (src/release/ReleaseManager.ts:146:15)

    console.log
      
      📊 Stage 1: Analyzing changes...

      at ReleaseManager.executeRelease (src/release/ReleaseManager.ts:152:15)

    console.log
      
      📋 Stage 2: Generating release plan...

      at ReleaseManager.executeRelease (src/release/ReleaseManager.ts:171:15)

    console.log
      
      ✅ Stage 3: Validating release plan...

      at ReleaseManager.executeRelease (src/release/ReleaseManager.ts:196:15)

    console.log
      
      📦 Stage 5: Updating package versions...

      at ReleaseManager.executeRelease (src/release/ReleaseManager.ts:243:15)

    console.log
      
      📝 Stage 6: Updating CHANGELOG.md...

      at ReleaseManager.executeRelease (src/release/ReleaseManager.ts:260:15)

    console.log
      
      🏷️  Stage 7: Creating git commit and tag...

      at ReleaseManager.executeRelease (src/release/ReleaseManager.ts:275:15)

    console.log
      
      ✅ Release complete!

      at ReleaseManager.executeRelease (src/release/ReleaseManager.ts:350:15)

    console.log
         Version: 1.1.0

      at ReleaseManager.executeRelease (src/release/ReleaseManager.ts:351:15)

    console.log
         Duration: 0.00s

      at ReleaseManager.executeRelease (src/release/ReleaseManager.ts:352:15)

    console.log
         Stages: 6/6 successful

      at ReleaseManager.executeRelease (src/release/ReleaseManager.ts:353:15)

    console.log
      🚀 Starting release process...

      at ReleaseManager.executeRelease (src/release/ReleaseManager.ts:145:15)

    console.log
         Trigger: automatic (spec-completion)

      at ReleaseManager.executeRelease (src/release/ReleaseManager.ts:146:15)

    console.log
      
      📊 Stage 1: Analyzing changes...

      at ReleaseManager.executeRelease (src/release/ReleaseManager.ts:152:15)

    console.log
      
      📋 Stage 2: Generating release plan...

      at ReleaseManager.executeRelease (src/release/ReleaseManager.ts:171:15)

    console.log
      
      ✅ Stage 3: Validating release plan...

      at ReleaseManager.executeRelease (src/release/ReleaseManager.ts:196:15)

    console.log
      
      📦 Stage 5: Updating package versions...

      at ReleaseManager.executeRelease (src/release/ReleaseManager.ts:243:15)

    console.log
      
      📝 Stage 6: Updating CHANGELOG.md...

      at ReleaseManager.executeRelease (src/release/ReleaseManager.ts:260:15)

    console.log
      
      🏷️  Stage 7: Creating git commit and tag...

      at ReleaseManager.executeRelease (src/release/ReleaseManager.ts:275:15)

    console.log
      
      ⬆️  Stage 8: Pushing to remote...

      at ReleaseManager.executeRelease (src/release/ReleaseManager.ts:293:17)

    console.log
      🚀 Starting release process...

      at ReleaseManager.executeRelease (src/release/ReleaseManager.ts:145:15)

    console.log
         Trigger: automatic (spec-completion)

      at ReleaseManager.executeRelease (src/release/ReleaseManager.ts:146:15)

    console.log
      
      📊 Stage 1: Analyzing changes...

      at ReleaseManager.executeRelease (src/release/ReleaseManager.ts:152:15)

    console.log
      
      ✅ Release complete!

      at ReleaseManager.executeRelease (src/release/ReleaseManager.ts:350:15)

    console.log
         Version: 1.1.0

      at ReleaseManager.executeRelease (src/release/ReleaseManager.ts:351:15)

    console.log
         Duration: 0.01s

      at ReleaseManager.executeRelease (src/release/ReleaseManager.ts:352:15)

    console.log
         Stages: 7/7 successful

      at ReleaseManager.executeRelease (src/release/ReleaseManager.ts:353:15)

    console.log
      
      📋 Stage 2: Generating release plan...

      at ReleaseManager.executeRelease (src/release/ReleaseManager.ts:171:15)

    console.log
      
      ✅ Stage 3: Validating release plan...

      at ReleaseManager.executeRelease (src/release/ReleaseManager.ts:196:15)

    console.log
      
      📦 Stage 5: Updating package versions...

      at ReleaseManager.executeRelease (src/release/ReleaseManager.ts:243:15)

    console.log
      
      🔄 Rolling back pipeline operations...

      at ReleaseManager.rollbackPipeline (src/release/ReleaseManager.ts:681:13)

    console.log
         Failed stages:

      at ReleaseManager.rollbackPipeline (src/release/ReleaseManager.ts:684:13)

    console.log
      
      🔄 Rolling back release operations...

      at ReleaseManager.rollback (src/release/ReleaseManager.ts:645:13)

    console.log
      
      🔄 Starting comprehensive rollback...

      at RollbackCoordinator.executeRollback (src/release/orchestration/ErrorRecovery.ts:770:13)

    console.log
         Components: npm, github, changelog, package-json, git

      at RollbackCoordinator.executeRollback (src/release/orchestration/ErrorRecovery.ts:771:13)

    console.log
      
      🔄 Rolling back npm...

      at RollbackCoordinator.rollbackComponent (src/release/orchestration/ErrorRecovery.ts:834:13)

    console.log
      ✅ Rolled back npm

      at RollbackCoordinator.rollbackComponent (src/release/orchestration/ErrorRecovery.ts:857:15)

    console.log
      
      🔄 Rolling back github...

      at RollbackCoordinator.rollbackComponent (src/release/orchestration/ErrorRecovery.ts:834:13)

    console.log
      ✅ Rolled back github

      at RollbackCoordinator.rollbackComponent (src/release/orchestration/ErrorRecovery.ts:857:15)

    console.log
      
      🔄 Rolling back changelog...

      at RollbackCoordinator.rollbackComponent (src/release/orchestration/ErrorRecovery.ts:834:13)

    console.log
      ✅ Rolled back changelog

      at RollbackCoordinator.rollbackComponent (src/release/orchestration/ErrorRecovery.ts:857:15)

    console.log
      
      🔄 Rolling back package-json...

      at RollbackCoordinator.rollbackComponent (src/release/orchestration/ErrorRecovery.ts:834:13)

    console.log
      ✅ Rolled back package-json

      at RollbackCoordinator.rollbackComponent (src/release/orchestration/ErrorRecovery.ts:857:15)

    console.log
      
      🔄 Rolling back git...

      at RollbackCoordinator.rollbackComponent (src/release/orchestration/ErrorRecovery.ts:834:13)

    console.log
      ✅ Rolled back git

      at RollbackCoordinator.rollbackComponent (src/release/orchestration/ErrorRecovery.ts:857:15)

    console.log
      
      ✅ Rollback complete

      at RollbackCoordinator.executeRollback (src/release/orchestration/ErrorRecovery.ts:803:13)

    console.log
         Duration: 0.00s

      at RollbackCoordinator.executeRollback (src/release/orchestration/ErrorRecovery.ts:804:13)

    console.log
         Rolled back: npm, github, changelog, package-json, git

      at RollbackCoordinator.executeRollback (src/release/orchestration/ErrorRecovery.ts:805:13)

    console.log
      🚀 Starting release process...

      at ReleaseManager.executeRelease (src/release/ReleaseManager.ts:145:15)

    console.log
         Trigger: automatic (spec-completion)

      at ReleaseManager.executeRelease (src/release/ReleaseManager.ts:146:15)

    console.log
      
      📊 Stage 1: Analyzing changes...

      at ReleaseManager.executeRelease (src/release/ReleaseManager.ts:152:15)

    console.log
      
      📋 Stage 2: Generating release plan...

      at ReleaseManager.executeRelease (src/release/ReleaseManager.ts:171:15)

    console.log
      
      ✅ Stage 3: Validating release plan...

      at ReleaseManager.executeRelease (src/release/ReleaseManager.ts:196:15)

    console.log
      
      📦 Stage 5: Updating package versions...

      at ReleaseManager.executeRelease (src/release/ReleaseManager.ts:243:15)

    console.log
      
      📝 Stage 6: Updating CHANGELOG.md...

      at ReleaseManager.executeRelease (src/release/ReleaseManager.ts:260:15)

    console.log
      
      🏷️  Stage 7: Creating git commit and tag...

      at ReleaseManager.executeRelease (src/release/ReleaseManager.ts:275:15)

    console.log
      
      ⬆️  Stage 8: Pushing to remote...

      at ReleaseManager.executeRelease (src/release/ReleaseManager.ts:293:17)

    console.log
      
      ✅ Release complete!

      at ReleaseManager.executeRelease (src/release/ReleaseManager.ts:350:15)

    console.log
         Version: 2.0.0

      at ReleaseManager.executeRelease (src/release/ReleaseManager.ts:351:15)

    console.log
         Duration: 0.00s

      at ReleaseManager.executeRelease (src/release/ReleaseManager.ts:352:15)

    console.log
         Stages: 7/7 successful

      at ReleaseManager.executeRelease (src/release/ReleaseManager.ts:353:15)

    console.log
      🚀 Starting release process...

      at ReleaseManager.executeRelease (src/release/ReleaseManager.ts:145:15)

    console.log
         Trigger: automatic (spec-completion)

      at ReleaseManager.executeRelease (src/release/ReleaseManager.ts:146:15)

    console.log
      
      📊 Stage 1: Analyzing changes...

      at ReleaseManager.executeRelease (src/release/ReleaseManager.ts:152:15)

    console.log
      
      📋 Stage 2: Generating release plan...

      at ReleaseManager.executeRelease (src/release/ReleaseManager.ts:171:15)

    console.log
      
      ✅ Stage 3: Validating release plan...

      at ReleaseManager.executeRelease (src/release/ReleaseManager.ts:196:15)

    console.log
      
      📦 Stage 5: Updating package versions...

      at ReleaseManager.executeRelease (src/release/ReleaseManager.ts:243:15)

    console.log
      
      📝 Stage 6: Updating CHANGELOG.md...

      at ReleaseManager.executeRelease (src/release/ReleaseManager.ts:260:15)

    console.log
      
      🏷️  Stage 7: Creating git commit and tag...

      at ReleaseManager.executeRelease (src/release/ReleaseManager.ts:275:15)

    console.log
      
      ⬆️  Stage 8: Pushing to remote...

      at ReleaseManager.executeRelease (src/release/ReleaseManager.ts:293:17)

    console.log
      
      ✅ Release complete!

      at ReleaseManager.executeRelease (src/release/ReleaseManager.ts:350:15)

    console.log
         Version: 1.0.1

      at ReleaseManager.executeRelease (src/release/ReleaseManager.ts:351:15)

    console.log
         Duration: 0.00s

      at ReleaseManager.executeRelease (src/release/ReleaseManager.ts:352:15)

    console.log
         Stages: 7/7 successful

      at ReleaseManager.executeRelease (src/release/ReleaseManager.ts:353:15)

  ● End-to-End Release Workflow › Edge Cases › should handle concurrent release attempts

    Invalid state transition: Invalid transition from failed to failed

      130 |     const validation = this.validateStateTransition(current.state, newState);
      131 |     if (!validation.valid) {
    > 132 |       throw new Error(`Invalid state transition: ${validation.errors.join(', ')}`);
          |             ^
      133 |     }
      134 |
      135 |     // Record transition

      at WorkflowStateManager.updateState (src/release/orchestration/WorkflowStateManager.ts:132:13)
      at ReleaseManager.executeRelease (src/release/ReleaseManager.ts:380:33)
          at async Promise.all (index 0)
      at Object.<anonymous> (src/release/__tests__/EndToEndWorkflow.integration.test.ts:669:34)

  ● End-to-End Release Workflow › Pipeline State Tracking › should track pipeline state during execution

    expect(received).toBe(expected) // Object.is equality

    Expected: true
    Received: false

      760 |       // Check state during execution
      761 |       state = manager.getPipelineState();
    > 762 |       expect(state.active).toBe(true);
          |                            ^
      763 |       expect(state.context).toBeDefined();
      764 |       expect(state.summary).toBeDefined();
      765 |

      at Object.<anonymous> (src/release/__tests__/EndToEndWorkflow.integration.test.ts:762:28)

PASS src/release/integration/__tests__/CLIBridge.test.ts
(node:70346) [DEP0147] DeprecationWarning: In future versions of Node.js, fs.rmdir(path, { recursive: true }) will be removed. Use fs.rm(path, { recursive: true }) instead
(Use `node --trace-deprecation ...` to show where the warning was created)
PASS src/release/orchestration/__tests__/ErrorRecovery.test.ts
PASS src/build/orchestration/__tests__/ParallelExecutor.integration.test.ts
PASS src/build/orchestration/__tests__/ParallelExecutor.test.ts
PASS src/build/platforms/__tests__/iOSBuilder.test.ts
PASS src/release-analysis/validation/__tests__/AccuracyValidationFramework.test.ts
PASS src/release-analysis/hooks/__tests__/HookIntegration.test.ts
  ● Console

    console.warn
      Failed to cache full results: Error: Failed to cache results: Error: ENOENT: no such file or directory, copyfile '/Users/3fn/Documents/Work Projects/Kiro/DesignerPunk-v2/.kiro/release-analysis/cache/quick-analysis-2025-11-29T20-28-14-984Z.json' -> '/Users/3fn/Documents/Work Projects/Kiro/DesignerPunk-v2/.kiro/release-analysis/cache/latest.json'
          at QuickAnalyzer.cacheFullAnalysis (/Users/3fn/Documents/Work Projects/Kiro/DesignerPunk-v2/src/release-analysis/cli/quick-analyze.ts:405:13)
          at QuickAnalyzer.performQuickAnalysis (/Users/3fn/Documents/Work Projects/Kiro/DesignerPunk-v2/src/release-analysis/cli/quick-analyze.ts:196:25)

      197 |         fullResultCached = true;
      198 |       } catch (error) {
    > 199 |         console.warn('Failed to cache full results:', error);
          |                 ^
      200 |       }
      201 |     }
      202 |     this.performanceMetrics.phaseTimings.caching = Date.now() - cachingStartTime;

      at QuickAnalyzer.performQuickAnalysis (src/release-analysis/cli/quick-analyze.ts:199:17)

    console.warn
      [VALIDATION] Validation failed: Not a Git repository

      348 |                     error.severity === 'medium' ? 'warn' : 'info';
      349 |     
    > 350 |     console[logLevel](`[${error.category.toUpperCase()}] ${error.message}`);
          |                      ^
      351 |     if (error.technicalDetails && error.technicalDetails !== error.message) {
      352 |       console.debug(`Technical details: ${error.technicalDetails}`);
      353 |     }

      at ReleaseAnalysisErrorHandler.logError (src/release-analysis/errors/ErrorHandler.ts:350:22)
      at ReleaseAnalysisErrorHandler.handleValidationError (src/release-analysis/errors/ErrorHandler.ts:134:10)
      at withErrorHandling (src/release-analysis/errors/ErrorHandler.ts:664:29)
      at GitHistoryAnalyzer.findLastRelease (src/release-analysis/git/GitHistoryAnalyzer.ts:83:20)
      at QuickAnalyzer.performQuickAnalysis (src/release-analysis/cli/quick-analyze.ts:158:21)
      at QuickAnalyzer.runQuickAnalysis (src/release-analysis/cli/quick-analyze.ts:111:22)
      at Object.<anonymous> (src/release-analysis/hooks/__tests__/HookIntegration.test.ts:257:22)

    console.debug
      Technical details: Not a Git repository

      at ReleaseAnalysisErrorHandler.logError (src/release-analysis/errors/ErrorHandler.ts:352:15)

    console.info
      [GIT] Git operation failed: Git command failed: git rev-parse HEAD

      at ReleaseAnalysisErrorHandler.logError (src/release-analysis/errors/ErrorHandler.ts:350:22)

    console.debug
      Technical details: Git command failed: git rev-parse HEAD

      at ReleaseAnalysisErrorHandler.logError (src/release-analysis/errors/ErrorHandler.ts:352:15)

    console.warn
      Failed to cache full results: Error: Failed to cache results: Error: EINVAL: invalid argument, copyfile '/Users/3fn/Documents/Work Projects/Kiro/DesignerPunk-v2/.kiro/release-analysis/cache/quick-analysis-2025-11-29T20-28-15-348Z.json' -> '/Users/3fn/Documents/Work Projects/Kiro/DesignerPunk-v2/.kiro/release-analysis/cache/latest.json'
          at QuickAnalyzer.cacheFullAnalysis (/Users/3fn/Documents/Work Projects/Kiro/DesignerPunk-v2/src/release-analysis/cli/quick-analyze.ts:405:13)
          at QuickAnalyzer.performQuickAnalysis (/Users/3fn/Documents/Work Projects/Kiro/DesignerPunk-v2/src/release-analysis/cli/quick-analyze.ts:196:25)
          at QuickAnalyzer.runQuickAnalysis (/Users/3fn/Documents/Work Projects/Kiro/DesignerPunk-v2/src/release-analysis/cli/quick-analyze.ts:111:22)
          at HookIntegrationManager.runQuickAnalysis (/Users/3fn/Documents/Work Projects/Kiro/DesignerPunk-v2/src/release-analysis/hooks/HookIntegrationManager.ts:447:20)
          at async Promise.all (index 1)
          at Object.<anonymous> (/Users/3fn/Documents/Work Projects/Kiro/DesignerPunk-v2/src/release-analysis/hooks/__tests__/HookIntegration.test.ts:376:23)

      197 |         fullResultCached = true;
      198 |       } catch (error) {
    > 199 |         console.warn('Failed to cache full results:', error);
          |                 ^
      200 |       }
      201 |     }
      202 |     this.performanceMetrics.phaseTimings.caching = Date.now() - cachingStartTime;

      at QuickAnalyzer.performQuickAnalysis (src/release-analysis/cli/quick-analyze.ts:199:17)
      at QuickAnalyzer.runQuickAnalysis (src/release-analysis/cli/quick-analyze.ts:111:22)
      at HookIntegrationManager.runQuickAnalysis (src/release-analysis/hooks/HookIntegrationManager.ts:447:20)
          at async Promise.all (index 1)
      at Object.<anonymous> (src/release-analysis/hooks/__tests__/HookIntegration.test.ts:376:23)

PASS src/release-analysis/cli/__tests__/quick-analyze.test.ts
  ● Console

    console.warn
      Failed to cache full results: Error: Failed to cache results: Error: ENOENT: no such file or directory, mkdir '/invalid'
          at QuickAnalyzer.cacheFullAnalysis (/Users/3fn/Documents/Work Projects/Kiro/DesignerPunk-v2/src/release-analysis/cli/quick-analyze.ts:405:13)
          at QuickAnalyzer.performQuickAnalysis (/Users/3fn/Documents/Work Projects/Kiro/DesignerPunk-v2/src/release-analysis/cli/quick-analyze.ts:196:25)
          at QuickAnalyzer.runQuickAnalysis (/Users/3fn/Documents/Work Projects/Kiro/DesignerPunk-v2/src/release-analysis/cli/quick-analyze.ts:111:22)
          at Object.<anonymous> (/Users/3fn/Documents/Work Projects/Kiro/DesignerPunk-v2/src/release-analysis/cli/__tests__/quick-analyze.test.ts:351:22)

      197 |         fullResultCached = true;
      198 |       } catch (error) {
    > 199 |         console.warn('Failed to cache full results:', error);
          |                 ^
      200 |       }
      201 |     }
      202 |     this.performanceMetrics.phaseTimings.caching = Date.now() - cachingStartTime;

      at QuickAnalyzer.performQuickAnalysis (src/release-analysis/cli/quick-analyze.ts:199:17)
      at QuickAnalyzer.runQuickAnalysis (src/release-analysis/cli/quick-analyze.ts:111:22)
      at Object.<anonymous> (src/release-analysis/cli/__tests__/quick-analyze.test.ts:351:22)

PASS src/release/coordination/__tests__/PublishingPlanner.test.ts
  ● Console

    console.log
      Publishing stage 1/2: @designerpunk/tokens

      at PublishingPlanner.executeStagedPublishing (src/release/coordination/PublishingPlanner.ts:187:17)

    console.log
      Publishing stage 2/2: @designerpunk/build-system

      at PublishingPlanner.executeStagedPublishing (src/release/coordination/PublishingPlanner.ts:187:17)

    console.log
      Publishing stage 1/2: @designerpunk/tokens

      at PublishingPlanner.executeStagedPublishing (src/release/coordination/PublishingPlanner.ts:187:17)

    console.warn
      Attempt 1/1 failed for @designerpunk/tokens: Publishing failed

      300 |       } catch (error) {
      301 |         lastError = error instanceof Error ? error : new Error(String(error));
    > 302 |         console.warn(`Attempt ${attempt}/${config.maxAttempts} failed for ${packageName}: ${lastError.message}`);
          |                 ^
      303 |
      304 |         if (attempt < config.maxAttempts) {
      305 |           console.log(`Retrying in ${delay}ms...`);

      at PublishingPlanner.retryPackagePublishing (src/release/coordination/PublishingPlanner.ts:302:17)
      at PublishingPlanner.publishStage (src/release/coordination/PublishingPlanner.ts:385:24)
      at PublishingPlanner.executeStagedPublishing (src/release/coordination/PublishingPlanner.ts:190:30)
      at Object.<anonymous> (src/release/coordination/__tests__/PublishingPlanner.test.ts:284:22)

    console.error
      Stage 1 failed. Failed packages: @designerpunk/tokens

      203 |           failedPackages.push(...failed);
      204 |
    > 205 |           console.error(`Stage ${stage.stage + 1} failed. Failed packages: ${failed.join(', ')}`);
          |                   ^
      206 |
      207 |           // Stop execution and prepare for rollback
      208 |           break;

      at PublishingPlanner.executeStagedPublishing (src/release/coordination/PublishingPlanner.ts:205:19)
      at Object.<anonymous> (src/release/coordination/__tests__/PublishingPlanner.test.ts:284:22)

    console.log
      Publishing stage 1/1: @designerpunk/tokens, @designerpunk/utils

      at PublishingPlanner.executeStagedPublishing (src/release/coordination/PublishingPlanner.ts:187:17)

    console.log
      Rolling back @designerpunk/components...

      at PublishingPlanner.rollbackPublishing (src/release/coordination/PublishingPlanner.ts:256:17)

    console.log
      Rolling back @designerpunk/build-system...

      at PublishingPlanner.rollbackPublishing (src/release/coordination/PublishingPlanner.ts:256:17)

    console.log
      Rolling back @designerpunk/tokens...

      at PublishingPlanner.rollbackPublishing (src/release/coordination/PublishingPlanner.ts:256:17)

    console.log
      Rolling back @designerpunk/build-system...

      at PublishingPlanner.rollbackPublishing (src/release/coordination/PublishingPlanner.ts:256:17)

    console.error
      Failed to rollback @designerpunk/build-system: Rollback failed

      259 |       } catch (error) {
      260 |         const errorMessage = error instanceof Error ? error.message : String(error);
    > 261 |         console.error(`Failed to rollback ${pkg}: ${errorMessage}`);
          |                 ^
      262 |         failedRollbacks.push(pkg);
      263 |         errors.push(`${pkg}: ${errorMessage}`);
      264 |       }

      at PublishingPlanner.rollbackPublishing (src/release/coordination/PublishingPlanner.ts:261:17)
      at Object.<anonymous> (src/release/coordination/__tests__/PublishingPlanner.test.ts:358:22)

    console.log
      Rolling back @designerpunk/tokens...

      at PublishingPlanner.rollbackPublishing (src/release/coordination/PublishingPlanner.ts:256:17)

    console.warn
      Attempt 1/3 failed for @designerpunk/tokens: Publishing failed

      300 |       } catch (error) {
      301 |         lastError = error instanceof Error ? error : new Error(String(error));
    > 302 |         console.warn(`Attempt ${attempt}/${config.maxAttempts} failed for ${packageName}: ${lastError.message}`);
          |                 ^
      303 |
      304 |         if (attempt < config.maxAttempts) {
      305 |           console.log(`Retrying in ${delay}ms...`);

      at PublishingPlanner.retryPackagePublishing (src/release/coordination/PublishingPlanner.ts:302:17)
      at Object.<anonymous> (src/release/coordination/__tests__/PublishingPlanner.test.ts:378:22)

    console.log
      Retrying in 10ms...

      at PublishingPlanner.retryPackagePublishing (src/release/coordination/PublishingPlanner.ts:305:19)

    console.warn
      Attempt 2/3 failed for @designerpunk/tokens: Publishing failed

      300 |       } catch (error) {
      301 |         lastError = error instanceof Error ? error : new Error(String(error));
    > 302 |         console.warn(`Attempt ${attempt}/${config.maxAttempts} failed for ${packageName}: ${lastError.message}`);
          |                 ^
      303 |
      304 |         if (attempt < config.maxAttempts) {
      305 |           console.log(`Retrying in ${delay}ms...`);

      at PublishingPlanner.retryPackagePublishing (src/release/coordination/PublishingPlanner.ts:302:17)
      at Object.<anonymous> (src/release/coordination/__tests__/PublishingPlanner.test.ts:378:22)

    console.log
      Retrying in 20ms...

      at PublishingPlanner.retryPackagePublishing (src/release/coordination/PublishingPlanner.ts:305:19)

    console.warn
      Attempt 1/3 failed for @designerpunk/tokens: Publishing failed

      300 |       } catch (error) {
      301 |         lastError = error instanceof Error ? error : new Error(String(error));
    > 302 |         console.warn(`Attempt ${attempt}/${config.maxAttempts} failed for ${packageName}: ${lastError.message}`);
          |                 ^
      303 |
      304 |         if (attempt < config.maxAttempts) {
      305 |           console.log(`Retrying in ${delay}ms...`);

      at PublishingPlanner.retryPackagePublishing (src/release/coordination/PublishingPlanner.ts:302:17)
      at Object.<anonymous> (src/release/coordination/__tests__/PublishingPlanner.test.ts:396:22)

    console.log
      Retrying in 10ms...

      at PublishingPlanner.retryPackagePublishing (src/release/coordination/PublishingPlanner.ts:305:19)

    console.warn
      Attempt 2/3 failed for @designerpunk/tokens: Publishing failed

      300 |       } catch (error) {
      301 |         lastError = error instanceof Error ? error : new Error(String(error));
    > 302 |         console.warn(`Attempt ${attempt}/${config.maxAttempts} failed for ${packageName}: ${lastError.message}`);
          |                 ^
      303 |
      304 |         if (attempt < config.maxAttempts) {
      305 |           console.log(`Retrying in ${delay}ms...`);

      at PublishingPlanner.retryPackagePublishing (src/release/coordination/PublishingPlanner.ts:302:17)
      at Object.<anonymous> (src/release/coordination/__tests__/PublishingPlanner.test.ts:396:22)

    console.log
      Retrying in 20ms...

      at PublishingPlanner.retryPackagePublishing (src/release/coordination/PublishingPlanner.ts:305:19)

    console.warn
      Attempt 3/3 failed for @designerpunk/tokens: Publishing failed

      300 |       } catch (error) {
      301 |         lastError = error instanceof Error ? error : new Error(String(error));
    > 302 |         console.warn(`Attempt ${attempt}/${config.maxAttempts} failed for ${packageName}: ${lastError.message}`);
          |                 ^
      303 |
      304 |         if (attempt < config.maxAttempts) {
      305 |           console.log(`Retrying in ${delay}ms...`);

      at PublishingPlanner.retryPackagePublishing (src/release/coordination/PublishingPlanner.ts:302:17)
      at Object.<anonymous> (src/release/coordination/__tests__/PublishingPlanner.test.ts:396:22)

    console.warn
      Attempt 1/3 failed for @designerpunk/tokens: Publishing failed

      300 |       } catch (error) {
      301 |         lastError = error instanceof Error ? error : new Error(String(error));
    > 302 |         console.warn(`Attempt ${attempt}/${config.maxAttempts} failed for ${packageName}: ${lastError.message}`);
          |                 ^
      303 |
      304 |         if (attempt < config.maxAttempts) {
      305 |           console.log(`Retrying in ${delay}ms...`);

      at PublishingPlanner.retryPackagePublishing (src/release/coordination/PublishingPlanner.ts:302:17)
      at Object.<anonymous> (src/release/coordination/__tests__/PublishingPlanner.test.ts:414:7)

    console.log
      Retrying in 100ms...

      at PublishingPlanner.retryPackagePublishing (src/release/coordination/PublishingPlanner.ts:305:19)

    console.warn
      Attempt 2/3 failed for @designerpunk/tokens: Publishing failed

      300 |       } catch (error) {
      301 |         lastError = error instanceof Error ? error : new Error(String(error));
    > 302 |         console.warn(`Attempt ${attempt}/${config.maxAttempts} failed for ${packageName}: ${lastError.message}`);
          |                 ^
      303 |
      304 |         if (attempt < config.maxAttempts) {
      305 |           console.log(`Retrying in ${delay}ms...`);

      at PublishingPlanner.retryPackagePublishing (src/release/coordination/PublishingPlanner.ts:302:17)
      at Object.<anonymous> (src/release/coordination/__tests__/PublishingPlanner.test.ts:414:7)

    console.log
      Retrying in 150ms...

      at PublishingPlanner.retryPackagePublishing (src/release/coordination/PublishingPlanner.ts:305:19)

    console.warn
      Attempt 3/3 failed for @designerpunk/tokens: Publishing failed

      300 |       } catch (error) {
      301 |         lastError = error instanceof Error ? error : new Error(String(error));
    > 302 |         console.warn(`Attempt ${attempt}/${config.maxAttempts} failed for ${packageName}: ${lastError.message}`);
          |                 ^
      303 |
      304 |         if (attempt < config.maxAttempts) {
      305 |           console.log(`Retrying in ${delay}ms...`);

      at PublishingPlanner.retryPackagePublishing (src/release/coordination/PublishingPlanner.ts:302:17)
      at Object.<anonymous> (src/release/coordination/__tests__/PublishingPlanner.test.ts:414:7)

PASS src/release-analysis/validation/__tests__/AccuracyRegressionTests.test.ts
PASS src/build/orchestration/__tests__/SequentialExecutor.test.ts
PASS src/build/__tests__/BuildOrchestrator.test.ts
PASS src/release/validation/__tests__/ValidationFramework.test.ts
PASS src/generators/__tests__/TokenFileGenerator.test.ts
PASS src/components/core/Icon/platforms/web/__tests__/Icon.rendering.test.ts
PASS src/tokens/__tests__/ColorTokens.test.ts
PASS src/build/orchestration/__tests__/ProgressTracker.test.ts
PASS src/release-analysis/__tests__/CLIIntegration.test.ts
  ● Console

    console.log
      🔍 Starting release analysis...

      at ReleaseCLI.analyzeChanges (src/release-analysis/cli/ReleaseCLI.ts:50:13)

    console.log
      📋 Loading configuration...

      at src/release-analysis/cli/ReleaseCLI.ts:66:15

    console.log
      🔧 Initializing Git analysis...

      at src/release-analysis/cli/ReleaseCLI.ts:80:15

    console.log
      🎯 Determining analysis scope...

      at src/release-analysis/cli/ReleaseCLI.ts:84:15

    console.log
      📍 No previous release found, analyzing all documents

      at src/release-analysis/cli/ReleaseCLI.ts:138:19

    console.log
      📄 Found 0 completion documents

      at src/release-analysis/cli/ReleaseCLI.ts:148:15

    console.log
      🔍 Extracting changes...

      at src/release-analysis/cli/ReleaseCLI.ts:151:15

    console.log
      🏷️  Calculating version recommendation...

      at src/release-analysis/cli/ReleaseCLI.ts:192:15

    console.warn
      ⚠️  Could not read package.json: "undefined" is not valid JSON

      779 |         }
      780 |       } catch (packageError) {
    > 781 |         console.warn(`⚠️  Could not read package.json: ${packageError instanceof Error ? packageError.message : 'Unknown error'}`);
          |                 ^
      782 |       }
      783 |
      784 |       // Fallback to Git tags (with error handling)

      at src/release-analysis/cli/ReleaseCLI.ts:781:17
      at withErrorHandling (src/release-analysis/errors/ErrorHandler.ts:646:20)
      at ReleaseCLI.getCurrentVersion (src/release-analysis/cli/ReleaseCLI.ts:769:20)
      at src/release-analysis/cli/ReleaseCLI.ts:196:32
      at withErrorHandling (src/release-analysis/errors/ErrorHandler.ts:646:20)
      at ReleaseCLI.analyzeChanges (src/release-analysis/cli/ReleaseCLI.ts:64:20)
      at Object.<anonymous> (src/release-analysis/__tests__/CLIIntegration.test.ts:344:22)

    console.warn
      [VALIDATION] Validation failed: Not a Git repository

      348 |                     error.severity === 'medium' ? 'warn' : 'info';
      349 |     
    > 350 |     console[logLevel](`[${error.category.toUpperCase()}] ${error.message}`);
          |                      ^
      351 |     if (error.technicalDetails && error.technicalDetails !== error.message) {
      352 |       console.debug(`Technical details: ${error.technicalDetails}`);
      353 |     }

      at ReleaseAnalysisErrorHandler.logError (src/release-analysis/errors/ErrorHandler.ts:350:22)
      at ReleaseAnalysisErrorHandler.handleValidationError (src/release-analysis/errors/ErrorHandler.ts:134:10)
      at withErrorHandling (src/release-analysis/errors/ErrorHandler.ts:664:29)
      at GitHistoryAnalyzer.findLastRelease (src/release-analysis/git/GitHistoryAnalyzer.ts:83:20)
      at src/release-analysis/cli/ReleaseCLI.ts:787:29
      at withErrorHandling (src/release-analysis/errors/ErrorHandler.ts:646:20)
      at ReleaseCLI.getCurrentVersion (src/release-analysis/cli/ReleaseCLI.ts:769:20)
      at src/release-analysis/cli/ReleaseCLI.ts:196:32
      at withErrorHandling (src/release-analysis/errors/ErrorHandler.ts:646:20)
      at ReleaseCLI.analyzeChanges (src/release-analysis/cli/ReleaseCLI.ts:64:20)
      at Object.<anonymous> (src/release-analysis/__tests__/CLIIntegration.test.ts:344:22)

    console.debug
      Technical details: Not a Git repository

      at ReleaseAnalysisErrorHandler.logError (src/release-analysis/errors/ErrorHandler.ts:352:15)

    console.log
      📝 Generating release notes...

      at src/release-analysis/cli/ReleaseCLI.ts:213:15

    console.log
      ✅ Analysis complete!

      at ReleaseCLI.analyzeChanges (src/release-analysis/cli/ReleaseCLI.ts:250:15)

    console.log
      
      📊 Error Summary:
         Total Issues: 1
         Critical: 0
         Recoverable: 1
         Warnings: 1
      
      ⚠️  Recoverable Issues:
         1. Validation failed: Not a Git repository
            🔧 Recovery: Continue with reduced confidence (30% reduction)
      
      💡 Recommendations:
         1. Review validation errors and consider manual verification of results

      at ReleaseCLI.analyzeChanges (src/release-analysis/cli/ReleaseCLI.ts:255:17)

    console.log
      🔍 Starting release analysis...

      at ReleaseCLI.analyzeChanges (src/release-analysis/cli/ReleaseCLI.ts:50:13)

    console.log
      📋 Loading configuration...

      at src/release-analysis/cli/ReleaseCLI.ts:66:15

    console.log
      🔧 Initializing Git analysis...

      at src/release-analysis/cli/ReleaseCLI.ts:80:15

    console.log
      🎯 Determining analysis scope...

      at src/release-analysis/cli/ReleaseCLI.ts:84:15

    console.log
      📍 No previous release found, analyzing all documents

      at src/release-analysis/cli/ReleaseCLI.ts:138:19

    console.warn
      [FILESYSTEM] File read failed: Permission denied

      348 |                     error.severity === 'medium' ? 'warn' : 'info';
      349 |     
    > 350 |     console[logLevel](`[${error.category.toUpperCase()}] ${error.message}`);
          |                      ^
      351 |     if (error.technicalDetails && error.technicalDetails !== error.message) {
      352 |       console.debug(`Technical details: ${error.technicalDetails}`);
      353 |     }

      at ReleaseAnalysisErrorHandler.logError (src/release-analysis/errors/ErrorHandler.ts:350:22)
      at ReleaseAnalysisErrorHandler.handleFilesystemError (src/release-analysis/errors/ErrorHandler.ts:197:10)
      at withErrorHandling (src/release-analysis/errors/ErrorHandler.ts:662:29)
      at CompletionDocumentCollector.loadDocuments (src/release-analysis/collection/CompletionDocumentCollector.ts:355:26)
      at CompletionDocumentCollector.collectFromPaths (src/release-analysis/collection/CompletionDocumentCollector.ts:197:31)
      at src/release-analysis/cli/ReleaseCLI.ts:681:34
      at withErrorHandling (src/release-analysis/errors/ErrorHandler.ts:646:20)
      at ReleaseCLI.findAllCompletionDocuments (src/release-analysis/cli/ReleaseCLI.ts:649:20)
      at src/release-analysis/cli/ReleaseCLI.ts:139:32
      at withErrorHandling (src/release-analysis/errors/ErrorHandler.ts:646:20)
      at ReleaseCLI.analyzeChanges (src/release-analysis/cli/ReleaseCLI.ts:64:20)
      at Object.<anonymous> (src/release-analysis/__tests__/CLIIntegration.test.ts:516:22)

    console.debug
      Technical details: Failed to load document .kiro/specs/permission/completion/task-1-completion.md: EACCES: permission denied

      at ReleaseAnalysisErrorHandler.logError (src/release-analysis/errors/ErrorHandler.ts:352:15)

    console.warn
      [FILESYSTEM] File read failed: Permission denied

      348 |                     error.severity === 'medium' ? 'warn' : 'info';
      349 |     
    > 350 |     console[logLevel](`[${error.category.toUpperCase()}] ${error.message}`);
          |                      ^
      351 |     if (error.technicalDetails && error.technicalDetails !== error.message) {
      352 |       console.debug(`Technical details: ${error.technicalDetails}`);
      353 |     }

      at ReleaseAnalysisErrorHandler.logError (src/release-analysis/errors/ErrorHandler.ts:350:22)
      at ReleaseAnalysisErrorHandler.handleFilesystemError (src/release-analysis/errors/ErrorHandler.ts:197:10)
      at withErrorHandling (src/release-analysis/errors/ErrorHandler.ts:662:29)
      at CompletionDocumentCollector.loadDocuments (src/release-analysis/collection/CompletionDocumentCollector.ts:355:26)
      at CompletionDocumentCollector.collectFromPaths (src/release-analysis/collection/CompletionDocumentCollector.ts:197:31)
      at src/release-analysis/cli/ReleaseCLI.ts:681:34
      at withErrorHandling (src/release-analysis/errors/ErrorHandler.ts:646:20)
      at ReleaseCLI.findAllCompletionDocuments (src/release-analysis/cli/ReleaseCLI.ts:649:20)
      at src/release-analysis/cli/ReleaseCLI.ts:139:32
      at withErrorHandling (src/release-analysis/errors/ErrorHandler.ts:646:20)
      at ReleaseCLI.analyzeChanges (src/release-analysis/cli/ReleaseCLI.ts:64:20)
      at Object.<anonymous> (src/release-analysis/__tests__/CLIIntegration.test.ts:516:22)

    console.debug
      Technical details: Failed to load document .kiro/specs/permission/completion/task-1-completion.md: EACCES: permission denied

      at ReleaseAnalysisErrorHandler.logError (src/release-analysis/errors/ErrorHandler.ts:352:15)

    console.warn
      [FILESYSTEM] File read failed: Permission denied

      348 |                     error.severity === 'medium' ? 'warn' : 'info';
      349 |     
    > 350 |     console[logLevel](`[${error.category.toUpperCase()}] ${error.message}`);
          |                      ^
      351 |     if (error.technicalDetails && error.technicalDetails !== error.message) {
      352 |       console.debug(`Technical details: ${error.technicalDetails}`);
      353 |     }

      at ReleaseAnalysisErrorHandler.logError (src/release-analysis/errors/ErrorHandler.ts:350:22)
      at ReleaseAnalysisErrorHandler.handleFilesystemError (src/release-analysis/errors/ErrorHandler.ts:197:10)
      at withErrorHandling (src/release-analysis/errors/ErrorHandler.ts:662:29)
      at CompletionDocumentCollector.loadDocuments (src/release-analysis/collection/CompletionDocumentCollector.ts:355:26)
      at CompletionDocumentCollector.collectFromPaths (src/release-analysis/collection/CompletionDocumentCollector.ts:197:31)
      at src/release-analysis/cli/ReleaseCLI.ts:681:34
      at withErrorHandling (src/release-analysis/errors/ErrorHandler.ts:646:20)
      at ReleaseCLI.findAllCompletionDocuments (src/release-analysis/cli/ReleaseCLI.ts:649:20)
      at src/release-analysis/cli/ReleaseCLI.ts:139:32
      at withErrorHandling (src/release-analysis/errors/ErrorHandler.ts:646:20)
      at ReleaseCLI.analyzeChanges (src/release-analysis/cli/ReleaseCLI.ts:64:20)
      at Object.<anonymous> (src/release-analysis/__tests__/CLIIntegration.test.ts:516:22)

    console.debug
      Technical details: Failed to load document .kiro/specs/permission/completion/task-1-completion.md: EACCES: permission denied

      at ReleaseAnalysisErrorHandler.logError (src/release-analysis/errors/ErrorHandler.ts:352:15)

    console.log
      📄 Found 0 completion documents

      at src/release-analysis/cli/ReleaseCLI.ts:148:15

    console.log
      🔍 Extracting changes...

      at src/release-analysis/cli/ReleaseCLI.ts:151:15

    console.log
      🏷️  Calculating version recommendation...

      at src/release-analysis/cli/ReleaseCLI.ts:192:15

    console.log
      📝 Generating release notes...

      at src/release-analysis/cli/ReleaseCLI.ts:213:15

    console.log
      ✅ Analysis complete!

      at ReleaseCLI.analyzeChanges (src/release-analysis/cli/ReleaseCLI.ts:250:15)

    console.log
      
      📊 Error Summary:
         Total Issues: 3
         Critical: 0
         Recoverable: 3
         Warnings: 3
      
      ⚠️  Recoverable Issues:
         1. File read failed: Permission denied
            🔧 Recovery: Continue without this file
         2. File read failed: Permission denied
            🔧 Recovery: Continue without this file
         3. File read failed: Permission denied
            🔧 Recovery: Continue without this file
      
      💡 Recommendations:
         1. Check file permissions and ensure all required files are accessible

      at ReleaseCLI.analyzeChanges (src/release-analysis/cli/ReleaseCLI.ts:255:17)

    console.log
      🔍 Starting release analysis...

      at ReleaseCLI.analyzeChanges (src/release-analysis/cli/ReleaseCLI.ts:50:13)

    console.log
      📋 Loading configuration...

      at src/release-analysis/cli/ReleaseCLI.ts:66:15

    console.log
      🔧 Initializing Git analysis...

      at src/release-analysis/cli/ReleaseCLI.ts:80:15

    console.log
      🎯 Determining analysis scope...

      at src/release-analysis/cli/ReleaseCLI.ts:84:15

    console.log
      📍 Found last release: v1.0.0

      at src/release-analysis/cli/ReleaseCLI.ts:118:19

    console.log
      📄 Found 0 completion documents

      at src/release-analysis/cli/ReleaseCLI.ts:148:15

    console.log
      🔍 Extracting changes...

      at src/release-analysis/cli/ReleaseCLI.ts:151:15

    console.log
      🏷️  Calculating version recommendation...

      at src/release-analysis/cli/ReleaseCLI.ts:192:15

    console.log
      📝 Generating release notes...

      at src/release-analysis/cli/ReleaseCLI.ts:213:15

    console.log
      ✅ Analysis complete!

      at ReleaseCLI.analyzeChanges (src/release-analysis/cli/ReleaseCLI.ts:250:15)

    console.log
      🔍 Starting release analysis...

      at ReleaseCLI.analyzeChanges (src/release-analysis/cli/ReleaseCLI.ts:50:13)

    console.log
      📋 Loading configuration...

      at src/release-analysis/cli/ReleaseCLI.ts:66:15

    console.log
      🔧 Initializing Git analysis...

      at src/release-analysis/cli/ReleaseCLI.ts:80:15

    console.log
      🎯 Determining analysis scope...

      at src/release-analysis/cli/ReleaseCLI.ts:84:15

    console.log
      📍 No previous release found, analyzing all documents

      at src/release-analysis/cli/ReleaseCLI.ts:138:19

    console.log
      📄 Found 0 completion documents

      at src/release-analysis/cli/ReleaseCLI.ts:148:15

    console.log
      🔍 Extracting changes...

      at src/release-analysis/cli/ReleaseCLI.ts:151:15

    console.log
      🏷️  Calculating version recommendation...

      at src/release-analysis/cli/ReleaseCLI.ts:192:15

    console.warn
      ⚠️  Could not read package.json: "undefined" is not valid JSON

      779 |         }
      780 |       } catch (packageError) {
    > 781 |         console.warn(`⚠️  Could not read package.json: ${packageError instanceof Error ? packageError.message : 'Unknown error'}`);
          |                 ^
      782 |       }
      783 |
      784 |       // Fallback to Git tags (with error handling)

      at src/release-analysis/cli/ReleaseCLI.ts:781:17
      at withErrorHandling (src/release-analysis/errors/ErrorHandler.ts:646:20)
      at ReleaseCLI.getCurrentVersion (src/release-analysis/cli/ReleaseCLI.ts:769:20)
      at src/release-analysis/cli/ReleaseCLI.ts:196:32
      at withErrorHandling (src/release-analysis/errors/ErrorHandler.ts:646:20)
      at ReleaseCLI.analyzeChanges (src/release-analysis/cli/ReleaseCLI.ts:64:20)
      at Object.<anonymous> (src/release-analysis/__tests__/CLIIntegration.test.ts:659:22)

    console.log
      📝 Generating release notes...

      at src/release-analysis/cli/ReleaseCLI.ts:213:15

    console.log
      ✅ Analysis complete!

      at ReleaseCLI.analyzeChanges (src/release-analysis/cli/ReleaseCLI.ts:250:15)

    console.log
      🔍 Starting release analysis...

      at ReleaseCLI.analyzeChanges (src/release-analysis/cli/ReleaseCLI.ts:50:13)

    console.log
      📋 Loading configuration...

      at src/release-analysis/cli/ReleaseCLI.ts:66:15

    console.log
      🔧 Initializing Git analysis...

      at src/release-analysis/cli/ReleaseCLI.ts:80:15

    console.log
      🎯 Determining analysis scope...

      at src/release-analysis/cli/ReleaseCLI.ts:84:15

    console.log
      📍 No previous release found, analyzing all documents

      at src/release-analysis/cli/ReleaseCLI.ts:138:19

    console.log
      📄 Found 0 completion documents

      at src/release-analysis/cli/ReleaseCLI.ts:148:15

    console.log
      🔍 Extracting changes...

      at src/release-analysis/cli/ReleaseCLI.ts:151:15

    console.log
      🏷️  Calculating version recommendation...

      at src/release-analysis/cli/ReleaseCLI.ts:192:15

    console.warn
      ⚠️  Could not read package.json: "undefined" is not valid JSON

      779 |         }
      780 |       } catch (packageError) {
    > 781 |         console.warn(`⚠️  Could not read package.json: ${packageError instanceof Error ? packageError.message : 'Unknown error'}`);
          |                 ^
      782 |       }
      783 |
      784 |       // Fallback to Git tags (with error handling)

      at src/release-analysis/cli/ReleaseCLI.ts:781:17
      at withErrorHandling (src/release-analysis/errors/ErrorHandler.ts:646:20)
      at ReleaseCLI.getCurrentVersion (src/release-analysis/cli/ReleaseCLI.ts:769:20)
      at src/release-analysis/cli/ReleaseCLI.ts:196:32
      at withErrorHandling (src/release-analysis/errors/ErrorHandler.ts:646:20)
      at ReleaseCLI.analyzeChanges (src/release-analysis/cli/ReleaseCLI.ts:64:20)
      at Object.<anonymous> (src/release-analysis/__tests__/CLIIntegration.test.ts:673:22)

    console.log
      📝 Generating release notes...

      at src/release-analysis/cli/ReleaseCLI.ts:213:15

    console.log
      ✅ Analysis complete!

      at ReleaseCLI.analyzeChanges (src/release-analysis/cli/ReleaseCLI.ts:250:15)

PASS src/components/core/Icon/platforms/web/__tests__/Icon.buttonCTA-integration.test.ts
PASS src/release/publishing/__tests__/NpmPublisher.test.ts
PASS src/components/core/ButtonCTA/__tests__/setup.test.ts
PASS src/generators/__tests__/GridSpacingTokenGeneration.test.ts
PASS src/release/orchestration/__tests__/WorkflowStateManager.test.ts
PASS src/generators/__tests__/AccessibilityTokenGeneration.test.ts
PASS src/release-analysis/git/__tests__/GitHistoryAnalyzer.integration.test.ts
  ● Console

    console.log
      ✅ Successfully loaded 1 completion documents

      at GitHistoryAnalyzer.findCompletionDocuments (src/release-analysis/git/GitHistoryAnalyzer.ts:223:15)

    console.warn
      [VALIDATION] Validation failed: Not a Git repository

      348 |                     error.severity === 'medium' ? 'warn' : 'info';
      349 |     
    > 350 |     console[logLevel](`[${error.category.toUpperCase()}] ${error.message}`);
          |                      ^
      351 |     if (error.technicalDetails && error.technicalDetails !== error.message) {
      352 |       console.debug(`Technical details: ${error.technicalDetails}`);
      353 |     }

      at ReleaseAnalysisErrorHandler.logError (src/release-analysis/errors/ErrorHandler.ts:350:22)
      at ReleaseAnalysisErrorHandler.handleValidationError (src/release-analysis/errors/ErrorHandler.ts:134:10)
      at withErrorHandling (src/release-analysis/errors/ErrorHandler.ts:664:29)
      at GitHistoryAnalyzer.findLastRelease (src/release-analysis/git/GitHistoryAnalyzer.ts:83:20)
      at Object.<anonymous> (src/release-analysis/git/__tests__/GitHistoryAnalyzer.integration.test.ts:137:27)

    console.debug
      Technical details: Not a Git repository

      at ReleaseAnalysisErrorHandler.logError (src/release-analysis/errors/ErrorHandler.ts:352:15)

    console.info
      [GIT] Git operation failed: Git command failed: git rev-parse invalid-commit

      at ReleaseAnalysisErrorHandler.logError (src/release-analysis/errors/ErrorHandler.ts:350:22)

    console.debug
      Technical details: Git command failed: git rev-parse invalid-commit

      at ReleaseAnalysisErrorHandler.logError (src/release-analysis/errors/ErrorHandler.ts:352:15)

    console.warn
      Using recovered reference: 9bbb9c9945df452eaab9eacbf2b8895e984bc135

      161 |         const recoveryResult = await gitRecovery.recoverFromInvalidReference(reference);
      162 |         if (recoveryResult.success && recoveryResult.data?.validReference) {
    > 163 |           console.warn(`Using recovered reference: ${recoveryResult.data.validReference}`);
          |                   ^
      164 |           return this.getChangesSince(recoveryResult.data.validReference);
      165 |         } else if (recoveryResult.success && recoveryResult.data?.analyzeAllDocuments) {
      166 |           // Return empty changes to trigger fallback to all documents

      at GitHistoryAnalyzer.getChangesSince (src/release-analysis/git/GitHistoryAnalyzer.ts:163:19)
      at Object.<anonymous> (src/release-analysis/git/__tests__/GitHistoryAnalyzer.integration.test.ts:149:22)

PASS src/generators/__tests__/IconTokenGeneration.test.ts
PASS src/release-analysis/__tests__/ErrorHandlingIntegration.test.ts
  ● Console

    console.log
      🔍 Starting release analysis...

      at ReleaseCLI.analyzeChanges (src/release-analysis/cli/ReleaseCLI.ts:50:13)

    console.log
      📋 Loading configuration...

      at src/release-analysis/cli/ReleaseCLI.ts:66:15

    console.log
      🔧 Initializing Git analysis...

      at src/release-analysis/cli/ReleaseCLI.ts:80:15

    console.log
      🎯 Determining analysis scope...

      at src/release-analysis/cli/ReleaseCLI.ts:84:15

    console.warn
      [VALIDATION] Validation failed: Not a Git repository

      348 |                     error.severity === 'medium' ? 'warn' : 'info';
      349 |     
    > 350 |     console[logLevel](`[${error.category.toUpperCase()}] ${error.message}`);
          |                      ^
      351 |     if (error.technicalDetails && error.technicalDetails !== error.message) {
      352 |       console.debug(`Technical details: ${error.technicalDetails}`);
      353 |     }

      at ReleaseAnalysisErrorHandler.logError (src/release-analysis/errors/ErrorHandler.ts:350:22)
      at ReleaseAnalysisErrorHandler.handleValidationError (src/release-analysis/errors/ErrorHandler.ts:134:10)
      at withErrorHandling (src/release-analysis/errors/ErrorHandler.ts:664:29)
      at GitHistoryAnalyzer.findLastRelease (src/release-analysis/git/GitHistoryAnalyzer.ts:83:20)
      at src/release-analysis/cli/ReleaseCLI.ts:111:25
      at withErrorHandling (src/release-analysis/errors/ErrorHandler.ts:646:20)
      at ReleaseCLI.analyzeChanges (src/release-analysis/cli/ReleaseCLI.ts:64:20)
      at Object.<anonymous> (src/release-analysis/__tests__/ErrorHandlingIntegration.test.ts:97:22)

    console.debug
      Technical details: Not a Git repository

      at ReleaseAnalysisErrorHandler.logError (src/release-analysis/errors/ErrorHandler.ts:352:15)

    console.log
      📍 Found last release: undefined

      at src/release-analysis/cli/ReleaseCLI.ts:118:19

    console.info
      [GIT] Git operation failed: Git command failed: git rev-parse HEAD

      at ReleaseAnalysisErrorHandler.logError (src/release-analysis/errors/ErrorHandler.ts:350:22)

    console.debug
      Technical details: Git command failed: git rev-parse HEAD

      at ReleaseAnalysisErrorHandler.logError (src/release-analysis/errors/ErrorHandler.ts:352:15)

    console.warn
      ⚠️  Git history analysis failed, falling back to all documents: Failed to get changes since undefined: Git operation failed: Git command failed: git rev-parse HEAD

      127 |             };
      128 |           } catch (gitError) {
    > 129 |             console.warn(`⚠️  Git history analysis failed, falling back to all documents: ${gitError instanceof Error ? gitError.message : 'Unknown error'}`);
          |                     ^
      130 |             const allDocuments = await this.findAllCompletionDocuments();
      131 |             analysisScope = {
      132 |               toCommit: 'HEAD',

      at src/release-analysis/cli/ReleaseCLI.ts:129:21
      at withErrorHandling (src/release-analysis/errors/ErrorHandler.ts:646:20)
      at ReleaseCLI.analyzeChanges (src/release-analysis/cli/ReleaseCLI.ts:64:20)
      at Object.<anonymous> (src/release-analysis/__tests__/ErrorHandlingIntegration.test.ts:97:22)

    console.log
      📄 Found 3 completion documents

      at src/release-analysis/cli/ReleaseCLI.ts:148:15

    console.log
      🔍 Extracting changes...

      at src/release-analysis/cli/ReleaseCLI.ts:151:15

    console.log
      🏷️  Calculating version recommendation...

      at src/release-analysis/cli/ReleaseCLI.ts:192:15

    console.log
      📝 Generating release notes...

      at src/release-analysis/cli/ReleaseCLI.ts:213:15

    console.log
      ✅ Analysis complete!

      at ReleaseCLI.analyzeChanges (src/release-analysis/cli/ReleaseCLI.ts:250:15)

    console.log
      
      📊 Error Summary:
         Total Issues: 2
         Critical: 0
         Recoverable: 1
         Warnings: 2
      
      ⚠️  Recoverable Issues:
         1. Validation failed: Not a Git repository
            🔧 Recovery: Continue with reduced confidence (30% reduction)
      
      💡 Recommendations:
         1. Verify Git repository status and ensure all Git operations work correctly
         2. Review validation errors and consider manual verification of results

      at ReleaseCLI.analyzeChanges (src/release-analysis/cli/ReleaseCLI.ts:255:17)

    console.log
      🔍 Starting release analysis...

      at ReleaseCLI.analyzeChanges (src/release-analysis/cli/ReleaseCLI.ts:50:13)

    console.log
      📋 Loading configuration...

      at src/release-analysis/cli/ReleaseCLI.ts:66:15

    console.log
      🔧 Initializing Git analysis...

      at src/release-analysis/cli/ReleaseCLI.ts:80:15

    console.log
      🎯 Determining analysis scope...

      at src/release-analysis/cli/ReleaseCLI.ts:84:15

    console.info
      [GIT] Git operation failed: Git command failed: git tag -l --sort=-version:refname

      at ReleaseAnalysisErrorHandler.logError (src/release-analysis/errors/ErrorHandler.ts:350:22)

    console.debug
      Technical details: Git command failed: git tag -l --sort=-version:refname

      at ReleaseAnalysisErrorHandler.logError (src/release-analysis/errors/ErrorHandler.ts:352:15)

    console.warn
      Git repository access failed: Git operation failed: Git command failed: git tag -l --sort=-version:refname

      112 |     } else {
      113 |       // Log error but return null to allow fallback behavior
    > 114 |       console.warn(`Git repository access failed: ${result.error?.message || 'Unknown error'}`);
          |               ^
      115 |       return null;
      116 |     }
      117 |   }

      at GitHistoryAnalyzer.findLastRelease (src/release-analysis/git/GitHistoryAnalyzer.ts:114:15)
      at src/release-analysis/cli/ReleaseCLI.ts:111:25
      at withErrorHandling (src/release-analysis/errors/ErrorHandler.ts:646:20)
      at ReleaseCLI.analyzeChanges (src/release-analysis/cli/ReleaseCLI.ts:64:20)
      at Object.<anonymous> (src/release-analysis/__tests__/ErrorHandlingIntegration.test.ts:140:22)

    console.log
      📍 No previous release found, analyzing all documents

      at src/release-analysis/cli/ReleaseCLI.ts:138:19

    console.log
      📄 Found 3 completion documents

      at src/release-analysis/cli/ReleaseCLI.ts:148:15

    console.log
      🔍 Extracting changes...

      at src/release-analysis/cli/ReleaseCLI.ts:151:15

    console.log
      🏷️  Calculating version recommendation...

      at src/release-analysis/cli/ReleaseCLI.ts:192:15

    console.log
      📝 Generating release notes...

      at src/release-analysis/cli/ReleaseCLI.ts:213:15

    console.log
      ✅ Analysis complete!

      at ReleaseCLI.analyzeChanges (src/release-analysis/cli/ReleaseCLI.ts:250:15)

    console.log
      
      📊 Error Summary:
         Total Issues: 1
         Critical: 0
         Recoverable: 0
         Warnings: 1
      
      💡 Recommendations:
         1. Verify Git repository status and ensure all Git operations work correctly

      at ReleaseCLI.analyzeChanges (src/release-analysis/cli/ReleaseCLI.ts:255:17)

    console.log
      🔍 Starting release analysis...

      at ReleaseCLI.analyzeChanges (src/release-analysis/cli/ReleaseCLI.ts:50:13)

    console.log
      📋 Loading configuration...

      at src/release-analysis/cli/ReleaseCLI.ts:66:15

    console.log
      🔧 Initializing Git analysis...

      at src/release-analysis/cli/ReleaseCLI.ts:80:15

    console.log
      🎯 Determining analysis scope...

      at src/release-analysis/cli/ReleaseCLI.ts:84:15

    console.warn
      Warning: Could not get commits since nonexistent-tag: Git command failed: git log nonexistent-tag..HEAD --format="%H|%h|%an|%ci|%s" --name-only

      378 |     } catch (error) {
      379 |       // If log fails, return empty array
    > 380 |       console.warn(`Warning: Could not get commits since ${reference}: ${error instanceof Error ? error.message : String(error)}`);
          |               ^
      381 |     }
      382 |     
      383 |     return commits;

      at GitHistoryAnalyzer.getCommitsSince (src/release-analysis/git/GitHistoryAnalyzer.ts:380:15)
      at src/release-analysis/git/GitHistoryAnalyzer.ts:138:34
      at withErrorHandling (src/release-analysis/errors/ErrorHandler.ts:646:26)
      at GitHistoryAnalyzer.getChangesSince (src/release-analysis/git/GitHistoryAnalyzer.ts:133:43)
      at src/release-analysis/cli/ReleaseCLI.ts:90:45
      at withErrorHandling (src/release-analysis/errors/ErrorHandler.ts:646:20)
      at ReleaseCLI.analyzeChanges (src/release-analysis/cli/ReleaseCLI.ts:64:20)
      at Object.<anonymous> (src/release-analysis/__tests__/ErrorHandlingIntegration.test.ts:174:22)

    console.log
      📄 Found 0 completion documents

      at src/release-analysis/cli/ReleaseCLI.ts:148:15

    console.log
      🔍 Extracting changes...

      at src/release-analysis/cli/ReleaseCLI.ts:151:15

    console.log
      🏷️  Calculating version recommendation...

      at src/release-analysis/cli/ReleaseCLI.ts:192:15

    console.log
      📝 Generating release notes...

      at src/release-analysis/cli/ReleaseCLI.ts:213:15

    console.log
      ✅ Analysis complete!

      at ReleaseCLI.analyzeChanges (src/release-analysis/cli/ReleaseCLI.ts:250:15)

    console.log
      🔍 Starting release analysis...

      at ReleaseCLI.analyzeChanges (src/release-analysis/cli/ReleaseCLI.ts:50:13)

    console.log
      📋 Loading configuration...

      at src/release-analysis/cli/ReleaseCLI.ts:66:15

    console.log
      🔧 Initializing Git analysis...

      at src/release-analysis/cli/ReleaseCLI.ts:80:15

    console.log
      🎯 Determining analysis scope...

      at src/release-analysis/cli/ReleaseCLI.ts:84:15

    console.warn
      [VALIDATION] Validation failed: Not a Git repository

      348 |                     error.severity === 'medium' ? 'warn' : 'info';
      349 |     
    > 350 |     console[logLevel](`[${error.category.toUpperCase()}] ${error.message}`);
          |                      ^
      351 |     if (error.technicalDetails && error.technicalDetails !== error.message) {
      352 |       console.debug(`Technical details: ${error.technicalDetails}`);
      353 |     }

      at ReleaseAnalysisErrorHandler.logError (src/release-analysis/errors/ErrorHandler.ts:350:22)
      at ReleaseAnalysisErrorHandler.handleValidationError (src/release-analysis/errors/ErrorHandler.ts:134:10)
      at withErrorHandling (src/release-analysis/errors/ErrorHandler.ts:664:29)
      at GitHistoryAnalyzer.findLastRelease (src/release-analysis/git/GitHistoryAnalyzer.ts:83:20)
      at src/release-analysis/cli/ReleaseCLI.ts:111:25
      at withErrorHandling (src/release-analysis/errors/ErrorHandler.ts:646:20)
      at ReleaseCLI.analyzeChanges (src/release-analysis/cli/ReleaseCLI.ts:64:20)
      at Object.<anonymous> (src/release-analysis/__tests__/ErrorHandlingIntegration.test.ts:207:22)

    console.debug
      Technical details: Not a Git repository

      at ReleaseAnalysisErrorHandler.logError (src/release-analysis/errors/ErrorHandler.ts:352:15)

    console.log
      📍 Found last release: undefined

      at src/release-analysis/cli/ReleaseCLI.ts:118:19

    console.info
      [GIT] Git operation failed: Git command failed: git rev-parse HEAD

      at ReleaseAnalysisErrorHandler.logError (src/release-analysis/errors/ErrorHandler.ts:350:22)

    console.debug
      Technical details: Git command failed: git rev-parse HEAD

      at ReleaseAnalysisErrorHandler.logError (src/release-analysis/errors/ErrorHandler.ts:352:15)

    console.warn
      ⚠️  Git history analysis failed, falling back to all documents: Failed to get changes since undefined: Git operation failed: Git command failed: git rev-parse HEAD

      127 |             };
      128 |           } catch (gitError) {
    > 129 |             console.warn(`⚠️  Git history analysis failed, falling back to all documents: ${gitError instanceof Error ? gitError.message : 'Unknown error'}`);
          |                     ^
      130 |             const allDocuments = await this.findAllCompletionDocuments();
      131 |             analysisScope = {
      132 |               toCommit: 'HEAD',

      at src/release-analysis/cli/ReleaseCLI.ts:129:21
      at withErrorHandling (src/release-analysis/errors/ErrorHandler.ts:646:20)
      at ReleaseCLI.analyzeChanges (src/release-analysis/cli/ReleaseCLI.ts:64:20)
      at Object.<anonymous> (src/release-analysis/__tests__/ErrorHandlingIntegration.test.ts:207:22)

    console.log
      📄 Found 3 completion documents

      at src/release-analysis/cli/ReleaseCLI.ts:148:15

    console.log
      🔍 Extracting changes...

      at src/release-analysis/cli/ReleaseCLI.ts:151:15

    console.log
      🏷️  Calculating version recommendation...

      at src/release-analysis/cli/ReleaseCLI.ts:192:15

    console.log
      📝 Generating release notes...

      at src/release-analysis/cli/ReleaseCLI.ts:213:15

    console.log
      ✅ Analysis complete!

      at ReleaseCLI.analyzeChanges (src/release-analysis/cli/ReleaseCLI.ts:250:15)

    console.log
      
      📊 Error Summary:
         Total Issues: 2
         Critical: 0
         Recoverable: 1
         Warnings: 2
      
      ⚠️  Recoverable Issues:
         1. Validation failed: Not a Git repository
            🔧 Recovery: Continue with reduced confidence (30% reduction)
      
      💡 Recommendations:
         1. Verify Git repository status and ensure all Git operations work correctly
         2. Review validation errors and consider manual verification of results

      at ReleaseCLI.analyzeChanges (src/release-analysis/cli/ReleaseCLI.ts:255:17)

    console.log
      🔍 Starting release analysis...

      at ReleaseCLI.analyzeChanges (src/release-analysis/cli/ReleaseCLI.ts:50:13)

    console.log
      📋 Loading configuration...

      at src/release-analysis/cli/ReleaseCLI.ts:66:15

    console.log
      🔧 Initializing Git analysis...

      at src/release-analysis/cli/ReleaseCLI.ts:80:15

    console.log
      🎯 Determining analysis scope...

      at src/release-analysis/cli/ReleaseCLI.ts:84:15

    console.log
      📍 No previous release found, analyzing all documents

      at src/release-analysis/cli/ReleaseCLI.ts:138:19

    console.warn
      [FILESYSTEM] File read failed: Permission denied

      348 |                     error.severity === 'medium' ? 'warn' : 'info';
      349 |     
    > 350 |     console[logLevel](`[${error.category.toUpperCase()}] ${error.message}`);
          |                      ^
      351 |     if (error.technicalDetails && error.technicalDetails !== error.message) {
      352 |       console.debug(`Technical details: ${error.technicalDetails}`);
      353 |     }

      at ReleaseAnalysisErrorHandler.logError (src/release-analysis/errors/ErrorHandler.ts:350:22)
      at ReleaseAnalysisErrorHandler.handleFilesystemError (src/release-analysis/errors/ErrorHandler.ts:197:10)
      at withErrorHandling (src/release-analysis/errors/ErrorHandler.ts:662:29)
      at CompletionDocumentCollector.loadDocuments (src/release-analysis/collection/CompletionDocumentCollector.ts:355:26)
      at CompletionDocumentCollector.collectFromPaths (src/release-analysis/collection/CompletionDocumentCollector.ts:197:31)
      at src/release-analysis/cli/ReleaseCLI.ts:681:34
      at withErrorHandling (src/release-analysis/errors/ErrorHandler.ts:646:20)
      at ReleaseCLI.findAllCompletionDocuments (src/release-analysis/cli/ReleaseCLI.ts:649:20)
      at src/release-analysis/cli/ReleaseCLI.ts:139:32
      at withErrorHandling (src/release-analysis/errors/ErrorHandler.ts:646:20)
      at ReleaseCLI.analyzeChanges (src/release-analysis/cli/ReleaseCLI.ts:64:20)
      at Object.<anonymous> (src/release-analysis/__tests__/ErrorHandlingIntegration.test.ts:252:22)

    console.debug
      Technical details: Failed to load document .kiro/specs/perm1/completion/task-1-completion.md: EACCES: permission denied, open

      at ReleaseAnalysisErrorHandler.logError (src/release-analysis/errors/ErrorHandler.ts:352:15)

    console.warn
      [FILESYSTEM] File read failed: Permission denied

      348 |                     error.severity === 'medium' ? 'warn' : 'info';
      349 |     
    > 350 |     console[logLevel](`[${error.category.toUpperCase()}] ${error.message}`);
          |                      ^
      351 |     if (error.technicalDetails && error.technicalDetails !== error.message) {
      352 |       console.debug(`Technical details: ${error.technicalDetails}`);
      353 |     }

      at ReleaseAnalysisErrorHandler.logError (src/release-analysis/errors/ErrorHandler.ts:350:22)
      at ReleaseAnalysisErrorHandler.handleFilesystemError (src/release-analysis/errors/ErrorHandler.ts:197:10)
      at withErrorHandling (src/release-analysis/errors/ErrorHandler.ts:662:29)
      at CompletionDocumentCollector.loadDocuments (src/release-analysis/collection/CompletionDocumentCollector.ts:355:26)
      at CompletionDocumentCollector.collectFromPaths (src/release-analysis/collection/CompletionDocumentCollector.ts:197:31)
      at src/release-analysis/cli/ReleaseCLI.ts:681:34
      at withErrorHandling (src/release-analysis/errors/ErrorHandler.ts:646:20)
      at ReleaseCLI.findAllCompletionDocuments (src/release-analysis/cli/ReleaseCLI.ts:649:20)
      at src/release-analysis/cli/ReleaseCLI.ts:139:32
      at withErrorHandling (src/release-analysis/errors/ErrorHandler.ts:646:20)
      at ReleaseCLI.analyzeChanges (src/release-analysis/cli/ReleaseCLI.ts:64:20)
      at Object.<anonymous> (src/release-analysis/__tests__/ErrorHandlingIntegration.test.ts:252:22)

    console.debug
      Technical details: Failed to load document .kiro/specs/perm3/completion/task-3-completion.md: EACCES: permission denied, open

      at ReleaseAnalysisErrorHandler.logError (src/release-analysis/errors/ErrorHandler.ts:352:15)

    console.warn
      [FILESYSTEM] File read failed: Permission denied

      348 |                     error.severity === 'medium' ? 'warn' : 'info';
      349 |     
    > 350 |     console[logLevel](`[${error.category.toUpperCase()}] ${error.message}`);
          |                      ^
      351 |     if (error.technicalDetails && error.technicalDetails !== error.message) {
      352 |       console.debug(`Technical details: ${error.technicalDetails}`);
      353 |     }

      at ReleaseAnalysisErrorHandler.logError (src/release-analysis/errors/ErrorHandler.ts:350:22)
      at ReleaseAnalysisErrorHandler.handleFilesystemError (src/release-analysis/errors/ErrorHandler.ts:197:10)
      at withErrorHandling (src/release-analysis/errors/ErrorHandler.ts:662:29)
      at CompletionDocumentCollector.loadDocuments (src/release-analysis/collection/CompletionDocumentCollector.ts:355:26)
      at CompletionDocumentCollector.collectFromPaths (src/release-analysis/collection/CompletionDocumentCollector.ts:197:31)
      at src/release-analysis/cli/ReleaseCLI.ts:681:34
      at withErrorHandling (src/release-analysis/errors/ErrorHandler.ts:646:20)
      at ReleaseCLI.findAllCompletionDocuments (src/release-analysis/cli/ReleaseCLI.ts:649:20)
      at src/release-analysis/cli/ReleaseCLI.ts:139:32
      at withErrorHandling (src/release-analysis/errors/ErrorHandler.ts:646:20)
      at ReleaseCLI.analyzeChanges (src/release-analysis/cli/ReleaseCLI.ts:64:20)
      at Object.<anonymous> (src/release-analysis/__tests__/ErrorHandlingIntegration.test.ts:252:22)

    console.debug
      Technical details: Failed to load document .kiro/specs/perm1/completion/task-1-completion.md: EACCES: permission denied, open

      at ReleaseAnalysisErrorHandler.logError (src/release-analysis/errors/ErrorHandler.ts:352:15)

    console.warn
      [FILESYSTEM] File read failed: Permission denied

      348 |                     error.severity === 'medium' ? 'warn' : 'info';
      349 |     
    > 350 |     console[logLevel](`[${error.category.toUpperCase()}] ${error.message}`);
          |                      ^
      351 |     if (error.technicalDetails && error.technicalDetails !== error.message) {
      352 |       console.debug(`Technical details: ${error.technicalDetails}`);
      353 |     }

      at ReleaseAnalysisErrorHandler.logError (src/release-analysis/errors/ErrorHandler.ts:350:22)
      at ReleaseAnalysisErrorHandler.handleFilesystemError (src/release-analysis/errors/ErrorHandler.ts:197:10)
      at withErrorHandling (src/release-analysis/errors/ErrorHandler.ts:662:29)
      at CompletionDocumentCollector.loadDocuments (src/release-analysis/collection/CompletionDocumentCollector.ts:355:26)
      at CompletionDocumentCollector.collectFromPaths (src/release-analysis/collection/CompletionDocumentCollector.ts:197:31)
      at src/release-analysis/cli/ReleaseCLI.ts:681:34
      at withErrorHandling (src/release-analysis/errors/ErrorHandler.ts:646:20)
      at ReleaseCLI.findAllCompletionDocuments (src/release-analysis/cli/ReleaseCLI.ts:649:20)
      at src/release-analysis/cli/ReleaseCLI.ts:139:32
      at withErrorHandling (src/release-analysis/errors/ErrorHandler.ts:646:20)
      at ReleaseCLI.analyzeChanges (src/release-analysis/cli/ReleaseCLI.ts:64:20)
      at Object.<anonymous> (src/release-analysis/__tests__/ErrorHandlingIntegration.test.ts:252:22)

    console.debug
      Technical details: Failed to load document .kiro/specs/perm3/completion/task-3-completion.md: EACCES: permission denied, open

      at ReleaseAnalysisErrorHandler.logError (src/release-analysis/errors/ErrorHandler.ts:352:15)

    console.warn
      [FILESYSTEM] File read failed: Permission denied

      348 |                     error.severity === 'medium' ? 'warn' : 'info';
      349 |     
    > 350 |     console[logLevel](`[${error.category.toUpperCase()}] ${error.message}`);
          |                      ^
      351 |     if (error.technicalDetails && error.technicalDetails !== error.message) {
      352 |       console.debug(`Technical details: ${error.technicalDetails}`);
      353 |     }

      at ReleaseAnalysisErrorHandler.logError (src/release-analysis/errors/ErrorHandler.ts:350:22)
      at ReleaseAnalysisErrorHandler.handleFilesystemError (src/release-analysis/errors/ErrorHandler.ts:197:10)
      at withErrorHandling (src/release-analysis/errors/ErrorHandler.ts:662:29)
      at CompletionDocumentCollector.loadDocuments (src/release-analysis/collection/CompletionDocumentCollector.ts:355:26)
      at CompletionDocumentCollector.collectFromPaths (src/release-analysis/collection/CompletionDocumentCollector.ts:197:31)
      at src/release-analysis/cli/ReleaseCLI.ts:681:34
      at withErrorHandling (src/release-analysis/errors/ErrorHandler.ts:646:20)
      at ReleaseCLI.findAllCompletionDocuments (src/release-analysis/cli/ReleaseCLI.ts:649:20)
      at src/release-analysis/cli/ReleaseCLI.ts:139:32
      at withErrorHandling (src/release-analysis/errors/ErrorHandler.ts:646:20)
      at ReleaseCLI.analyzeChanges (src/release-analysis/cli/ReleaseCLI.ts:64:20)
      at Object.<anonymous> (src/release-analysis/__tests__/ErrorHandlingIntegration.test.ts:252:22)

    console.debug
      Technical details: Failed to load document .kiro/specs/perm1/completion/task-1-completion.md: EACCES: permission denied, open

      at ReleaseAnalysisErrorHandler.logError (src/release-analysis/errors/ErrorHandler.ts:352:15)

    console.warn
      [FILESYSTEM] File read failed: Permission denied

      348 |                     error.severity === 'medium' ? 'warn' : 'info';
      349 |     
    > 350 |     console[logLevel](`[${error.category.toUpperCase()}] ${error.message}`);
          |                      ^
      351 |     if (error.technicalDetails && error.technicalDetails !== error.message) {
      352 |       console.debug(`Technical details: ${error.technicalDetails}`);
      353 |     }

      at ReleaseAnalysisErrorHandler.logError (src/release-analysis/errors/ErrorHandler.ts:350:22)
      at ReleaseAnalysisErrorHandler.handleFilesystemError (src/release-analysis/errors/ErrorHandler.ts:197:10)
      at withErrorHandling (src/release-analysis/errors/ErrorHandler.ts:662:29)
      at CompletionDocumentCollector.loadDocuments (src/release-analysis/collection/CompletionDocumentCollector.ts:355:26)
      at CompletionDocumentCollector.collectFromPaths (src/release-analysis/collection/CompletionDocumentCollector.ts:197:31)
      at src/release-analysis/cli/ReleaseCLI.ts:681:34
      at withErrorHandling (src/release-analysis/errors/ErrorHandler.ts:646:20)
      at ReleaseCLI.findAllCompletionDocuments (src/release-analysis/cli/ReleaseCLI.ts:649:20)
      at src/release-analysis/cli/ReleaseCLI.ts:139:32
      at withErrorHandling (src/release-analysis/errors/ErrorHandler.ts:646:20)
      at ReleaseCLI.analyzeChanges (src/release-analysis/cli/ReleaseCLI.ts:64:20)
      at Object.<anonymous> (src/release-analysis/__tests__/ErrorHandlingIntegration.test.ts:252:22)

    console.debug
      Technical details: Failed to load document .kiro/specs/perm3/completion/task-3-completion.md: EACCES: permission denied, open

      at ReleaseAnalysisErrorHandler.logError (src/release-analysis/errors/ErrorHandler.ts:352:15)

    console.log
      📄 Found 3 completion documents

      at src/release-analysis/cli/ReleaseCLI.ts:148:15

    console.log
      🔍 Extracting changes...

      at src/release-analysis/cli/ReleaseCLI.ts:151:15

    console.log
      🏷️  Calculating version recommendation...

      at src/release-analysis/cli/ReleaseCLI.ts:192:15

    console.log
      📝 Generating release notes...

      at src/release-analysis/cli/ReleaseCLI.ts:213:15

    console.log
      ✅ Analysis complete!

      at ReleaseCLI.analyzeChanges (src/release-analysis/cli/ReleaseCLI.ts:250:15)

    console.log
      
      📊 Error Summary:
         Total Issues: 6
         Critical: 0
         Recoverable: 6
         Warnings: 6
      
      ⚠️  Recoverable Issues:
         1. File read failed: Permission denied
            🔧 Recovery: Continue without this file
         2. File read failed: Permission denied
            🔧 Recovery: Continue without this file
         3. File read failed: Permission denied
            🔧 Recovery: Continue without this file
         4. File read failed: Permission denied
            🔧 Recovery: Continue without this file
         5. File read failed: Permission denied
            🔧 Recovery: Continue without this file
         6. File read failed: Permission denied
            🔧 Recovery: Continue without this file
      
      💡 Recommendations:
         1. Check file permissions and ensure all required files are accessible
         2. Consider running analysis with verbose logging to identify patterns in errors

      at ReleaseCLI.analyzeChanges (src/release-analysis/cli/ReleaseCLI.ts:255:17)

    console.log
      🔍 Starting release analysis...

      at ReleaseCLI.analyzeChanges (src/release-analysis/cli/ReleaseCLI.ts:50:13)

    console.log
      📋 Loading configuration...

      at src/release-analysis/cli/ReleaseCLI.ts:66:15

    console.log
      🔧 Initializing Git analysis...

      at src/release-analysis/cli/ReleaseCLI.ts:80:15

    console.log
      🎯 Determining analysis scope...

      at src/release-analysis/cli/ReleaseCLI.ts:84:15

    console.log
      📍 No previous release found, analyzing all documents

      at src/release-analysis/cli/ReleaseCLI.ts:138:19

    console.warn
      [VALIDATION] Validation failed: Failed to load document .kiro/specs/diskspace/completion/task-1-completion.md: ENOSPC: no space left on device

      348 |                     error.severity === 'medium' ? 'warn' : 'info';
      349 |     
    > 350 |     console[logLevel](`[${error.category.toUpperCase()}] ${error.message}`);
          |                      ^
      351 |     if (error.technicalDetails && error.technicalDetails !== error.message) {
      352 |       console.debug(`Technical details: ${error.technicalDetails}`);
      353 |     }

      at ReleaseAnalysisErrorHandler.logError (src/release-analysis/errors/ErrorHandler.ts:350:22)
      at ReleaseAnalysisErrorHandler.handleValidationError (src/release-analysis/errors/ErrorHandler.ts:134:10)
      at withErrorHandling (src/release-analysis/errors/ErrorHandler.ts:664:29)
      at CompletionDocumentCollector.loadDocuments (src/release-analysis/collection/CompletionDocumentCollector.ts:355:26)
      at CompletionDocumentCollector.collectFromPaths (src/release-analysis/collection/CompletionDocumentCollector.ts:197:31)
      at src/release-analysis/cli/ReleaseCLI.ts:681:34
      at withErrorHandling (src/release-analysis/errors/ErrorHandler.ts:646:20)
      at ReleaseCLI.findAllCompletionDocuments (src/release-analysis/cli/ReleaseCLI.ts:649:20)
      at src/release-analysis/cli/ReleaseCLI.ts:139:32
      at withErrorHandling (src/release-analysis/errors/ErrorHandler.ts:646:20)
      at ReleaseCLI.analyzeChanges (src/release-analysis/cli/ReleaseCLI.ts:64:20)
      at Object.<anonymous> (src/release-analysis/__tests__/ErrorHandlingIntegration.test.ts:286:22)

    console.debug
      Technical details: Failed to load document .kiro/specs/diskspace/completion/task-1-completion.md: ENOSPC: no space left on device

      at ReleaseAnalysisErrorHandler.logError (src/release-analysis/errors/ErrorHandler.ts:352:15)

    console.warn
      [VALIDATION] Validation failed: Failed to load document .kiro/specs/diskspace/completion/task-1-completion.md: ENOSPC: no space left on device

      348 |                     error.severity === 'medium' ? 'warn' : 'info';
      349 |     
    > 350 |     console[logLevel](`[${error.category.toUpperCase()}] ${error.message}`);
          |                      ^
      351 |     if (error.technicalDetails && error.technicalDetails !== error.message) {
      352 |       console.debug(`Technical details: ${error.technicalDetails}`);
      353 |     }

      at ReleaseAnalysisErrorHandler.logError (src/release-analysis/errors/ErrorHandler.ts:350:22)
      at ReleaseAnalysisErrorHandler.handleValidationError (src/release-analysis/errors/ErrorHandler.ts:134:10)
      at withErrorHandling (src/release-analysis/errors/ErrorHandler.ts:664:29)
      at CompletionDocumentCollector.loadDocuments (src/release-analysis/collection/CompletionDocumentCollector.ts:355:26)
      at CompletionDocumentCollector.collectFromPaths (src/release-analysis/collection/CompletionDocumentCollector.ts:197:31)
      at src/release-analysis/cli/ReleaseCLI.ts:681:34
      at withErrorHandling (src/release-analysis/errors/ErrorHandler.ts:646:20)
      at ReleaseCLI.findAllCompletionDocuments (src/release-analysis/cli/ReleaseCLI.ts:649:20)
      at src/release-analysis/cli/ReleaseCLI.ts:139:32
      at withErrorHandling (src/release-analysis/errors/ErrorHandler.ts:646:20)
      at ReleaseCLI.analyzeChanges (src/release-analysis/cli/ReleaseCLI.ts:64:20)
      at Object.<anonymous> (src/release-analysis/__tests__/ErrorHandlingIntegration.test.ts:286:22)

    console.debug
      Technical details: Failed to load document .kiro/specs/diskspace/completion/task-1-completion.md: ENOSPC: no space left on device

      at ReleaseAnalysisErrorHandler.logError (src/release-analysis/errors/ErrorHandler.ts:352:15)

    console.warn
      [VALIDATION] Validation failed: Failed to load document .kiro/specs/diskspace/completion/task-1-completion.md: ENOSPC: no space left on device

      348 |                     error.severity === 'medium' ? 'warn' : 'info';
      349 |     
    > 350 |     console[logLevel](`[${error.category.toUpperCase()}] ${error.message}`);
          |                      ^
      351 |     if (error.technicalDetails && error.technicalDetails !== error.message) {
      352 |       console.debug(`Technical details: ${error.technicalDetails}`);
      353 |     }

      at ReleaseAnalysisErrorHandler.logError (src/release-analysis/errors/ErrorHandler.ts:350:22)
      at ReleaseAnalysisErrorHandler.handleValidationError (src/release-analysis/errors/ErrorHandler.ts:134:10)
      at withErrorHandling (src/release-analysis/errors/ErrorHandler.ts:664:29)
      at CompletionDocumentCollector.loadDocuments (src/release-analysis/collection/CompletionDocumentCollector.ts:355:26)
      at CompletionDocumentCollector.collectFromPaths (src/release-analysis/collection/CompletionDocumentCollector.ts:197:31)
      at src/release-analysis/cli/ReleaseCLI.ts:681:34
      at withErrorHandling (src/release-analysis/errors/ErrorHandler.ts:646:20)
      at ReleaseCLI.findAllCompletionDocuments (src/release-analysis/cli/ReleaseCLI.ts:649:20)
      at src/release-analysis/cli/ReleaseCLI.ts:139:32
      at withErrorHandling (src/release-analysis/errors/ErrorHandler.ts:646:20)
      at ReleaseCLI.analyzeChanges (src/release-analysis/cli/ReleaseCLI.ts:64:20)
      at Object.<anonymous> (src/release-analysis/__tests__/ErrorHandlingIntegration.test.ts:286:22)

    console.debug
      Technical details: Failed to load document .kiro/specs/diskspace/completion/task-1-completion.md: ENOSPC: no space left on device

      at ReleaseAnalysisErrorHandler.logError (src/release-analysis/errors/ErrorHandler.ts:352:15)

    console.log
      📄 Found 0 completion documents

      at src/release-analysis/cli/ReleaseCLI.ts:148:15

    console.log
      🔍 Extracting changes...

      at src/release-analysis/cli/ReleaseCLI.ts:151:15

    console.log
      🏷️  Calculating version recommendation...

      at src/release-analysis/cli/ReleaseCLI.ts:192:15

    console.log
      📝 Generating release notes...

      at src/release-analysis/cli/ReleaseCLI.ts:213:15

    console.log
      ✅ Analysis complete!

      at ReleaseCLI.analyzeChanges (src/release-analysis/cli/ReleaseCLI.ts:250:15)

    console.log
      
      📊 Error Summary:
         Total Issues: 3
         Critical: 0
         Recoverable: 3
         Warnings: 3
      
      ⚠️  Recoverable Issues:
         1. Validation failed: Failed to load document .kiro/specs/diskspace/completion/task-1-completion.md: ENOSPC: no space left on device
            🔧 Recovery: Continue with reduced confidence (30% reduction)
         2. Validation failed: Failed to load document .kiro/specs/diskspace/completion/task-1-completion.md: ENOSPC: no space left on device
            🔧 Recovery: Continue with reduced confidence (30% reduction)
         3. Validation failed: Failed to load document .kiro/specs/diskspace/completion/task-1-completion.md: ENOSPC: no space left on device
            🔧 Recovery: Continue with reduced confidence (30% reduction)
      
      💡 Recommendations:
         1. Review validation errors and consider manual verification of results

      at ReleaseCLI.analyzeChanges (src/release-analysis/cli/ReleaseCLI.ts:255:17)

    console.log
      🔍 Starting release analysis...

      at ReleaseCLI.analyzeChanges (src/release-analysis/cli/ReleaseCLI.ts:50:13)

    console.log
      📋 Loading configuration...

      at src/release-analysis/cli/ReleaseCLI.ts:66:15

    console.log
      🔧 Initializing Git analysis...

      at src/release-analysis/cli/ReleaseCLI.ts:80:15

    console.log
      🎯 Determining analysis scope...

      at src/release-analysis/cli/ReleaseCLI.ts:84:15

    console.log
      📍 No previous release found, analyzing all documents

      at src/release-analysis/cli/ReleaseCLI.ts:138:19

    console.warn
      [VALIDATION] Validation failed: Failed to load document .kiro/specs/timeout1/completion/task-1-completion.md: ETIMEDOUT: operation timed out

      348 |                     error.severity === 'medium' ? 'warn' : 'info';
      349 |     
    > 350 |     console[logLevel](`[${error.category.toUpperCase()}] ${error.message}`);
          |                      ^
      351 |     if (error.technicalDetails && error.technicalDetails !== error.message) {
      352 |       console.debug(`Technical details: ${error.technicalDetails}`);
      353 |     }

      at ReleaseAnalysisErrorHandler.logError (src/release-analysis/errors/ErrorHandler.ts:350:22)
      at ReleaseAnalysisErrorHandler.handleValidationError (src/release-analysis/errors/ErrorHandler.ts:134:10)
      at withErrorHandling (src/release-analysis/errors/ErrorHandler.ts:664:29)
      at CompletionDocumentCollector.loadDocuments (src/release-analysis/collection/CompletionDocumentCollector.ts:355:26)
      at CompletionDocumentCollector.collectFromPaths (src/release-analysis/collection/CompletionDocumentCollector.ts:197:31)
      at src/release-analysis/cli/ReleaseCLI.ts:681:34
      at withErrorHandling (src/release-analysis/errors/ErrorHandler.ts:646:20)
      at ReleaseCLI.findAllCompletionDocuments (src/release-analysis/cli/ReleaseCLI.ts:649:20)
      at src/release-analysis/cli/ReleaseCLI.ts:139:32
      at withErrorHandling (src/release-analysis/errors/ErrorHandler.ts:646:20)
      at ReleaseCLI.analyzeChanges (src/release-analysis/cli/ReleaseCLI.ts:64:20)
      at Object.<anonymous> (src/release-analysis/__tests__/ErrorHandlingIntegration.test.ts:329:22)

    console.debug
      Technical details: Failed to load document .kiro/specs/timeout1/completion/task-1-completion.md: ETIMEDOUT: operation timed out

      at ReleaseAnalysisErrorHandler.logError (src/release-analysis/errors/ErrorHandler.ts:352:15)

    console.log
      📄 Found 0 completion documents

      at src/release-analysis/cli/ReleaseCLI.ts:148:15

    console.log
      🔍 Extracting changes...

      at src/release-analysis/cli/ReleaseCLI.ts:151:15

    console.log
      🏷️  Calculating version recommendation...

      at src/release-analysis/cli/ReleaseCLI.ts:192:15

    console.log
      📝 Generating release notes...

      at src/release-analysis/cli/ReleaseCLI.ts:213:15

    console.log
      ✅ Analysis complete!

      at ReleaseCLI.analyzeChanges (src/release-analysis/cli/ReleaseCLI.ts:250:15)

    console.log
      
      📊 Error Summary:
         Total Issues: 1
         Critical: 0
         Recoverable: 1
         Warnings: 1
      
      ⚠️  Recoverable Issues:
         1. Validation failed: Failed to load document .kiro/specs/timeout1/completion/task-1-completion.md: ETIMEDOUT: operation timed out
            🔧 Recovery: Continue with reduced confidence (30% reduction)
      
      💡 Recommendations:
         1. Review validation errors and consider manual verification of results

      at ReleaseCLI.analyzeChanges (src/release-analysis/cli/ReleaseCLI.ts:255:17)

    console.log
      🔍 Starting release analysis...

      at ReleaseCLI.analyzeChanges (src/release-analysis/cli/ReleaseCLI.ts:50:13)

    console.log
      📋 Loading configuration...

      at src/release-analysis/cli/ReleaseCLI.ts:66:15

    console.log
      🔧 Initializing Git analysis...

      at src/release-analysis/cli/ReleaseCLI.ts:80:15

    console.log
      🎯 Determining analysis scope...

      at src/release-analysis/cli/ReleaseCLI.ts:84:15

    console.log
      📍 No previous release found, analyzing all documents

      at src/release-analysis/cli/ReleaseCLI.ts:138:19

    console.log
      📄 Found 6 completion documents

      at src/release-analysis/cli/ReleaseCLI.ts:148:15

    console.log
      🔍 Extracting changes...

      at src/release-analysis/cli/ReleaseCLI.ts:151:15

    console.log
      🏷️  Calculating version recommendation...

      at src/release-analysis/cli/ReleaseCLI.ts:192:15

    console.log
      📝 Generating release notes...

      at src/release-analysis/cli/ReleaseCLI.ts:213:15

    console.log
      ✅ Analysis complete!

      at ReleaseCLI.analyzeChanges (src/release-analysis/cli/ReleaseCLI.ts:250:15)

    console.log
      🔍 Starting release analysis...

      at ReleaseCLI.analyzeChanges (src/release-analysis/cli/ReleaseCLI.ts:50:13)

    console.log
      📋 Loading configuration...

      at src/release-analysis/cli/ReleaseCLI.ts:66:15

    console.log
      🔧 Initializing Git analysis...

      at src/release-analysis/cli/ReleaseCLI.ts:80:15

    console.log
      🎯 Determining analysis scope...

      at src/release-analysis/cli/ReleaseCLI.ts:84:15

    console.log
      📍 No previous release found, analyzing all documents

      at src/release-analysis/cli/ReleaseCLI.ts:138:19

    console.log
      📄 Found 3 completion documents

      at src/release-analysis/cli/ReleaseCLI.ts:148:15

    console.log
      🔍 Extracting changes...

      at src/release-analysis/cli/ReleaseCLI.ts:151:15

    console.log
      🏷️  Calculating version recommendation...

      at src/release-analysis/cli/ReleaseCLI.ts:192:15

    console.log
      📝 Generating release notes...

      at src/release-analysis/cli/ReleaseCLI.ts:213:15

    console.log
      ✅ Analysis complete!

      at ReleaseCLI.analyzeChanges (src/release-analysis/cli/ReleaseCLI.ts:250:15)

    console.log
      🔍 Starting release analysis...

      at ReleaseCLI.analyzeChanges (src/release-analysis/cli/ReleaseCLI.ts:50:13)

    console.log
      📋 Loading configuration...

      at src/release-analysis/cli/ReleaseCLI.ts:66:15

    console.log
      🔧 Initializing Git analysis...

      at src/release-analysis/cli/ReleaseCLI.ts:80:15

    console.log
      🎯 Determining analysis scope...

      at src/release-analysis/cli/ReleaseCLI.ts:84:15

    console.log
      📍 No previous release found, analyzing all documents

      at src/release-analysis/cli/ReleaseCLI.ts:138:19

    console.log
      📄 Found 3 completion documents

      at src/release-analysis/cli/ReleaseCLI.ts:148:15

    console.log
      🔍 Extracting changes...

      at src/release-analysis/cli/ReleaseCLI.ts:151:15

    console.log
      🏷️  Calculating version recommendation...

      at src/release-analysis/cli/ReleaseCLI.ts:192:15

    console.log
      📝 Generating release notes...

      at src/release-analysis/cli/ReleaseCLI.ts:213:15

    console.log
      ✅ Analysis complete!

      at ReleaseCLI.analyzeChanges (src/release-analysis/cli/ReleaseCLI.ts:250:15)

    console.log
      🔍 Starting release analysis...

      at ReleaseCLI.analyzeChanges (src/release-analysis/cli/ReleaseCLI.ts:50:13)

    console.log
      📋 Loading configuration...

      at src/release-analysis/cli/ReleaseCLI.ts:66:15

    console.log
      🔧 Initializing Git analysis...

      at src/release-analysis/cli/ReleaseCLI.ts:80:15

    console.log
      🎯 Determining analysis scope...

      at src/release-analysis/cli/ReleaseCLI.ts:84:15

    console.log
      📍 No previous release found, analyzing all documents

      at src/release-analysis/cli/ReleaseCLI.ts:138:19

    console.log
      📄 Found 3 completion documents

      at src/release-analysis/cli/ReleaseCLI.ts:148:15

    console.log
      🔍 Extracting changes...

      at src/release-analysis/cli/ReleaseCLI.ts:151:15

    console.log
      🏷️  Calculating version recommendation...

      at src/release-analysis/cli/ReleaseCLI.ts:192:15

    console.log
      📝 Generating release notes...

      at src/release-analysis/cli/ReleaseCLI.ts:213:15

    console.log
      ✅ Analysis complete!

      at ReleaseCLI.analyzeChanges (src/release-analysis/cli/ReleaseCLI.ts:250:15)

    console.log
      🔍 Starting release analysis...

      at ReleaseCLI.analyzeChanges (src/release-analysis/cli/ReleaseCLI.ts:50:13)

    console.log
      📋 Loading configuration...

      at src/release-analysis/cli/ReleaseCLI.ts:66:15

    console.log
      🔧 Initializing Git analysis...

      at src/release-analysis/cli/ReleaseCLI.ts:80:15

    console.log
      🎯 Determining analysis scope...

      at src/release-analysis/cli/ReleaseCLI.ts:84:15

    console.warn
      [VALIDATION] Validation failed: Not a Git repository

      348 |                     error.severity === 'medium' ? 'warn' : 'info';
      349 |     
    > 350 |     console[logLevel](`[${error.category.toUpperCase()}] ${error.message}`);
          |                      ^
      351 |     if (error.technicalDetails && error.technicalDetails !== error.message) {
      352 |       console.debug(`Technical details: ${error.technicalDetails}`);
      353 |     }

      at ReleaseAnalysisErrorHandler.logError (src/release-analysis/errors/ErrorHandler.ts:350:22)
      at ReleaseAnalysisErrorHandler.handleValidationError (src/release-analysis/errors/ErrorHandler.ts:134:10)
      at withErrorHandling (src/release-analysis/errors/ErrorHandler.ts:664:29)
      at GitHistoryAnalyzer.findLastRelease (src/release-analysis/git/GitHistoryAnalyzer.ts:83:20)
      at src/release-analysis/cli/ReleaseCLI.ts:111:25
      at withErrorHandling (src/release-analysis/errors/ErrorHandler.ts:646:20)
      at ReleaseCLI.analyzeChanges (src/release-analysis/cli/ReleaseCLI.ts:64:20)
      at Object.<anonymous> (src/release-analysis/__tests__/ErrorHandlingIntegration.test.ts:494:22)

    console.debug
      Technical details: Not a Git repository

      at ReleaseAnalysisErrorHandler.logError (src/release-analysis/errors/ErrorHandler.ts:352:15)

    console.log
      📍 Found last release: undefined

      at src/release-analysis/cli/ReleaseCLI.ts:118:19

    console.info
      [GIT] Git operation failed: Git command failed: git rev-parse HEAD

      at ReleaseAnalysisErrorHandler.logError (src/release-analysis/errors/ErrorHandler.ts:350:22)

    console.debug
      Technical details: Git command failed: git rev-parse HEAD

      at ReleaseAnalysisErrorHandler.logError (src/release-analysis/errors/ErrorHandler.ts:352:15)

    console.warn
      ⚠️  Git history analysis failed, falling back to all documents: Failed to get changes since undefined: Git operation failed: Git command failed: git rev-parse HEAD

      127 |             };
      128 |           } catch (gitError) {
    > 129 |             console.warn(`⚠️  Git history analysis failed, falling back to all documents: ${gitError instanceof Error ? gitError.message : 'Unknown error'}`);
          |                     ^
      130 |             const allDocuments = await this.findAllCompletionDocuments();
      131 |             analysisScope = {
      132 |               toCommit: 'HEAD',

      at src/release-analysis/cli/ReleaseCLI.ts:129:21
      at withErrorHandling (src/release-analysis/errors/ErrorHandler.ts:646:20)
      at ReleaseCLI.analyzeChanges (src/release-analysis/cli/ReleaseCLI.ts:64:20)
      at Object.<anonymous> (src/release-analysis/__tests__/ErrorHandlingIntegration.test.ts:494:22)

    console.log
      📄 Found 3 completion documents

      at src/release-analysis/cli/ReleaseCLI.ts:148:15

    console.log
      🔍 Extracting changes...

      at src/release-analysis/cli/ReleaseCLI.ts:151:15

    console.log
      🏷️  Calculating version recommendation...

      at src/release-analysis/cli/ReleaseCLI.ts:192:15

    console.log
      📝 Generating release notes...

      at src/release-analysis/cli/ReleaseCLI.ts:213:15

    console.log
      ✅ Analysis complete!

      at ReleaseCLI.analyzeChanges (src/release-analysis/cli/ReleaseCLI.ts:250:15)

    console.log
      
      📊 Error Summary:
         Total Issues: 2
         Critical: 0
         Recoverable: 1
         Warnings: 2
      
      ⚠️  Recoverable Issues:
         1. Validation failed: Not a Git repository
            🔧 Recovery: Continue with reduced confidence (30% reduction)
      
      💡 Recommendations:
         1. Verify Git repository status and ensure all Git operations work correctly
         2. Review validation errors and consider manual verification of results

      at ReleaseCLI.analyzeChanges (src/release-analysis/cli/ReleaseCLI.ts:255:17)

    console.log
      🔍 Starting release analysis...

      at ReleaseCLI.analyzeChanges (src/release-analysis/cli/ReleaseCLI.ts:50:13)

    console.log
      📋 Loading configuration...

      at src/release-analysis/cli/ReleaseCLI.ts:66:15

    console.log
      🔧 Initializing Git analysis...

      at src/release-analysis/cli/ReleaseCLI.ts:80:15

    console.log
      🎯 Determining analysis scope...

      at src/release-analysis/cli/ReleaseCLI.ts:84:15

    console.warn
      [VALIDATION] Validation failed: Not a Git repository

      348 |                     error.severity === 'medium' ? 'warn' : 'info';
      349 |     
    > 350 |     console[logLevel](`[${error.category.toUpperCase()}] ${error.message}`);
          |                      ^
      351 |     if (error.technicalDetails && error.technicalDetails !== error.message) {
      352 |       console.debug(`Technical details: ${error.technicalDetails}`);
      353 |     }

      at ReleaseAnalysisErrorHandler.logError (src/release-analysis/errors/ErrorHandler.ts:350:22)
      at ReleaseAnalysisErrorHandler.handleValidationError (src/release-analysis/errors/ErrorHandler.ts:134:10)
      at withErrorHandling (src/release-analysis/errors/ErrorHandler.ts:664:29)
      at GitHistoryAnalyzer.findLastRelease (src/release-analysis/git/GitHistoryAnalyzer.ts:83:20)
      at src/release-analysis/cli/ReleaseCLI.ts:111:25
      at withErrorHandling (src/release-analysis/errors/ErrorHandler.ts:646:20)
      at ReleaseCLI.analyzeChanges (src/release-analysis/cli/ReleaseCLI.ts:64:20)
      at Object.<anonymous> (src/release-analysis/__tests__/ErrorHandlingIntegration.test.ts:510:22)

    console.debug
      Technical details: Not a Git repository

      at ReleaseAnalysisErrorHandler.logError (src/release-analysis/errors/ErrorHandler.ts:352:15)

    console.log
      📍 Found last release: undefined

      at src/release-analysis/cli/ReleaseCLI.ts:118:19

    console.info
      [GIT] Git operation failed: Git command failed: git rev-parse HEAD

      at ReleaseAnalysisErrorHandler.logError (src/release-analysis/errors/ErrorHandler.ts:350:22)

    console.debug
      Technical details: Git command failed: git rev-parse HEAD

      at ReleaseAnalysisErrorHandler.logError (src/release-analysis/errors/ErrorHandler.ts:352:15)

    console.warn
      ⚠️  Git history analysis failed, falling back to all documents: Failed to get changes since undefined: Git operation failed: Git command failed: git rev-parse HEAD

      127 |             };
      128 |           } catch (gitError) {
    > 129 |             console.warn(`⚠️  Git history analysis failed, falling back to all documents: ${gitError instanceof Error ? gitError.message : 'Unknown error'}`);
          |                     ^
      130 |             const allDocuments = await this.findAllCompletionDocuments();
      131 |             analysisScope = {
      132 |               toCommit: 'HEAD',

      at src/release-analysis/cli/ReleaseCLI.ts:129:21
      at withErrorHandling (src/release-analysis/errors/ErrorHandler.ts:646:20)
      at ReleaseCLI.analyzeChanges (src/release-analysis/cli/ReleaseCLI.ts:64:20)
      at Object.<anonymous> (src/release-analysis/__tests__/ErrorHandlingIntegration.test.ts:510:22)

    console.log
      📄 Found 0 completion documents

      at src/release-analysis/cli/ReleaseCLI.ts:148:15

    console.log
      🔍 Extracting changes...

      at src/release-analysis/cli/ReleaseCLI.ts:151:15

    console.log
      🏷️  Calculating version recommendation...

      at src/release-analysis/cli/ReleaseCLI.ts:192:15

    console.log
      📝 Generating release notes...

      at src/release-analysis/cli/ReleaseCLI.ts:213:15

    console.log
      ✅ Analysis complete!

      at ReleaseCLI.analyzeChanges (src/release-analysis/cli/ReleaseCLI.ts:250:15)

    console.log
      
      📊 Error Summary:
         Total Issues: 2
         Critical: 0
         Recoverable: 1
         Warnings: 2
      
      ⚠️  Recoverable Issues:
         1. Validation failed: Not a Git repository
            🔧 Recovery: Continue with reduced confidence (30% reduction)
      
      💡 Recommendations:
         1. Verify Git repository status and ensure all Git operations work correctly
         2. Review validation errors and consider manual verification of results

      at ReleaseCLI.analyzeChanges (src/release-analysis/cli/ReleaseCLI.ts:255:17)

    console.log
      🔍 Starting release analysis...

      at ReleaseCLI.analyzeChanges (src/release-analysis/cli/ReleaseCLI.ts:50:13)

    console.log
      📋 Loading configuration...

      at src/release-analysis/cli/ReleaseCLI.ts:66:15

    console.log
      🔧 Initializing Git analysis...

      at src/release-analysis/cli/ReleaseCLI.ts:80:15

    console.log
      🎯 Determining analysis scope...

      at src/release-analysis/cli/ReleaseCLI.ts:84:15

    console.log
      📍 No previous release found, analyzing all documents

      at src/release-analysis/cli/ReleaseCLI.ts:138:19

    console.warn
      [VALIDATION] Validation failed: Failed to load document .kiro/specs/exception/completion/task-1-completion.md: Unexpected system error during stat operation

      348 |                     error.severity === 'medium' ? 'warn' : 'info';
      349 |     
    > 350 |     console[logLevel](`[${error.category.toUpperCase()}] ${error.message}`);
          |                      ^
      351 |     if (error.technicalDetails && error.technicalDetails !== error.message) {
      352 |       console.debug(`Technical details: ${error.technicalDetails}`);
      353 |     }

      at ReleaseAnalysisErrorHandler.logError (src/release-analysis/errors/ErrorHandler.ts:350:22)
      at ReleaseAnalysisErrorHandler.handleValidationError (src/release-analysis/errors/ErrorHandler.ts:134:10)
      at withErrorHandling (src/release-analysis/errors/ErrorHandler.ts:664:29)
      at CompletionDocumentCollector.loadDocuments (src/release-analysis/collection/CompletionDocumentCollector.ts:355:26)
      at CompletionDocumentCollector.collectFromPaths (src/release-analysis/collection/CompletionDocumentCollector.ts:197:31)
      at src/release-analysis/cli/ReleaseCLI.ts:681:34
      at withErrorHandling (src/release-analysis/errors/ErrorHandler.ts:646:20)
      at ReleaseCLI.findAllCompletionDocuments (src/release-analysis/cli/ReleaseCLI.ts:649:20)
      at src/release-analysis/cli/ReleaseCLI.ts:139:32
      at withErrorHandling (src/release-analysis/errors/ErrorHandler.ts:646:20)
      at ReleaseCLI.analyzeChanges (src/release-analysis/cli/ReleaseCLI.ts:64:20)
      at Object.<anonymous> (src/release-analysis/__tests__/ErrorHandlingIntegration.test.ts:536:22)

    console.debug
      Technical details: Failed to load document .kiro/specs/exception/completion/task-1-completion.md: Unexpected system error during stat operation

      at ReleaseAnalysisErrorHandler.logError (src/release-analysis/errors/ErrorHandler.ts:352:15)

    console.warn
      [VALIDATION] Validation failed: Failed to load document .kiro/specs/exception/completion/task-1-completion.md: Unexpected system error during stat operation

      348 |                     error.severity === 'medium' ? 'warn' : 'info';
      349 |     
    > 350 |     console[logLevel](`[${error.category.toUpperCase()}] ${error.message}`);
          |                      ^
      351 |     if (error.technicalDetails && error.technicalDetails !== error.message) {
      352 |       console.debug(`Technical details: ${error.technicalDetails}`);
      353 |     }

      at ReleaseAnalysisErrorHandler.logError (src/release-analysis/errors/ErrorHandler.ts:350:22)
      at ReleaseAnalysisErrorHandler.handleValidationError (src/release-analysis/errors/ErrorHandler.ts:134:10)
      at withErrorHandling (src/release-analysis/errors/ErrorHandler.ts:664:29)
      at CompletionDocumentCollector.loadDocuments (src/release-analysis/collection/CompletionDocumentCollector.ts:355:26)
      at CompletionDocumentCollector.collectFromPaths (src/release-analysis/collection/CompletionDocumentCollector.ts:197:31)
      at src/release-analysis/cli/ReleaseCLI.ts:681:34
      at withErrorHandling (src/release-analysis/errors/ErrorHandler.ts:646:20)
      at ReleaseCLI.findAllCompletionDocuments (src/release-analysis/cli/ReleaseCLI.ts:649:20)
      at src/release-analysis/cli/ReleaseCLI.ts:139:32
      at withErrorHandling (src/release-analysis/errors/ErrorHandler.ts:646:20)
      at ReleaseCLI.analyzeChanges (src/release-analysis/cli/ReleaseCLI.ts:64:20)
      at Object.<anonymous> (src/release-analysis/__tests__/ErrorHandlingIntegration.test.ts:536:22)

    console.debug
      Technical details: Failed to load document .kiro/specs/exception/completion/task-1-completion.md: Unexpected system error during stat operation

      at ReleaseAnalysisErrorHandler.logError (src/release-analysis/errors/ErrorHandler.ts:352:15)

    console.warn
      [VALIDATION] Validation failed: Failed to load document .kiro/specs/exception/completion/task-1-completion.md: Unexpected system error during stat operation

      348 |                     error.severity === 'medium' ? 'warn' : 'info';
      349 |     
    > 350 |     console[logLevel](`[${error.category.toUpperCase()}] ${error.message}`);
          |                      ^
      351 |     if (error.technicalDetails && error.technicalDetails !== error.message) {
      352 |       console.debug(`Technical details: ${error.technicalDetails}`);
      353 |     }

      at ReleaseAnalysisErrorHandler.logError (src/release-analysis/errors/ErrorHandler.ts:350:22)
      at ReleaseAnalysisErrorHandler.handleValidationError (src/release-analysis/errors/ErrorHandler.ts:134:10)
      at withErrorHandling (src/release-analysis/errors/ErrorHandler.ts:664:29)
      at CompletionDocumentCollector.loadDocuments (src/release-analysis/collection/CompletionDocumentCollector.ts:355:26)
      at CompletionDocumentCollector.collectFromPaths (src/release-analysis/collection/CompletionDocumentCollector.ts:197:31)
      at src/release-analysis/cli/ReleaseCLI.ts:681:34
      at withErrorHandling (src/release-analysis/errors/ErrorHandler.ts:646:20)
      at ReleaseCLI.findAllCompletionDocuments (src/release-analysis/cli/ReleaseCLI.ts:649:20)
      at src/release-analysis/cli/ReleaseCLI.ts:139:32
      at withErrorHandling (src/release-analysis/errors/ErrorHandler.ts:646:20)
      at ReleaseCLI.analyzeChanges (src/release-analysis/cli/ReleaseCLI.ts:64:20)
      at Object.<anonymous> (src/release-analysis/__tests__/ErrorHandlingIntegration.test.ts:536:22)

    console.debug
      Technical details: Failed to load document .kiro/specs/exception/completion/task-1-completion.md: Unexpected system error during stat operation

      at ReleaseAnalysisErrorHandler.logError (src/release-analysis/errors/ErrorHandler.ts:352:15)

    console.log
      📄 Found 0 completion documents

      at src/release-analysis/cli/ReleaseCLI.ts:148:15

    console.log
      🔍 Extracting changes...

      at src/release-analysis/cli/ReleaseCLI.ts:151:15

    console.log
      🏷️  Calculating version recommendation...

      at src/release-analysis/cli/ReleaseCLI.ts:192:15

    console.log
      📝 Generating release notes...

      at src/release-analysis/cli/ReleaseCLI.ts:213:15

    console.log
      ✅ Analysis complete!

      at ReleaseCLI.analyzeChanges (src/release-analysis/cli/ReleaseCLI.ts:250:15)

    console.log
      
      📊 Error Summary:
         Total Issues: 3
         Critical: 0
         Recoverable: 3
         Warnings: 3
      
      ⚠️  Recoverable Issues:
         1. Validation failed: Failed to load document .kiro/specs/exception/completion/task-1-completion.md: Unexpected system error during stat operation
            🔧 Recovery: Continue with reduced confidence (30% reduction)
         2. Validation failed: Failed to load document .kiro/specs/exception/completion/task-1-completion.md: Unexpected system error during stat operation
            🔧 Recovery: Continue with reduced confidence (30% reduction)
         3. Validation failed: Failed to load document .kiro/specs/exception/completion/task-1-completion.md: Unexpected system error during stat operation
            🔧 Recovery: Continue with reduced confidence (30% reduction)
      
      💡 Recommendations:
         1. Review validation errors and consider manual verification of results

      at ReleaseCLI.analyzeChanges (src/release-analysis/cli/ReleaseCLI.ts:255:17)

    console.log
      🔍 Starting release analysis...

      at ReleaseCLI.analyzeChanges (src/release-analysis/cli/ReleaseCLI.ts:50:13)

    console.log
      📋 Loading configuration...

      at src/release-analysis/cli/ReleaseCLI.ts:66:15

    console.log
      🔧 Initializing Git analysis...

      at src/release-analysis/cli/ReleaseCLI.ts:80:15

    console.log
      🎯 Determining analysis scope...

      at src/release-analysis/cli/ReleaseCLI.ts:84:15

    console.log
      📍 No previous release found, analyzing all documents

      at src/release-analysis/cli/ReleaseCLI.ts:138:19

    console.warn
      [VALIDATION] Validation failed: Failed to load document .kiro/specs/error1/completion/task-1-completion.md: File read error

      348 |                     error.severity === 'medium' ? 'warn' : 'info';
      349 |     
    > 350 |     console[logLevel](`[${error.category.toUpperCase()}] ${error.message}`);
          |                      ^
      351 |     if (error.technicalDetails && error.technicalDetails !== error.message) {
      352 |       console.debug(`Technical details: ${error.technicalDetails}`);
      353 |     }

      at ReleaseAnalysisErrorHandler.logError (src/release-analysis/errors/ErrorHandler.ts:350:22)
      at ReleaseAnalysisErrorHandler.handleValidationError (src/release-analysis/errors/ErrorHandler.ts:134:10)
      at withErrorHandling (src/release-analysis/errors/ErrorHandler.ts:664:29)
      at CompletionDocumentCollector.loadDocuments (src/release-analysis/collection/CompletionDocumentCollector.ts:355:26)
      at CompletionDocumentCollector.collectFromPaths (src/release-analysis/collection/CompletionDocumentCollector.ts:197:31)
      at src/release-analysis/cli/ReleaseCLI.ts:681:34
      at withErrorHandling (src/release-analysis/errors/ErrorHandler.ts:646:20)
      at ReleaseCLI.findAllCompletionDocuments (src/release-analysis/cli/ReleaseCLI.ts:649:20)
      at src/release-analysis/cli/ReleaseCLI.ts:139:32
      at withErrorHandling (src/release-analysis/errors/ErrorHandler.ts:646:20)
      at ReleaseCLI.analyzeChanges (src/release-analysis/cli/ReleaseCLI.ts:64:20)
      at Object.<anonymous> (src/release-analysis/__tests__/ErrorHandlingIntegration.test.ts:579:22)

    console.debug
      Technical details: Failed to load document .kiro/specs/error1/completion/task-1-completion.md: File read error

      at ReleaseAnalysisErrorHandler.logError (src/release-analysis/errors/ErrorHandler.ts:352:15)

    console.warn
      [VALIDATION] Validation failed: Failed to load document .kiro/specs/error1/completion/task-1-completion.md: File read error

      348 |                     error.severity === 'medium' ? 'warn' : 'info';
      349 |     
    > 350 |     console[logLevel](`[${error.category.toUpperCase()}] ${error.message}`);
          |                      ^
      351 |     if (error.technicalDetails && error.technicalDetails !== error.message) {
      352 |       console.debug(`Technical details: ${error.technicalDetails}`);
      353 |     }

      at ReleaseAnalysisErrorHandler.logError (src/release-analysis/errors/ErrorHandler.ts:350:22)
      at ReleaseAnalysisErrorHandler.handleValidationError (src/release-analysis/errors/ErrorHandler.ts:134:10)
      at withErrorHandling (src/release-analysis/errors/ErrorHandler.ts:664:29)
      at CompletionDocumentCollector.loadDocuments (src/release-analysis/collection/CompletionDocumentCollector.ts:355:26)
      at CompletionDocumentCollector.collectFromPaths (src/release-analysis/collection/CompletionDocumentCollector.ts:197:31)
      at src/release-analysis/cli/ReleaseCLI.ts:681:34
      at withErrorHandling (src/release-analysis/errors/ErrorHandler.ts:646:20)
      at ReleaseCLI.findAllCompletionDocuments (src/release-analysis/cli/ReleaseCLI.ts:649:20)
      at src/release-analysis/cli/ReleaseCLI.ts:139:32
      at withErrorHandling (src/release-analysis/errors/ErrorHandler.ts:646:20)
      at ReleaseCLI.analyzeChanges (src/release-analysis/cli/ReleaseCLI.ts:64:20)
      at Object.<anonymous> (src/release-analysis/__tests__/ErrorHandlingIntegration.test.ts:579:22)

    console.debug
      Technical details: Failed to load document .kiro/specs/error1/completion/task-1-completion.md: File read error

      at ReleaseAnalysisErrorHandler.logError (src/release-analysis/errors/ErrorHandler.ts:352:15)

    console.warn
      [VALIDATION] Validation failed: Failed to load document .kiro/specs/error1/completion/task-1-completion.md: File read error

      348 |                     error.severity === 'medium' ? 'warn' : 'info';
      349 |     
    > 350 |     console[logLevel](`[${error.category.toUpperCase()}] ${error.message}`);
          |                      ^
      351 |     if (error.technicalDetails && error.technicalDetails !== error.message) {
      352 |       console.debug(`Technical details: ${error.technicalDetails}`);
      353 |     }

      at ReleaseAnalysisErrorHandler.logError (src/release-analysis/errors/ErrorHandler.ts:350:22)
      at ReleaseAnalysisErrorHandler.handleValidationError (src/release-analysis/errors/ErrorHandler.ts:134:10)
      at withErrorHandling (src/release-analysis/errors/ErrorHandler.ts:664:29)
      at CompletionDocumentCollector.loadDocuments (src/release-analysis/collection/CompletionDocumentCollector.ts:355:26)
      at CompletionDocumentCollector.collectFromPaths (src/release-analysis/collection/CompletionDocumentCollector.ts:197:31)
      at src/release-analysis/cli/ReleaseCLI.ts:681:34
      at withErrorHandling (src/release-analysis/errors/ErrorHandler.ts:646:20)
      at ReleaseCLI.findAllCompletionDocuments (src/release-analysis/cli/ReleaseCLI.ts:649:20)
      at src/release-analysis/cli/ReleaseCLI.ts:139:32
      at withErrorHandling (src/release-analysis/errors/ErrorHandler.ts:646:20)
      at ReleaseCLI.analyzeChanges (src/release-analysis/cli/ReleaseCLI.ts:64:20)
      at Object.<anonymous> (src/release-analysis/__tests__/ErrorHandlingIntegration.test.ts:579:22)

    console.debug
      Technical details: Failed to load document .kiro/specs/error1/completion/task-1-completion.md: File read error

      at ReleaseAnalysisErrorHandler.logError (src/release-analysis/errors/ErrorHandler.ts:352:15)

    console.log
      📄 Found 0 completion documents

      at src/release-analysis/cli/ReleaseCLI.ts:148:15

    console.log
      🔍 Extracting changes...

      at src/release-analysis/cli/ReleaseCLI.ts:151:15

    console.log
      🏷️  Calculating version recommendation...

      at src/release-analysis/cli/ReleaseCLI.ts:192:15

    console.log
      📝 Generating release notes...

      at src/release-analysis/cli/ReleaseCLI.ts:213:15

    console.log
      ✅ Analysis complete!

      at ReleaseCLI.analyzeChanges (src/release-analysis/cli/ReleaseCLI.ts:250:15)

    console.log
      
      📊 Error Summary:
         Total Issues: 3
         Critical: 0
         Recoverable: 3
         Warnings: 3
      
      ⚠️  Recoverable Issues:
         1. Validation failed: Failed to load document .kiro/specs/error1/completion/task-1-completion.md: File read error
            🔧 Recovery: Continue with reduced confidence (30% reduction)
         2. Validation failed: Failed to load document .kiro/specs/error1/completion/task-1-completion.md: File read error
            🔧 Recovery: Continue with reduced confidence (30% reduction)
         3. Validation failed: Failed to load document .kiro/specs/error1/completion/task-1-completion.md: File read error
            🔧 Recovery: Continue with reduced confidence (30% reduction)
      
      💡 Recommendations:
         1. Review validation errors and consider manual verification of results

      at ReleaseCLI.analyzeChanges (src/release-analysis/cli/ReleaseCLI.ts:255:17)

    console.log
      🔍 Starting release analysis...

      at ReleaseCLI.analyzeChanges (src/release-analysis/cli/ReleaseCLI.ts:50:13)

    console.log
      📋 Loading configuration...

      at src/release-analysis/cli/ReleaseCLI.ts:66:15

    console.log
      🔧 Initializing Git analysis...

      at src/release-analysis/cli/ReleaseCLI.ts:80:15

    console.log
      🎯 Determining analysis scope...

      at src/release-analysis/cli/ReleaseCLI.ts:84:15

    console.log
      📍 No previous release found, analyzing all documents

      at src/release-analysis/cli/ReleaseCLI.ts:138:19

    console.warn
      [VALIDATION] Validation failed: Failed to load document .kiro/specs/recovery1/completion/task-1-completion.md: Temporary file lock

      348 |                     error.severity === 'medium' ? 'warn' : 'info';
      349 |     
    > 350 |     console[logLevel](`[${error.category.toUpperCase()}] ${error.message}`);
          |                      ^
      351 |     if (error.technicalDetails && error.technicalDetails !== error.message) {
      352 |       console.debug(`Technical details: ${error.technicalDetails}`);
      353 |     }

      at ReleaseAnalysisErrorHandler.logError (src/release-analysis/errors/ErrorHandler.ts:350:22)
      at ReleaseAnalysisErrorHandler.handleValidationError (src/release-analysis/errors/ErrorHandler.ts:134:10)
      at withErrorHandling (src/release-analysis/errors/ErrorHandler.ts:664:29)
      at CompletionDocumentCollector.loadDocuments (src/release-analysis/collection/CompletionDocumentCollector.ts:355:26)
      at CompletionDocumentCollector.collectFromPaths (src/release-analysis/collection/CompletionDocumentCollector.ts:197:31)
      at src/release-analysis/cli/ReleaseCLI.ts:681:34
      at withErrorHandling (src/release-analysis/errors/ErrorHandler.ts:646:20)
      at ReleaseCLI.findAllCompletionDocuments (src/release-analysis/cli/ReleaseCLI.ts:649:20)
      at src/release-analysis/cli/ReleaseCLI.ts:139:32
      at withErrorHandling (src/release-analysis/errors/ErrorHandler.ts:646:20)
      at ReleaseCLI.analyzeChanges (src/release-analysis/cli/ReleaseCLI.ts:64:20)
      at Object.<anonymous> (src/release-analysis/__tests__/ErrorHandlingIntegration.test.ts:634:22)

    console.debug
      Technical details: Failed to load document .kiro/specs/recovery1/completion/task-1-completion.md: Temporary file lock

      at ReleaseAnalysisErrorHandler.logError (src/release-analysis/errors/ErrorHandler.ts:352:15)

    console.warn
      [FILESYSTEM] File read failed: Failed to load document .kiro/specs/recovery2/completion/task-2-completion.md: Permanent permission error

      348 |                     error.severity === 'medium' ? 'warn' : 'info';
      349 |     
    > 350 |     console[logLevel](`[${error.category.toUpperCase()}] ${error.message}`);
          |                      ^
      351 |     if (error.technicalDetails && error.technicalDetails !== error.message) {
      352 |       console.debug(`Technical details: ${error.technicalDetails}`);
      353 |     }

      at ReleaseAnalysisErrorHandler.logError (src/release-analysis/errors/ErrorHandler.ts:350:22)
      at ReleaseAnalysisErrorHandler.handleFilesystemError (src/release-analysis/errors/ErrorHandler.ts:197:10)
      at withErrorHandling (src/release-analysis/errors/ErrorHandler.ts:662:29)
      at CompletionDocumentCollector.loadDocuments (src/release-analysis/collection/CompletionDocumentCollector.ts:355:26)
      at CompletionDocumentCollector.collectFromPaths (src/release-analysis/collection/CompletionDocumentCollector.ts:197:31)
      at src/release-analysis/cli/ReleaseCLI.ts:681:34
      at withErrorHandling (src/release-analysis/errors/ErrorHandler.ts:646:20)
      at ReleaseCLI.findAllCompletionDocuments (src/release-analysis/cli/ReleaseCLI.ts:649:20)
      at src/release-analysis/cli/ReleaseCLI.ts:139:32
      at withErrorHandling (src/release-analysis/errors/ErrorHandler.ts:646:20)
      at ReleaseCLI.analyzeChanges (src/release-analysis/cli/ReleaseCLI.ts:64:20)
      at Object.<anonymous> (src/release-analysis/__tests__/ErrorHandlingIntegration.test.ts:634:22)

    console.debug
      Technical details: Failed to load document .kiro/specs/recovery2/completion/task-2-completion.md: Permanent permission error

      at ReleaseAnalysisErrorHandler.logError (src/release-analysis/errors/ErrorHandler.ts:352:15)

    console.warn
      [FILESYSTEM] File read failed: Failed to load document .kiro/specs/recovery2/completion/task-2-completion.md: Permanent permission error

      348 |                     error.severity === 'medium' ? 'warn' : 'info';
      349 |     
    > 350 |     console[logLevel](`[${error.category.toUpperCase()}] ${error.message}`);
          |                      ^
      351 |     if (error.technicalDetails && error.technicalDetails !== error.message) {
      352 |       console.debug(`Technical details: ${error.technicalDetails}`);
      353 |     }

      at ReleaseAnalysisErrorHandler.logError (src/release-analysis/errors/ErrorHandler.ts:350:22)
      at ReleaseAnalysisErrorHandler.handleFilesystemError (src/release-analysis/errors/ErrorHandler.ts:197:10)
      at withErrorHandling (src/release-analysis/errors/ErrorHandler.ts:662:29)
      at CompletionDocumentCollector.loadDocuments (src/release-analysis/collection/CompletionDocumentCollector.ts:355:26)
      at CompletionDocumentCollector.collectFromPaths (src/release-analysis/collection/CompletionDocumentCollector.ts:197:31)
      at src/release-analysis/cli/ReleaseCLI.ts:681:34
      at withErrorHandling (src/release-analysis/errors/ErrorHandler.ts:646:20)
      at ReleaseCLI.findAllCompletionDocuments (src/release-analysis/cli/ReleaseCLI.ts:649:20)
      at src/release-analysis/cli/ReleaseCLI.ts:139:32
      at withErrorHandling (src/release-analysis/errors/ErrorHandler.ts:646:20)
      at ReleaseCLI.analyzeChanges (src/release-analysis/cli/ReleaseCLI.ts:64:20)
      at Object.<anonymous> (src/release-analysis/__tests__/ErrorHandlingIntegration.test.ts:634:22)

    console.debug
      Technical details: Failed to load document .kiro/specs/recovery2/completion/task-2-completion.md: Permanent permission error

      at ReleaseAnalysisErrorHandler.logError (src/release-analysis/errors/ErrorHandler.ts:352:15)

    console.warn
      [FILESYSTEM] File read failed: Failed to load document .kiro/specs/recovery2/completion/task-2-completion.md: Permanent permission error

      348 |                     error.severity === 'medium' ? 'warn' : 'info';
      349 |     
    > 350 |     console[logLevel](`[${error.category.toUpperCase()}] ${error.message}`);
          |                      ^
      351 |     if (error.technicalDetails && error.technicalDetails !== error.message) {
      352 |       console.debug(`Technical details: ${error.technicalDetails}`);
      353 |     }

      at ReleaseAnalysisErrorHandler.logError (src/release-analysis/errors/ErrorHandler.ts:350:22)
      at ReleaseAnalysisErrorHandler.handleFilesystemError (src/release-analysis/errors/ErrorHandler.ts:197:10)
      at withErrorHandling (src/release-analysis/errors/ErrorHandler.ts:662:29)
      at CompletionDocumentCollector.loadDocuments (src/release-analysis/collection/CompletionDocumentCollector.ts:355:26)
      at CompletionDocumentCollector.collectFromPaths (src/release-analysis/collection/CompletionDocumentCollector.ts:197:31)
      at src/release-analysis/cli/ReleaseCLI.ts:681:34
      at withErrorHandling (src/release-analysis/errors/ErrorHandler.ts:646:20)
      at ReleaseCLI.findAllCompletionDocuments (src/release-analysis/cli/ReleaseCLI.ts:649:20)
      at src/release-analysis/cli/ReleaseCLI.ts:139:32
      at withErrorHandling (src/release-analysis/errors/ErrorHandler.ts:646:20)
      at ReleaseCLI.analyzeChanges (src/release-analysis/cli/ReleaseCLI.ts:64:20)
      at Object.<anonymous> (src/release-analysis/__tests__/ErrorHandlingIntegration.test.ts:634:22)

    console.debug
      Technical details: Failed to load document .kiro/specs/recovery2/completion/task-2-completion.md: Permanent permission error

      at ReleaseAnalysisErrorHandler.logError (src/release-analysis/errors/ErrorHandler.ts:352:15)

    console.log
      📄 Found 0 completion documents

      at src/release-analysis/cli/ReleaseCLI.ts:148:15

    console.log
      🔍 Extracting changes...

      at src/release-analysis/cli/ReleaseCLI.ts:151:15

    console.log
      🏷️  Calculating version recommendation...

      at src/release-analysis/cli/ReleaseCLI.ts:192:15

    console.log
      📝 Generating release notes...

      at src/release-analysis/cli/ReleaseCLI.ts:213:15

    console.log
      ✅ Analysis complete!

      at ReleaseCLI.analyzeChanges (src/release-analysis/cli/ReleaseCLI.ts:250:15)

    console.log
      
      📊 Error Summary:
         Total Issues: 4
         Critical: 0
         Recoverable: 4
         Warnings: 4
      
      ⚠️  Recoverable Issues:
         1. Validation failed: Failed to load document .kiro/specs/recovery1/completion/task-1-completion.md: Temporary file lock
            🔧 Recovery: Continue with reduced confidence (30% reduction)
         2. File read failed: Failed to load document .kiro/specs/recovery2/completion/task-2-completion.md: Permanent permission error
            🔧 Recovery: Continue without this file
         3. File read failed: Failed to load document .kiro/specs/recovery2/completion/task-2-completion.md: Permanent permission error
            🔧 Recovery: Continue without this file
         4. File read failed: Failed to load document .kiro/specs/recovery2/completion/task-2-completion.md: Permanent permission error
            🔧 Recovery: Continue without this file
      
      💡 Recommendations:
         1. Check file permissions and ensure all required files are accessible
         2. Review validation errors and consider manual verification of results

      at ReleaseCLI.analyzeChanges (src/release-analysis/cli/ReleaseCLI.ts:255:17)

PASS src/__tests__/integration/SemanticTokenGeneration.test.ts
PASS src/components/core/ButtonCTA/__tests__/ButtonCTA.test.ts
PASS src/__tests__/integration/TokenSystemIntegration.test.ts
PASS src/__tests__/BuildSystemIntegration.test.ts
PASS src/tokens/semantic/__tests__/SemanticTokenIntegration.test.ts
PASS src/components/core/Icon/platforms/web/__tests__/Icon.stylesheet.test.ts
PASS src/components/core/ButtonCTA/platforms/web/__tests__/ButtonCTA.icon-integration.test.ts
PASS src/release-analysis/hooks/__tests__/HookScripts.test.ts
PASS src/release-analysis/git/__tests__/GitHistoryAnalyzer.test.ts
  ● Console

    console.warn
      [VALIDATION] Validation failed: Not a Git repository

      348 |                     error.severity === 'medium' ? 'warn' : 'info';
      349 |     
    > 350 |     console[logLevel](`[${error.category.toUpperCase()}] ${error.message}`);
          |                      ^
      351 |     if (error.technicalDetails && error.technicalDetails !== error.message) {
      352 |       console.debug(`Technical details: ${error.technicalDetails}`);
      353 |     }

      at ReleaseAnalysisErrorHandler.logError (src/release-analysis/errors/ErrorHandler.ts:350:22)
      at ReleaseAnalysisErrorHandler.handleValidationError (src/release-analysis/errors/ErrorHandler.ts:134:10)
      at withErrorHandling (src/release-analysis/errors/ErrorHandler.ts:664:29)
      at GitHistoryAnalyzer.findLastRelease (src/release-analysis/git/GitHistoryAnalyzer.ts:83:20)
      at Object.<anonymous> (src/release-analysis/git/__tests__/GitHistoryAnalyzer.test.ts:67:22)

    console.debug
      Technical details: Not a Git repository

      at ReleaseAnalysisErrorHandler.logError (src/release-analysis/errors/ErrorHandler.ts:352:15)

    console.info
      [GIT] Git operation failed: Git command failed: git rev-parse HEAD

      at ReleaseAnalysisErrorHandler.logError (src/release-analysis/errors/ErrorHandler.ts:350:22)

    console.debug
      Technical details: Git command failed: git rev-parse HEAD

      at ReleaseAnalysisErrorHandler.logError (src/release-analysis/errors/ErrorHandler.ts:352:15)

    console.log
      ✅ Successfully loaded 3 completion documents

      at GitHistoryAnalyzer.findCompletionDocuments (src/release-analysis/git/GitHistoryAnalyzer.ts:223:15)

    console.warn
      ⚠️  Document loading issues (1/1 files):

      216 |     // Report summary of document loading
      217 |     if (errors.length > 0) {
    > 218 |       console.warn(`⚠️  Document loading issues (${errors.length}/${relevantFiles.length} files):`);
          |               ^
      219 |       errors.forEach(error => console.warn(`   ${error}`));
      220 |     }
      221 |

      at GitHistoryAnalyzer.findCompletionDocuments (src/release-analysis/git/GitHistoryAnalyzer.ts:218:15)
      at Object.<anonymous> (src/release-analysis/git/__tests__/GitHistoryAnalyzer.test.ts:212:22)

    console.warn
         Could not load .kiro/specs/feature-a/completion/task-1-completion.md: Unknown error

      217 |     if (errors.length > 0) {
      218 |       console.warn(`⚠️  Document loading issues (${errors.length}/${relevantFiles.length} files):`);
    > 219 |       errors.forEach(error => console.warn(`   ${error}`));
          |                                       ^
      220 |     }
      221 |
      222 |     if (completionDocuments.length > 0) {

      at src/release-analysis/git/GitHistoryAnalyzer.ts:219:39
          at Array.forEach (<anonymous>)
      at GitHistoryAnalyzer.findCompletionDocuments (src/release-analysis/git/GitHistoryAnalyzer.ts:219:14)
      at Object.<anonymous> (src/release-analysis/git/__tests__/GitHistoryAnalyzer.test.ts:212:22)

PASS src/release-analysis/__tests__/SystemIntegration.test.ts
PASS src/build/__tests__/WebNPMPackageStructure.test.ts
PASS src/release/integration/__tests__/CLIErrorHandler.test.ts
PASS src/build/errors/__tests__/ErrorReporter.test.ts
PASS src/release/coordination/__tests__/CoordinationSystem.integration.test.ts
  ● Console

    console.log
      Publishing stage 1/3: @designerpunk/tokens

      at PublishingPlanner.executeStagedPublishing (src/release/coordination/PublishingPlanner.ts:187:17)

    console.log
      Publishing stage 2/3: @designerpunk/build-system

      at PublishingPlanner.executeStagedPublishing (src/release/coordination/PublishingPlanner.ts:187:17)

    console.warn
      Attempt 1/1 failed for @designerpunk/build-system: Publishing failed

      300 |       } catch (error) {
      301 |         lastError = error instanceof Error ? error : new Error(String(error));
    > 302 |         console.warn(`Attempt ${attempt}/${config.maxAttempts} failed for ${packageName}: ${lastError.message}`);
          |                 ^
      303 |
      304 |         if (attempt < config.maxAttempts) {
      305 |           console.log(`Retrying in ${delay}ms...`);

      at PublishingPlanner.retryPackagePublishing (src/release/coordination/PublishingPlanner.ts:302:17)
      at PublishingPlanner.publishStage (src/release/coordination/PublishingPlanner.ts:385:24)
      at PublishingPlanner.executeStagedPublishing (src/release/coordination/PublishingPlanner.ts:190:30)
      at Object.<anonymous> (src/release/coordination/__tests__/CoordinationSystem.integration.test.ts:392:22)

    console.error
      Stage 2 failed. Failed packages: @designerpunk/build-system

      203 |           failedPackages.push(...failed);
      204 |
    > 205 |           console.error(`Stage ${stage.stage + 1} failed. Failed packages: ${failed.join(', ')}`);
          |                   ^
      206 |
      207 |           // Stop execution and prepare for rollback
      208 |           break;

      at PublishingPlanner.executeStagedPublishing (src/release/coordination/PublishingPlanner.ts:205:19)
      at Object.<anonymous> (src/release/coordination/__tests__/CoordinationSystem.integration.test.ts:392:22)

    console.log
      Rolling back @designerpunk/tokens...

      at PublishingPlanner.rollbackPublishing (src/release/coordination/PublishingPlanner.ts:256:17)

    console.warn
      Attempt 1/3 failed for @designerpunk/tokens: Temporary failure

      300 |       } catch (error) {
      301 |         lastError = error instanceof Error ? error : new Error(String(error));
    > 302 |         console.warn(`Attempt ${attempt}/${config.maxAttempts} failed for ${packageName}: ${lastError.message}`);
          |                 ^
      303 |
      304 |         if (attempt < config.maxAttempts) {
      305 |           console.log(`Retrying in ${delay}ms...`);

      at PublishingPlanner.retryPackagePublishing (src/release/coordination/PublishingPlanner.ts:302:17)
      at Object.<anonymous> (src/release/coordination/__tests__/CoordinationSystem.integration.test.ts:435:22)

    console.log
      Retrying in 10ms...

      at PublishingPlanner.retryPackagePublishing (src/release/coordination/PublishingPlanner.ts:305:19)

    console.warn
      Attempt 2/3 failed for @designerpunk/tokens: Temporary failure

      300 |       } catch (error) {
      301 |         lastError = error instanceof Error ? error : new Error(String(error));
    > 302 |         console.warn(`Attempt ${attempt}/${config.maxAttempts} failed for ${packageName}: ${lastError.message}`);
          |                 ^
      303 |
      304 |         if (attempt < config.maxAttempts) {
      305 |           console.log(`Retrying in ${delay}ms...`);

      at PublishingPlanner.retryPackagePublishing (src/release/coordination/PublishingPlanner.ts:302:17)
      at Object.<anonymous> (src/release/coordination/__tests__/CoordinationSystem.integration.test.ts:435:22)

    console.log
      Retrying in 20ms...

      at PublishingPlanner.retryPackagePublishing (src/release/coordination/PublishingPlanner.ts:305:19)

    console.log
      Rolling back @designerpunk/components...

      at PublishingPlanner.rollbackPublishing (src/release/coordination/PublishingPlanner.ts:256:17)

    console.log
      Rolling back @designerpunk/build-system...

      at PublishingPlanner.rollbackPublishing (src/release/coordination/PublishingPlanner.ts:256:17)

    console.error
      Failed to rollback @designerpunk/build-system: Rollback failed

      259 |       } catch (error) {
      260 |         const errorMessage = error instanceof Error ? error.message : String(error);
    > 261 |         console.error(`Failed to rollback ${pkg}: ${errorMessage}`);
          |                 ^
      262 |         failedRollbacks.push(pkg);
      263 |         errors.push(`${pkg}: ${errorMessage}`);
      264 |       }

      at PublishingPlanner.rollbackPublishing (src/release/coordination/PublishingPlanner.ts:261:17)
      at Object.<anonymous> (src/release/coordination/__tests__/CoordinationSystem.integration.test.ts:462:30)

    console.log
      Rolling back @designerpunk/tokens...

      at PublishingPlanner.rollbackPublishing (src/release/coordination/PublishingPlanner.ts:256:17)

PASS src/release-analysis/reporting/__tests__/AnalysisReporter.test.ts
  ● Console

    console.log
      💾 Report saved: /tmp/report.txt

      at AnalysisReporter.saveReport (src/release-analysis/reporting/AnalysisReporter.ts:262:15)

    console.log
      💾 Report saved: /tmp/detailed-report.txt

      at AnalysisReporter.saveReport (src/release-analysis/reporting/AnalysisReporter.ts:262:15)

    console.log
      💾 Report saved: /tmp/report.json

      at AnalysisReporter.saveReport (src/release-analysis/reporting/AnalysisReporter.ts:262:15)

    console.log
      💾 Report saved: /tmp/report.txt

      at AnalysisReporter.saveReport (src/release-analysis/reporting/AnalysisReporter.ts:262:15)

    console.error
      ❌ Error saving report: Error: Permission denied

      262 |       console.log(`💾 Report saved: ${filePath}`);
      263 |     } catch (error) {
    > 264 |       console.error(`❌ Error saving report: ${error}`);
          |               ^
      265 |       throw error;
      266 |     }
      267 |   }

      at AnalysisReporter.saveReport (src/release-analysis/reporting/AnalysisReporter.ts:264:15)
      at Object.<anonymous> (src/release-analysis/reporting/__tests__/AnalysisReporter.test.ts:493:7)

    console.error
      ❌ Error saving report: Error: Unsupported report format: unsupported

      262 |       console.log(`💾 Report saved: ${filePath}`);
      263 |     } catch (error) {
    > 264 |       console.error(`❌ Error saving report: ${error}`);
          |               ^
      265 |       throw error;
      266 |     }
      267 |   }

      at AnalysisReporter.saveReport (src/release-analysis/reporting/AnalysisReporter.ts:264:15)
      at Object.<anonymous> (src/release-analysis/reporting/__tests__/AnalysisReporter.test.ts:506:7)

PASS src/components/core/Icon/platforms/web/__tests__/Icon.accessibility.test.ts
PASS src/tokens/__tests__/BorderWidthTokens.test.ts
PASS src/providers/__tests__/FormatProviders.test.ts
PASS src/release-analysis/cli/__tests__/AdvancedReleaseCLI.test.ts
  ● Console

    console.log
      
      Version Override Options:

      at AdvancedReleaseCLI.promptVersionOverride (src/release-analysis/cli/AdvancedReleaseCLI.ts:1032:13)

    console.log
      1. Minor version bump

      at AdvancedReleaseCLI.promptVersionOverride (src/release-analysis/cli/AdvancedReleaseCLI.ts:1033:13)

    console.log
      2. Patch version bump

      at AdvancedReleaseCLI.promptVersionOverride (src/release-analysis/cli/AdvancedReleaseCLI.ts:1034:13)

    console.log
      3. Keep current recommendation

      at AdvancedReleaseCLI.promptVersionOverride (src/release-analysis/cli/AdvancedReleaseCLI.ts:1035:13)

    console.log
      
      Version Override Options:

      at AdvancedReleaseCLI.promptVersionOverride (src/release-analysis/cli/AdvancedReleaseCLI.ts:1032:13)

    console.log
      1. Minor version bump

      at AdvancedReleaseCLI.promptVersionOverride (src/release-analysis/cli/AdvancedReleaseCLI.ts:1033:13)

    console.log
      2. Patch version bump

      at AdvancedReleaseCLI.promptVersionOverride (src/release-analysis/cli/AdvancedReleaseCLI.ts:1034:13)

    console.log
      3. Keep current recommendation

      at AdvancedReleaseCLI.promptVersionOverride (src/release-analysis/cli/AdvancedReleaseCLI.ts:1035:13)

    console.log
      
      Version Override Options:

      at AdvancedReleaseCLI.promptVersionOverride (src/release-analysis/cli/AdvancedReleaseCLI.ts:1032:13)

    console.log
      1. Minor version bump

      at AdvancedReleaseCLI.promptVersionOverride (src/release-analysis/cli/AdvancedReleaseCLI.ts:1033:13)

    console.log
      2. Patch version bump

      at AdvancedReleaseCLI.promptVersionOverride (src/release-analysis/cli/AdvancedReleaseCLI.ts:1034:13)

    console.log
      3. Keep current recommendation

      at AdvancedReleaseCLI.promptVersionOverride (src/release-analysis/cli/AdvancedReleaseCLI.ts:1035:13)

PASS src/build/validation/__tests__/TokenComparator.test.ts
PASS src/release-analysis/hooks/__tests__/HookIntegrationManager.test.ts
PASS src/providers/__tests__/AndroidFormatGenerator-semantic.test.ts
PASS src/release-analysis/__tests__/EdgeCases.test.ts
PASS src/build/workflow/__tests__/SourceMapGenerator.test.ts
PASS src/__tests__/integration/ValidationPipeline.test.ts
PASS src/release/detection/__tests__/CompletionAnalyzer.test.ts
PASS src/release-analysis/extraction/__tests__/SimpleChangeExtractor.test.ts
PASS src/release/automation/__tests__/AutomationLayer.integration.test.ts
  ● Console

    console.log
      ✅ Updated /var/folders/z2/kfvx4wfj7cb3hq2gn5c7smzr0000gn/T/automation-integration-yOAMfy/package.json: 1.0.0 → 1.1.0

      at PackageUpdater.updatePackageVersion (src/release/automation/PackageUpdater.ts:110:15)

    console.log
      ✅ Created /var/folders/z2/kfvx4wfj7cb3hq2gn5c7smzr0000gn/T/automation-integration-yOAMfy/CHANGELOG.md with version 1.1.0

      at ChangelogManager.updateChangelog (src/release/automation/ChangelogManager.ts:71:17)

    console.log
      ✅ Created commit: Release 1.1.0

      at GitOperations.createCommit (src/release/automation/GitOperations.ts:115:17)

    console.log
      ✅ Created tag: v1.1.0

      at GitOperations.createTag (src/release/automation/GitOperations.ts:203:17)

    console.log
      ✅ Updated /var/folders/z2/kfvx4wfj7cb3hq2gn5c7smzr0000gn/T/automation-integration-qVHPVG/packages/core/package.json: 1.0.0 → 2.0.0

      at PackageUpdater.updateMultiplePackages (src/release/automation/PackageUpdater.ts:203:17)

    console.log
      ✅ Updated /var/folders/z2/kfvx4wfj7cb3hq2gn5c7smzr0000gn/T/automation-integration-qVHPVG/packages/utils/package.json: 1.0.0 → 2.0.0

      at PackageUpdater.updateMultiplePackages (src/release/automation/PackageUpdater.ts:203:17)

    console.log
      ✅ Created /var/folders/z2/kfvx4wfj7cb3hq2gn5c7smzr0000gn/T/automation-integration-qVHPVG/CHANGELOG.md with version 2.0.0

      at ChangelogManager.updateChangelog (src/release/automation/ChangelogManager.ts:71:17)

    console.log
      ✅ Created commit: Release 2.0.0

      at GitOperations.createCommit (src/release/automation/GitOperations.ts:115:17)

    console.log
      ✅ Updated /var/folders/z2/kfvx4wfj7cb3hq2gn5c7smzr0000gn/T/automation-integration-QCwcMF/package.json: 1.0.0 → 1.1.0-alpha.1

      at PackageUpdater.updatePackageVersion (src/release/automation/PackageUpdater.ts:110:15)

    console.log
      ✅ Created /var/folders/z2/kfvx4wfj7cb3hq2gn5c7smzr0000gn/T/automation-integration-QCwcMF/CHANGELOG.md with version 1.1.0-alpha.1

      at ChangelogManager.updateChangelog (src/release/automation/ChangelogManager.ts:71:17)

    console.log
      ✅ Created commit: Release 1.1.0-alpha.1

      at GitOperations.createCommit (src/release/automation/GitOperations.ts:115:17)

    console.log
      ✅ Created tag: v1.1.0-alpha.1

      at GitOperations.createTag (src/release/automation/GitOperations.ts:203:17)

    console.log
      ✅ Updated /var/folders/z2/kfvx4wfj7cb3hq2gn5c7smzr0000gn/T/automation-integration-efyCZ2/valid/package.json: 1.0.0 → 2.0.0

      at PackageUpdater.updateMultiplePackages (src/release/automation/PackageUpdater.ts:203:17)

    console.log
      🔄 Rolling back package.json changes...

      at PackageUpdater.rollback (src/release/automation/PackageUpdater.ts:256:13)

    console.log
      ✅ Rolled back /var/folders/z2/kfvx4wfj7cb3hq2gn5c7smzr0000gn/T/automation-integration-efyCZ2/valid/package.json

      at PackageUpdater.rollback (src/release/automation/PackageUpdater.ts:261:17)

    console.log
      ✅ Updated /var/folders/z2/kfvx4wfj7cb3hq2gn5c7smzr0000gn/T/automation-integration-8loqTy/package.json: 1.0.0 → 1.1.0

      at PackageUpdater.updatePackageVersion (src/release/automation/PackageUpdater.ts:110:15)

    console.log
      ✅ Created commit: Release 1.1.0

      at GitOperations.createCommit (src/release/automation/GitOperations.ts:115:17)

    console.log
      🔄 Rolling back git operations...

      at GitOperations.rollback (src/release/automation/GitOperations.ts:322:15)

    console.log
      ✅ Reset to commit abc123

      at GitOperations.rollback (src/release/automation/GitOperations.ts:329:19)

    console.log
      ✅ Updated /var/folders/z2/kfvx4wfj7cb3hq2gn5c7smzr0000gn/T/automation-integration-xnVRUR/package.json: 1.0.0 → 1.1.0

      at PackageUpdater.updatePackageVersion (src/release/automation/PackageUpdater.ts:110:15)

    console.log
      ✅ Created /var/folders/z2/kfvx4wfj7cb3hq2gn5c7smzr0000gn/T/automation-integration-xnVRUR/CHANGELOG.md with version 1.1.0

      at ChangelogManager.updateChangelog (src/release/automation/ChangelogManager.ts:71:17)

    console.log
      ✅ Created commit: Release 1.1.0

      at GitOperations.createCommit (src/release/automation/GitOperations.ts:115:17)

    console.log
      🔄 Rolling back git operations...

      at GitOperations.rollback (src/release/automation/GitOperations.ts:322:15)

    console.log
      ✅ Reset to commit abc123

      at GitOperations.rollback (src/release/automation/GitOperations.ts:329:19)

    console.log
      🔄 Rolling back package.json changes...

      at PackageUpdater.rollback (src/release/automation/PackageUpdater.ts:256:13)

    console.log
      ✅ Rolled back /var/folders/z2/kfvx4wfj7cb3hq2gn5c7smzr0000gn/T/automation-integration-xnVRUR/package.json

      at PackageUpdater.rollback (src/release/automation/PackageUpdater.ts:261:17)

    console.log
      ✅ Created /var/folders/z2/kfvx4wfj7cb3hq2gn5c7smzr0000gn/T/automation-integration-sJGn1g/CHANGELOG.md with version 1.0.0

      at ChangelogManager.updateChangelog (src/release/automation/ChangelogManager.ts:71:17)

    console.log
      ✅ Updated /var/folders/z2/kfvx4wfj7cb3hq2gn5c7smzr0000gn/T/automation-integration-KHaCJJ/package-1.0.0.json: 1.0.0 → 1.0.0

      at PackageUpdater.updatePackageVersion (src/release/automation/PackageUpdater.ts:110:15)

    console.log
      ✅ Created tag: v1.0.0

      at GitOperations.createTag (src/release/automation/GitOperations.ts:203:17)

    console.log
      ✅ Updated /var/folders/z2/kfvx4wfj7cb3hq2gn5c7smzr0000gn/T/automation-integration-KHaCJJ/package-1.2.3.json: 1.0.0 → 1.2.3

      at PackageUpdater.updatePackageVersion (src/release/automation/PackageUpdater.ts:110:15)

    console.log
      ✅ Created tag: v1.2.3

      at GitOperations.createTag (src/release/automation/GitOperations.ts:203:17)

    console.log
      ✅ Updated /var/folders/z2/kfvx4wfj7cb3hq2gn5c7smzr0000gn/T/automation-integration-KHaCJJ/package-1.0.0-alpha.1.json: 1.0.0 → 1.0.0-alpha.1

      at PackageUpdater.updatePackageVersion (src/release/automation/PackageUpdater.ts:110:15)

    console.log
      ✅ Created tag: v1.0.0-alpha.1

      at GitOperations.createTag (src/release/automation/GitOperations.ts:203:17)

    console.log
      ✅ Updated /var/folders/z2/kfvx4wfj7cb3hq2gn5c7smzr0000gn/T/automation-integration-KHaCJJ/package-1.0.0-beta.2.json: 1.0.0 → 1.0.0-beta.2

      at PackageUpdater.updatePackageVersion (src/release/automation/PackageUpdater.ts:110:15)

    console.log
      ✅ Created tag: v1.0.0-beta.2

      at GitOperations.createTag (src/release/automation/GitOperations.ts:203:17)

    console.log
      ✅ Updated /var/folders/z2/kfvx4wfj7cb3hq2gn5c7smzr0000gn/T/automation-integration-KHaCJJ/package-1.0.0-rc.1.json: 1.0.0 → 1.0.0-rc.1

      at PackageUpdater.updatePackageVersion (src/release/automation/PackageUpdater.ts:110:15)

    console.log
      ✅ Created tag: v1.0.0-rc.1

      at GitOperations.createTag (src/release/automation/GitOperations.ts:203:17)

    console.log
      ✅ Updated /var/folders/z2/kfvx4wfj7cb3hq2gn5c7smzr0000gn/T/automation-integration-KHaCJJ/package-1.0.0+build.123.json: 1.0.0 → 1.0.0+build.123

      at PackageUpdater.updatePackageVersion (src/release/automation/PackageUpdater.ts:110:15)

    console.log
      ✅ Created tag: v1.0.0+build.123

      at GitOperations.createTag (src/release/automation/GitOperations.ts:203:17)

    console.log
      ✅ Updated /var/folders/z2/kfvx4wfj7cb3hq2gn5c7smzr0000gn/T/automation-integration-fVL0SK/pkg1/package.json: 1.0.0 → 2.0.0

      at PackageUpdater.updateMultiplePackages (src/release/automation/PackageUpdater.ts:203:17)

    console.log
      ✅ Updated /var/folders/z2/kfvx4wfj7cb3hq2gn5c7smzr0000gn/T/automation-integration-fVL0SK/pkg2/package.json: 1.0.0 → 2.0.0

      at PackageUpdater.updateMultiplePackages (src/release/automation/PackageUpdater.ts:203:17)

    console.log
      🔄 Rolling back package.json changes...

      at PackageUpdater.rollback (src/release/automation/PackageUpdater.ts:256:13)

    console.log
      ✅ Rolled back /var/folders/z2/kfvx4wfj7cb3hq2gn5c7smzr0000gn/T/automation-integration-fVL0SK/pkg1/package.json

      at PackageUpdater.rollback (src/release/automation/PackageUpdater.ts:261:17)

    console.log
      ✅ Rolled back /var/folders/z2/kfvx4wfj7cb3hq2gn5c7smzr0000gn/T/automation-integration-fVL0SK/pkg2/package.json

      at PackageUpdater.rollback (src/release/automation/PackageUpdater.ts:261:17)

    console.log
      ✅ Updated /var/folders/z2/kfvx4wfj7cb3hq2gn5c7smzr0000gn/T/automation-integration-G9rWHt/package.json: 1.0.0 → 1.1.0

      at PackageUpdater.updatePackageVersion (src/release/automation/PackageUpdater.ts:110:15)

PASS src/components/core/Icon/platforms/web/__tests__/Icon.lifecycle.test.ts
PASS src/release/config/__tests__/ConfigManager.hotreload.test.ts
  ● Console

    console.log
      Configuration updated: {
        "timestamp": "2025-11-29T20:28:16.675Z",
        "success": true,
        "changesCount": 1,
        "changes": [
          {
            "path": "detection.confidenceThreshold",
            "type": "modified",
            "previousValue": 0.8,
            "newValue": 0.95
          }
        ]
      }

      at ConfigManager.logConfigChange (src/release/config/ConfigManager.ts:606:15)

    console.error
      Configuration update failed: {
        "timestamp": "2025-11-29T20:28:16.681Z",
        "success": false,
        "changesCount": 0,
        "changes": [],
        "error": "Configuration validation failed:\n  - detection.confidenceThreshold: Confidence threshold must be between 0 and 1"
      }

      606 |       console.log('Configuration updated:', JSON.stringify(logEntry, null, 2));
      607 |     } else {
    > 608 |       console.error('Configuration update failed:', JSON.stringify(logEntry, null, 2));
          |               ^
      609 |     }
      610 |   }
      611 |   

      at ConfigManager.logConfigChange (src/release/config/ConfigManager.ts:608:15)
      at ConfigManager.applyConfigChanges (src/release/config/ConfigManager.ts:471:12)
      at Object.<anonymous> (src/release/config/__tests__/ConfigManager.hotreload.test.ts:188:17)

    console.log
      Configuration updated: {
        "timestamp": "2025-11-29T20:28:16.682Z",
        "success": true,
        "changesCount": 1,
        "changes": [
          {
            "path": "detection.confidenceThreshold",
            "type": "modified",
            "previousValue": 0.8,
            "newValue": 1.5
          }
        ]
      }

      at ConfigManager.logConfigChange (src/release/config/ConfigManager.ts:606:15)

    console.log
      Configuration updated: {
        "timestamp": "2025-11-29T20:28:16.682Z",
        "success": true,
        "changesCount": 1,
        "changes": [
          {
            "path": "detection.confidenceThreshold",
            "type": "modified",
            "previousValue": 0.8,
            "newValue": 0.88
          }
        ]
      }

      at ConfigManager.logConfigChange (src/release/config/ConfigManager.ts:606:15)

    console.error
      Configuration update failed: {
        "timestamp": "2025-11-29T20:28:16.683Z",
        "success": false,
        "changesCount": 0,
        "changes": [],
        "error": "Configuration validation failed:\n  - detection.confidenceThreshold: Confidence threshold must be between 0 and 1"
      }

      606 |       console.log('Configuration updated:', JSON.stringify(logEntry, null, 2));
      607 |     } else {
    > 608 |       console.error('Configuration update failed:', JSON.stringify(logEntry, null, 2));
          |               ^
      609 |     }
      610 |   }
      611 |   

      at ConfigManager.logConfigChange (src/release/config/ConfigManager.ts:608:15)
      at ConfigManager.applyConfigChanges (src/release/config/ConfigManager.ts:471:12)
      at Object.<anonymous> (src/release/config/__tests__/ConfigManager.hotreload.test.ts:248:23)

    console.log
      Configuration updated: {
        "timestamp": "2025-11-29T20:28:16.683Z",
        "success": true,
        "changesCount": 1,
        "changes": [
          {
            "path": "detection.confidenceThreshold",
            "type": "modified",
            "previousValue": 0.8,
            "newValue": 0.85
          }
        ]
      }

      at ConfigManager.logConfigChange (src/release/config/ConfigManager.ts:606:15)

    console.error
      Configuration update failed: {
        "timestamp": "2025-11-29T20:28:16.683Z",
        "success": false,
        "changesCount": 0,
        "changes": [],
        "error": "Configuration validation failed:\n  - detection.confidenceThreshold: Confidence threshold must be between 0 and 1"
      }

      606 |       console.log('Configuration updated:', JSON.stringify(logEntry, null, 2));
      607 |     } else {
    > 608 |       console.error('Configuration update failed:', JSON.stringify(logEntry, null, 2));
          |               ^
      609 |     }
      610 |   }
      611 |   

      at ConfigManager.logConfigChange (src/release/config/ConfigManager.ts:608:15)
      at ConfigManager.applyConfigChanges (src/release/config/ConfigManager.ts:471:12)
      at Object.<anonymous> (src/release/config/__tests__/ConfigManager.hotreload.test.ts:280:23)

    console.log
      Configuration updated: {
        "timestamp": "2025-11-29T20:28:16.683Z",
        "success": true,
        "changesCount": 1,
        "changes": [
          {
            "path": "detection.confidenceThreshold",
            "type": "modified",
            "previousValue": 0.8,
            "newValue": 0.92
          }
        ]
      }

      at ConfigManager.logConfigChange (src/release/config/ConfigManager.ts:606:15)

    console.error
      Configuration update failed: {
        "timestamp": "2025-11-29T20:28:16.684Z",
        "success": false,
        "changesCount": 0,
        "changes": [],
        "error": "Configuration validation failed:\n  - detection.confidenceThreshold: Confidence threshold must be between 0 and 1"
      }

      606 |       console.log('Configuration updated:', JSON.stringify(logEntry, null, 2));
      607 |     } else {
    > 608 |       console.error('Configuration update failed:', JSON.stringify(logEntry, null, 2));
          |               ^
      609 |     }
      610 |   }
      611 |   

      at ConfigManager.logConfigChange (src/release/config/ConfigManager.ts:608:15)
      at ConfigManager.applyConfigChanges (src/release/config/ConfigManager.ts:471:12)
      at Object.<anonymous> (src/release/config/__tests__/ConfigManager.hotreload.test.ts:329:23)

    console.log
      Configuration updated: {
        "timestamp": "2025-11-29T20:28:16.684Z",
        "success": true,
        "changesCount": 1,
        "changes": [
          {
            "path": "detection.confidenceThreshold",
            "type": "modified",
            "previousValue": 0.8,
            "newValue": 0.92
          }
        ]
      }

      at ConfigManager.logConfigChange (src/release/config/ConfigManager.ts:606:15)

    console.log
      Configuration updated: {
        "timestamp": "2025-11-29T20:28:16.684Z",
        "success": true,
        "changesCount": 3,
        "changes": [
          {
            "path": "detection.specCompletionTrigger",
            "type": "modified",
            "previousValue": true,
            "newValue": false
          },
          {
            "path": "detection.confidenceThreshold",
            "type": "modified",
            "previousValue": 0.8,
            "newValue": 0.95
          },
          {
            "path": "versioning.preReleaseStrategy",
            "type": "modified",
            "previousValue": "alpha",
            "newValue": "beta"
          }
        ]
      }

      at ConfigManager.logConfigChange (src/release/config/ConfigManager.ts:606:15)

    console.error
      Error in change listener: Error: Listener error
          at /Users/3fn/Documents/Work Projects/Kiro/DesignerPunk-v2/src/release/config/__tests__/ConfigManager.hotreload.test.ts:418:15
          at /Users/3fn/Documents/Work Projects/Kiro/DesignerPunk-v2/node_modules/jest-mock/build/index.js:397:39
          at /Users/3fn/Documents/Work Projects/Kiro/DesignerPunk-v2/node_modules/jest-mock/build/index.js:404:13
          at mockConstructor (/Users/3fn/Documents/Work Projects/Kiro/DesignerPunk-v2/node_modules/jest-mock/build/index.js:148:19)
          at ConfigManager.notifyChangeListeners (/Users/3fn/Documents/Work Projects/Kiro/DesignerPunk-v2/src/release/config/ConfigManager.ts:579:9)
          at ConfigManager.applyConfigChanges (/Users/3fn/Documents/Work Projects/Kiro/DesignerPunk-v2/src/release/config/ConfigManager.ts:442:14)
          at Object.<anonymous> (/Users/3fn/Documents/Work Projects/Kiro/DesignerPunk-v2/src/release/config/__tests__/ConfigManager.hotreload.test.ts:434:17)
          at Promise.then.completed (/Users/3fn/Documents/Work Projects/Kiro/DesignerPunk-v2/node_modules/jest-circus/build/utils.js:298:28)
          at new Promise (<anonymous>)
          at callAsyncCircusFn (/Users/3fn/Documents/Work Projects/Kiro/DesignerPunk-v2/node_modules/jest-circus/build/utils.js:231:10)
          at _callCircusTest (/Users/3fn/Documents/Work Projects/Kiro/DesignerPunk-v2/node_modules/jest-circus/build/run.js:316:40)
          at processTicksAndRejections (node:internal/process/task_queues:105:5)
          at _runTest (/Users/3fn/Documents/Work Projects/Kiro/DesignerPunk-v2/node_modules/jest-circus/build/run.js:252:3)
          at _runTestsForDescribeBlock (/Users/3fn/Documents/Work Projects/Kiro/DesignerPunk-v2/node_modules/jest-circus/build/run.js:126:9)
          at _runTestsForDescribeBlock (/Users/3fn/Documents/Work Projects/Kiro/DesignerPunk-v2/node_modules/jest-circus/build/run.js:121:9)
          at _runTestsForDescribeBlock (/Users/3fn/Documents/Work Projects/Kiro/DesignerPunk-v2/node_modules/jest-circus/build/run.js:121:9)
          at run (/Users/3fn/Documents/Work Projects/Kiro/DesignerPunk-v2/node_modules/jest-circus/build/run.js:71:3)
          at runAndTransformResultsToJestFormat (/Users/3fn/Documents/Work Projects/Kiro/DesignerPunk-v2/node_modules/jest-circus/build/legacy-code-todo-rewrite/jestAdapterInit.js:122:21)
          at jestAdapter (/Users/3fn/Documents/Work Projects/Kiro/DesignerPunk-v2/node_modules/jest-circus/build/legacy-code-todo-rewrite/jestAdapter.js:79:19)
          at runTestInternal (/Users/3fn/Documents/Work Projects/Kiro/DesignerPunk-v2/node_modules/jest-runner/build/runTest.js:367:16)
          at runTest (/Users/3fn/Documents/Work Projects/Kiro/DesignerPunk-v2/node_modules/jest-runner/build/runTest.js:444:34)
          at Object.worker (/Users/3fn/Documents/Work Projects/Kiro/DesignerPunk-v2/node_modules/jest-runner/build/testWorker.js:106:12)

      579 |         listener(notification);
      580 |       } catch (error) {
    > 581 |         console.error('Error in change listener:', error);
          |                 ^
      582 |       }
      583 |     }
      584 |   }

      at ConfigManager.notifyChangeListeners (src/release/config/ConfigManager.ts:581:17)
      at ConfigManager.applyConfigChanges (src/release/config/ConfigManager.ts:442:14)
      at Object.<anonymous> (src/release/config/__tests__/ConfigManager.hotreload.test.ts:434:17)

    console.log
      Configuration updated: {
        "timestamp": "2025-11-29T20:28:16.685Z",
        "success": true,
        "changesCount": 1,
        "changes": [
          {
            "path": "detection.confidenceThreshold",
            "type": "modified",
            "previousValue": 0.8,
            "newValue": 0.92
          }
        ]
      }

      at ConfigManager.logConfigChange (src/release/config/ConfigManager.ts:606:15)

    console.log
      Configuration updated: {
        "timestamp": "2025-11-29T20:28:16.685Z",
        "success": true,
        "changesCount": 1,
        "changes": [
          {
            "path": "detection.confidenceThreshold",
            "type": "modified",
            "previousValue": 0.8,
            "newValue": 0.95
          }
        ]
      }

      at ConfigManager.logConfigChange (src/release/config/ConfigManager.ts:606:15)

    console.log
      Configuration updated: {
        "timestamp": "2025-11-29T20:28:16.686Z",
        "success": true,
        "changesCount": 1,
        "changes": [
          {
            "path": "publishing.github.owner",
            "type": "modified",
            "previousValue": "3fn",
            "newValue": "new-owner"
          }
        ]
      }

      at ConfigManager.logConfigChange (src/release/config/ConfigManager.ts:606:15)

    console.log
      Configuration updated: {
        "timestamp": "2025-11-29T20:28:16.686Z",
        "success": true,
        "changesCount": 1,
        "changes": [
          {
            "path": "detection.breakingChangeKeywords",
            "type": "modified",
            "previousValue": [
              "breaking change",
              "breaking",
              "incompatible",
              "removes",
              "deprecated",
              "migration required"
            ],
            "newValue": [
              "BREAKING",
              "INCOMPATIBLE"
            ]
          }
        ]
      }

      at ConfigManager.logConfigChange (src/release/config/ConfigManager.ts:606:15)

    console.log
      Configuration updated: {
        "timestamp": "2025-11-29T20:28:16.689Z",
        "success": true,
        "changesCount": 0,
        "changes": []
      }

      at ConfigManager.logConfigChange (src/release/config/ConfigManager.ts:606:15)

    console.log
      Configuration updated: {
        "timestamp": "2025-11-29T20:28:16.689Z",
        "success": true,
        "changesCount": 1,
        "changes": [
          {
            "path": "detection.confidenceThreshold",
            "type": "modified",
            "previousValue": 0.8,
            "newValue": 0.95
          }
        ]
      }

      at ConfigManager.logConfigChange (src/release/config/ConfigManager.ts:606:15)

PASS src/release/publishing/__tests__/helpers/NpmMockHelper.test.ts
PASS src/build/__tests__/WebCSSTokenGeneration.test.ts
PASS src/__tests__/integration/CrossPlatformConsistency.test.ts
PASS src/build/validation/__tests__/ValidationReporter.integration.test.ts
PASS src/build/validation/__tests__/AndroidBuildValidator.test.ts
PASS src/release/publishing/__tests__/GitHubPublisher.test.ts (5.348 s)
PASS src/tokens/semantic/__tests__/IconTokens.test.ts
PASS src/__tests__/integration/EndToEndWorkflow.test.ts
PASS src/providers/__tests__/WebFormatGenerator-semantic.test.ts
PASS src/release/integration/__tests__/WorkflowIntegration.integration.test.ts
PASS src/generators/__tests__/BreakpointTokenGeneration.test.ts
PASS src/blend/__tests__/ColorSpaceUtils.test.ts
PASS src/release-analysis/validation/__tests__/AnalysisValidator.test.ts
PASS src/build/tokens/__tests__/UnitConverter.test.ts
PASS src/build/tokens/__tests__/TokenIntegrator.test.ts
PASS src/release-analysis/extraction/__tests__/integration.test.ts
PASS src/tokens/__tests__/TokenCategories.test.ts
PASS src/release/config/__tests__/ConfigSystem.integration.test.ts
  ● Console

    console.log
      Configuration updated: {
        "timestamp": "2025-11-29T20:28:16.812Z",
        "success": true,
        "changesCount": 1,
        "changes": [
          {
            "path": "detection.confidenceThreshold",
            "type": "modified",
            "previousValue": 0.8,
            "newValue": 0.85
          }
        ]
      }

      at ConfigManager.logConfigChange (src/release/config/ConfigManager.ts:606:15)

    console.log
      Configuration updated: {
        "timestamp": "2025-11-29T20:28:16.828Z",
        "success": true,
        "changesCount": 1,
        "changes": [
          {
            "path": "detection.confidenceThreshold",
            "type": "modified",
            "previousValue": 0.85,
            "newValue": 0.95
          }
        ]
      }

      at ConfigManager.logConfigChange (src/release/config/ConfigManager.ts:606:15)

    console.log
      Configuration updated: {
        "timestamp": "2025-11-29T20:28:16.828Z",
        "success": true,
        "changesCount": 1,
        "changes": [
          {
            "path": "detection.confidenceThreshold",
            "type": "modified",
            "previousValue": 0.8,
            "newValue": 0.85
          }
        ]
      }

      at ConfigManager.logConfigChange (src/release/config/ConfigManager.ts:606:15)

    console.error
      Configuration update failed: {
        "timestamp": "2025-11-29T20:28:16.828Z",
        "success": false,
        "changesCount": 0,
        "changes": [],
        "error": "Configuration validation failed:\n  - detection.confidenceThreshold: Confidence threshold must be between 0 and 1"
      }

      606 |       console.log('Configuration updated:', JSON.stringify(logEntry, null, 2));
      607 |     } else {
    > 608 |       console.error('Configuration update failed:', JSON.stringify(logEntry, null, 2));
          |               ^
      609 |     }
      610 |   }
      611 |   

      at ConfigManager.logConfigChange (src/release/config/ConfigManager.ts:608:15)
      at ConfigManager.applyConfigChanges (src/release/config/ConfigManager.ts:471:12)
      at Object.<anonymous> (src/release/config/__tests__/ConfigSystem.integration.test.ts:662:23)

    console.log
      Configuration updated: {
        "timestamp": "2025-11-29T20:28:16.828Z",
        "success": true,
        "changesCount": 1,
        "changes": [
          {
            "path": "detection.confidenceThreshold",
            "type": "modified",
            "previousValue": 0.8,
            "newValue": 0.92
          }
        ]
      }

      at ConfigManager.logConfigChange (src/release/config/ConfigManager.ts:606:15)

    console.log
      Configuration updated: {
        "timestamp": "2025-11-29T20:28:16.829Z",
        "success": true,
        "changesCount": 1,
        "changes": [
          {
            "path": "detection.confidenceThreshold",
            "type": "modified",
            "previousValue": 0.8,
            "newValue": 0.92
          }
        ]
      }

      at ConfigManager.logConfigChange (src/release/config/ConfigManager.ts:606:15)

    console.error
      Error in change listener: Error: Listener error
          at /Users/3fn/Documents/Work Projects/Kiro/DesignerPunk-v2/src/release/config/__tests__/ConfigSystem.integration.test.ts:725:15
          at /Users/3fn/Documents/Work Projects/Kiro/DesignerPunk-v2/node_modules/jest-mock/build/index.js:397:39
          at /Users/3fn/Documents/Work Projects/Kiro/DesignerPunk-v2/node_modules/jest-mock/build/index.js:404:13
          at mockConstructor (/Users/3fn/Documents/Work Projects/Kiro/DesignerPunk-v2/node_modules/jest-mock/build/index.js:148:19)
          at ConfigManager.notifyChangeListeners (/Users/3fn/Documents/Work Projects/Kiro/DesignerPunk-v2/src/release/config/ConfigManager.ts:579:9)
          at ConfigManager.applyConfigChanges (/Users/3fn/Documents/Work Projects/Kiro/DesignerPunk-v2/src/release/config/ConfigManager.ts:442:14)
          at Object.<anonymous> (/Users/3fn/Documents/Work Projects/Kiro/DesignerPunk-v2/src/release/config/__tests__/ConfigSystem.integration.test.ts:732:21)
          at Promise.then.completed (/Users/3fn/Documents/Work Projects/Kiro/DesignerPunk-v2/node_modules/jest-circus/build/utils.js:298:28)
          at new Promise (<anonymous>)
          at callAsyncCircusFn (/Users/3fn/Documents/Work Projects/Kiro/DesignerPunk-v2/node_modules/jest-circus/build/utils.js:231:10)
          at _callCircusTest (/Users/3fn/Documents/Work Projects/Kiro/DesignerPunk-v2/node_modules/jest-circus/build/run.js:316:40)
          at processTicksAndRejections (node:internal/process/task_queues:105:5)
          at _runTest (/Users/3fn/Documents/Work Projects/Kiro/DesignerPunk-v2/node_modules/jest-circus/build/run.js:252:3)
          at _runTestsForDescribeBlock (/Users/3fn/Documents/Work Projects/Kiro/DesignerPunk-v2/node_modules/jest-circus/build/run.js:126:9)
          at _runTestsForDescribeBlock (/Users/3fn/Documents/Work Projects/Kiro/DesignerPunk-v2/node_modules/jest-circus/build/run.js:121:9)
          at _runTestsForDescribeBlock (/Users/3fn/Documents/Work Projects/Kiro/DesignerPunk-v2/node_modules/jest-circus/build/run.js:121:9)
          at run (/Users/3fn/Documents/Work Projects/Kiro/DesignerPunk-v2/node_modules/jest-circus/build/run.js:71:3)
          at runAndTransformResultsToJestFormat (/Users/3fn/Documents/Work Projects/Kiro/DesignerPunk-v2/node_modules/jest-circus/build/legacy-code-todo-rewrite/jestAdapterInit.js:122:21)
          at jestAdapter (/Users/3fn/Documents/Work Projects/Kiro/DesignerPunk-v2/node_modules/jest-circus/build/legacy-code-todo-rewrite/jestAdapter.js:79:19)
          at runTestInternal (/Users/3fn/Documents/Work Projects/Kiro/DesignerPunk-v2/node_modules/jest-runner/build/runTest.js:367:16)
          at runTest (/Users/3fn/Documents/Work Projects/Kiro/DesignerPunk-v2/node_modules/jest-runner/build/runTest.js:444:34)
          at Object.worker (/Users/3fn/Documents/Work Projects/Kiro/DesignerPunk-v2/node_modules/jest-runner/build/testWorker.js:106:12)

      579 |         listener(notification);
      580 |       } catch (error) {
    > 581 |         console.error('Error in change listener:', error);
          |                 ^
      582 |       }
      583 |     }
      584 |   }

      at ConfigManager.notifyChangeListeners (src/release/config/ConfigManager.ts:581:17)
      at ConfigManager.applyConfigChanges (src/release/config/ConfigManager.ts:442:14)
      at Object.<anonymous> (src/release/config/__tests__/ConfigSystem.integration.test.ts:732:21)

    console.log
      Configuration updated: {
        "timestamp": "2025-11-29T20:28:16.829Z",
        "success": true,
        "changesCount": 1,
        "changes": [
          {
            "path": "detection.confidenceThreshold",
            "type": "modified",
            "previousValue": 0.8,
            "newValue": 0.92
          }
        ]
      }

      at ConfigManager.logConfigChange (src/release/config/ConfigManager.ts:606:15)

PASS src/registries/__tests__/PrimitiveTokenRegistry.test.ts
PASS src/release-analysis/__tests__/WorkflowIntegration.test.ts
  ● Console

    console.warn
      [VALIDATION] Validation failed: Not a Git repository

      348 |                     error.severity === 'medium' ? 'warn' : 'info';
      349 |     
    > 350 |     console[logLevel](`[${error.category.toUpperCase()}] ${error.message}`);
          |                      ^
      351 |     if (error.technicalDetails && error.technicalDetails !== error.message) {
      352 |       console.debug(`Technical details: ${error.technicalDetails}`);
      353 |     }

      at ReleaseAnalysisErrorHandler.logError (src/release-analysis/errors/ErrorHandler.ts:350:22)
      at ReleaseAnalysisErrorHandler.handleValidationError (src/release-analysis/errors/ErrorHandler.ts:134:10)
      at withErrorHandling (src/release-analysis/errors/ErrorHandler.ts:664:29)
      at GitHistoryAnalyzer.findLastRelease (src/release-analysis/git/GitHistoryAnalyzer.ts:83:20)
      at Object.<anonymous> (src/release-analysis/__tests__/WorkflowIntegration.test.ts:323:27)

    console.debug
      Technical details: Not a Git repository

      at ReleaseAnalysisErrorHandler.logError (src/release-analysis/errors/ErrorHandler.ts:352:15)

PASS src/release/integration/__tests__/ReleaseAnalysisIntegration.test.ts
  ● Console

    console.warn
      Analysis validation warnings:

      544 |       // Log warnings if any
      545 |       if (validation.warnings.length > 0) {
    > 546 |         console.warn('Analysis validation warnings:');
          |                 ^
      547 |         validation.warnings.forEach(warning => console.warn(`  - ${warning}`));
      548 |       }
      549 |     }

      at ReleaseAnalysisIntegration.analyze (src/release/integration/ReleaseAnalysisIntegration.ts:546:17)
      at Object.<anonymous> (src/release/integration/__tests__/ReleaseAnalysisIntegration.test.ts:562:22)

    console.warn
        - No changes detected but version bump recommended

      545 |       if (validation.warnings.length > 0) {
      546 |         console.warn('Analysis validation warnings:');
    > 547 |         validation.warnings.forEach(warning => console.warn(`  - ${warning}`));
          |                                                        ^
      548 |       }
      549 |     }
      550 |

      at src/release/integration/ReleaseAnalysisIntegration.ts:547:56
          at Array.forEach (<anonymous>)
      at ReleaseAnalysisIntegration.analyze (src/release/integration/ReleaseAnalysisIntegration.ts:547:29)
      at Object.<anonymous> (src/release/integration/__tests__/ReleaseAnalysisIntegration.test.ts:562:22)

    console.warn
      Analysis validation warnings:

      544 |       // Log warnings if any
      545 |       if (validation.warnings.length > 0) {
    > 546 |         console.warn('Analysis validation warnings:');
          |                 ^
      547 |         validation.warnings.forEach(warning => console.warn(`  - ${warning}`));
      548 |       }
      549 |     }

      at ReleaseAnalysisIntegration.analyze (src/release/integration/ReleaseAnalysisIntegration.ts:546:17)
      at Object.<anonymous> (src/release/integration/__tests__/ReleaseAnalysisIntegration.test.ts:572:7)

    console.warn
        - No changes detected but version bump recommended

      545 |       if (validation.warnings.length > 0) {
      546 |         console.warn('Analysis validation warnings:');
    > 547 |         validation.warnings.forEach(warning => console.warn(`  - ${warning}`));
          |                                                        ^
      548 |       }
      549 |     }
      550 |

      at src/release/integration/ReleaseAnalysisIntegration.ts:547:56
          at Array.forEach (<anonymous>)
      at ReleaseAnalysisIntegration.analyze (src/release/integration/ReleaseAnalysisIntegration.ts:547:29)
      at Object.<anonymous> (src/release/integration/__tests__/ReleaseAnalysisIntegration.test.ts:572:7)

    console.warn
      Analysis validation warnings:

      544 |       // Log warnings if any
      545 |       if (validation.warnings.length > 0) {
    > 546 |         console.warn('Analysis validation warnings:');
          |                 ^
      547 |         validation.warnings.forEach(warning => console.warn(`  - ${warning}`));
      548 |       }
      549 |     }

      at ReleaseAnalysisIntegration.analyze (src/release/integration/ReleaseAnalysisIntegration.ts:546:17)
      at Object.<anonymous> (src/release/integration/__tests__/ReleaseAnalysisIntegration.test.ts:588:22)

    console.warn
        - No changes detected but version bump recommended

      545 |       if (validation.warnings.length > 0) {
      546 |         console.warn('Analysis validation warnings:');
    > 547 |         validation.warnings.forEach(warning => console.warn(`  - ${warning}`));
          |                                                        ^
      548 |       }
      549 |     }
      550 |

      at src/release/integration/ReleaseAnalysisIntegration.ts:547:56
          at Array.forEach (<anonymous>)
      at ReleaseAnalysisIntegration.analyze (src/release/integration/ReleaseAnalysisIntegration.ts:547:29)
      at Object.<anonymous> (src/release/integration/__tests__/ReleaseAnalysisIntegration.test.ts:588:22)

    console.warn
      Analysis validation warnings:

      544 |       // Log warnings if any
      545 |       if (validation.warnings.length > 0) {
    > 546 |         console.warn('Analysis validation warnings:');
          |                 ^
      547 |         validation.warnings.forEach(warning => console.warn(`  - ${warning}`));
      548 |       }
      549 |     }

      at ReleaseAnalysisIntegration.analyze (src/release/integration/ReleaseAnalysisIntegration.ts:546:17)
      at Object.<anonymous> (src/release/integration/__tests__/ReleaseAnalysisIntegration.test.ts:598:22)

    console.warn
        - No changes detected but version bump recommended

      545 |       if (validation.warnings.length > 0) {
      546 |         console.warn('Analysis validation warnings:');
    > 547 |         validation.warnings.forEach(warning => console.warn(`  - ${warning}`));
          |                                                        ^
      548 |       }
      549 |     }
      550 |

      at src/release/integration/ReleaseAnalysisIntegration.ts:547:56
          at Array.forEach (<anonymous>)
      at ReleaseAnalysisIntegration.analyze (src/release/integration/ReleaseAnalysisIntegration.ts:547:29)
      at Object.<anonymous> (src/release/integration/__tests__/ReleaseAnalysisIntegration.test.ts:598:22)

    console.warn
      Analysis validation warnings:

      544 |       // Log warnings if any
      545 |       if (validation.warnings.length > 0) {
    > 546 |         console.warn('Analysis validation warnings:');
          |                 ^
      547 |         validation.warnings.forEach(warning => console.warn(`  - ${warning}`));
      548 |       }
      549 |     }

      at ReleaseAnalysisIntegration.analyze (src/release/integration/ReleaseAnalysisIntegration.ts:546:17)
      at Object.<anonymous> (src/release/integration/__tests__/ReleaseAnalysisIntegration.test.ts:608:22)

    console.warn
        - No changes detected but version bump recommended

      545 |       if (validation.warnings.length > 0) {
      546 |         console.warn('Analysis validation warnings:');
    > 547 |         validation.warnings.forEach(warning => console.warn(`  - ${warning}`));
          |                                                        ^
      548 |       }
      549 |     }
      550 |

      at src/release/integration/ReleaseAnalysisIntegration.ts:547:56
          at Array.forEach (<anonymous>)
      at ReleaseAnalysisIntegration.analyze (src/release/integration/ReleaseAnalysisIntegration.ts:547:29)
      at Object.<anonymous> (src/release/integration/__tests__/ReleaseAnalysisIntegration.test.ts:608:22)

    console.warn
      Analysis validation warnings:

      544 |       // Log warnings if any
      545 |       if (validation.warnings.length > 0) {
    > 546 |         console.warn('Analysis validation warnings:');
          |                 ^
      547 |         validation.warnings.forEach(warning => console.warn(`  - ${warning}`));
      548 |       }
      549 |     }

      at ReleaseAnalysisIntegration.analyze (src/release/integration/ReleaseAnalysisIntegration.ts:546:17)
      at Object.<anonymous> (src/release/integration/__tests__/ReleaseAnalysisIntegration.test.ts:646:22)

    console.warn
        - No changes detected but version bump recommended

      545 |       if (validation.warnings.length > 0) {
      546 |         console.warn('Analysis validation warnings:');
    > 547 |         validation.warnings.forEach(warning => console.warn(`  - ${warning}`));
          |                                                        ^
      548 |       }
      549 |     }
      550 |

      at src/release/integration/ReleaseAnalysisIntegration.ts:547:56
          at Array.forEach (<anonymous>)
      at ReleaseAnalysisIntegration.analyze (src/release/integration/ReleaseAnalysisIntegration.ts:547:29)
      at Object.<anonymous> (src/release/integration/__tests__/ReleaseAnalysisIntegration.test.ts:646:22)

    console.warn
      Analysis validation warnings:

      544 |       // Log warnings if any
      545 |       if (validation.warnings.length > 0) {
    > 546 |         console.warn('Analysis validation warnings:');
          |                 ^
      547 |         validation.warnings.forEach(warning => console.warn(`  - ${warning}`));
      548 |       }
      549 |     }

      at ReleaseAnalysisIntegration.analyze (src/release/integration/ReleaseAnalysisIntegration.ts:546:17)
      at Object.<anonymous> (src/release/integration/__tests__/ReleaseAnalysisIntegration.test.ts:693:7)

    console.warn
        - No changes detected but version bump recommended

      545 |       if (validation.warnings.length > 0) {
      546 |         console.warn('Analysis validation warnings:');
    > 547 |         validation.warnings.forEach(warning => console.warn(`  - ${warning}`));
          |                                                        ^
      548 |       }
      549 |     }
      550 |

      at src/release/integration/ReleaseAnalysisIntegration.ts:547:56
          at Array.forEach (<anonymous>)
      at ReleaseAnalysisIntegration.analyze (src/release/integration/ReleaseAnalysisIntegration.ts:547:29)
      at Object.<anonymous> (src/release/integration/__tests__/ReleaseAnalysisIntegration.test.ts:693:7)

    console.warn
      Analysis validation warnings:

      544 |       // Log warnings if any
      545 |       if (validation.warnings.length > 0) {
    > 546 |         console.warn('Analysis validation warnings:');
          |                 ^
      547 |         validation.warnings.forEach(warning => console.warn(`  - ${warning}`));
      548 |       }
      549 |     }

      at ReleaseAnalysisIntegration.analyze (src/release/integration/ReleaseAnalysisIntegration.ts:546:17)
      at Object.<anonymous> (src/release/integration/__tests__/ReleaseAnalysisIntegration.test.ts:708:7)

    console.warn
        - No changes detected but version bump recommended

      545 |       if (validation.warnings.length > 0) {
      546 |         console.warn('Analysis validation warnings:');
    > 547 |         validation.warnings.forEach(warning => console.warn(`  - ${warning}`));
          |                                                        ^
      548 |       }
      549 |     }
      550 |

      at src/release/integration/ReleaseAnalysisIntegration.ts:547:56
          at Array.forEach (<anonymous>)
      at ReleaseAnalysisIntegration.analyze (src/release/integration/ReleaseAnalysisIntegration.ts:547:29)
      at Object.<anonymous> (src/release/integration/__tests__/ReleaseAnalysisIntegration.test.ts:708:7)

PASS src/release/detection/__tests__/DetectionAnalysisIntegration.integration.test.ts
  ● Console

    console.error
      Error analyzing completion documents: TypeError: Cannot read properties of undefined (reading 'split')
          at ReleaseDetector.extractBreakingChanges (/Users/3fn/Documents/Work Projects/Kiro/DesignerPunk-v2/src/release/detection/ReleaseDetector.ts:483:27)
          at ReleaseDetector.analyzeCompletionDocuments (/Users/3fn/Documents/Work Projects/Kiro/DesignerPunk-v2/src/release/detection/ReleaseDetector.ts:183:53)
          at processTicksAndRejections (node:internal/process/task_queues:105:5)
          at ReleaseDetector.detectReleaseFromSpecCompletion (/Users/3fn/Documents/Work Projects/Kiro/DesignerPunk-v2/src/release/detection/ReleaseDetector.ts:123:24)
          at Object.<anonymous> (/Users/3fn/Documents/Work Projects/Kiro/DesignerPunk-v2/src/release/detection/__tests__/DetectionAnalysisIntegration.integration.test.ts:83:22)

      200 |
      201 |     } catch (error) {
    > 202 |       console.error('Error analyzing completion documents:', error);
          |               ^
      203 |     }
      204 |
      205 |     return analysis;

      at ReleaseDetector.analyzeCompletionDocuments (src/release/detection/ReleaseDetector.ts:202:15)
      at ReleaseDetector.detectReleaseFromSpecCompletion (src/release/detection/ReleaseDetector.ts:123:24)
      at Object.<anonymous> (src/release/detection/__tests__/DetectionAnalysisIntegration.integration.test.ts:83:22)

    console.error
      Error analyzing completion documents: TypeError: Cannot read properties of undefined (reading 'split')
          at ReleaseDetector.extractBreakingChanges (/Users/3fn/Documents/Work Projects/Kiro/DesignerPunk-v2/src/release/detection/ReleaseDetector.ts:483:27)
          at ReleaseDetector.analyzeCompletionDocuments (/Users/3fn/Documents/Work Projects/Kiro/DesignerPunk-v2/src/release/detection/ReleaseDetector.ts:183:53)
          at processTicksAndRejections (node:internal/process/task_queues:105:5)
          at ReleaseDetector.detectReleaseFromSpecCompletion (/Users/3fn/Documents/Work Projects/Kiro/DesignerPunk-v2/src/release/detection/ReleaseDetector.ts:123:24)
          at Object.<anonymous> (/Users/3fn/Documents/Work Projects/Kiro/DesignerPunk-v2/src/release/detection/__tests__/DetectionAnalysisIntegration.integration.test.ts:114:22)

      200 |
      201 |     } catch (error) {
    > 202 |       console.error('Error analyzing completion documents:', error);
          |               ^
      203 |     }
      204 |
      205 |     return analysis;

      at ReleaseDetector.analyzeCompletionDocuments (src/release/detection/ReleaseDetector.ts:202:15)
      at ReleaseDetector.detectReleaseFromSpecCompletion (src/release/detection/ReleaseDetector.ts:123:24)
      at Object.<anonymous> (src/release/detection/__tests__/DetectionAnalysisIntegration.integration.test.ts:114:22)

    console.error
      Error analyzing completion documents: TypeError: Cannot read properties of undefined (reading 'split')
          at ReleaseDetector.extractBreakingChanges (/Users/3fn/Documents/Work Projects/Kiro/DesignerPunk-v2/src/release/detection/ReleaseDetector.ts:483:27)
          at ReleaseDetector.analyzeCompletionDocuments (/Users/3fn/Documents/Work Projects/Kiro/DesignerPunk-v2/src/release/detection/ReleaseDetector.ts:183:53)
          at processTicksAndRejections (node:internal/process/task_queues:105:5)
          at ReleaseDetector.detectReleaseFromSpecCompletion (/Users/3fn/Documents/Work Projects/Kiro/DesignerPunk-v2/src/release/detection/ReleaseDetector.ts:123:24)
          at Object.<anonymous> (/Users/3fn/Documents/Work Projects/Kiro/DesignerPunk-v2/src/release/detection/__tests__/DetectionAnalysisIntegration.integration.test.ts:154:22)

      200 |
      201 |     } catch (error) {
    > 202 |       console.error('Error analyzing completion documents:', error);
          |               ^
      203 |     }
      204 |
      205 |     return analysis;

      at ReleaseDetector.analyzeCompletionDocuments (src/release/detection/ReleaseDetector.ts:202:15)
      at ReleaseDetector.detectReleaseFromSpecCompletion (src/release/detection/ReleaseDetector.ts:123:24)
      at Object.<anonymous> (src/release/detection/__tests__/DetectionAnalysisIntegration.integration.test.ts:154:22)

    console.error
      Error analyzing completion documents: TypeError: Cannot read properties of undefined (reading 'split')
          at ReleaseDetector.extractBreakingChanges (/Users/3fn/Documents/Work Projects/Kiro/DesignerPunk-v2/src/release/detection/ReleaseDetector.ts:483:27)
          at ReleaseDetector.analyzeCompletionDocuments (/Users/3fn/Documents/Work Projects/Kiro/DesignerPunk-v2/src/release/detection/ReleaseDetector.ts:183:53)
          at processTicksAndRejections (node:internal/process/task_queues:105:5)
          at ReleaseDetector.detectReleaseFromSpecCompletion (/Users/3fn/Documents/Work Projects/Kiro/DesignerPunk-v2/src/release/detection/ReleaseDetector.ts:123:24)
          at Object.<anonymous> (/Users/3fn/Documents/Work Projects/Kiro/DesignerPunk-v2/src/release/detection/__tests__/DetectionAnalysisIntegration.integration.test.ts:370:22)

      200 |
      201 |     } catch (error) {
    > 202 |       console.error('Error analyzing completion documents:', error);
          |               ^
      203 |     }
      204 |
      205 |     return analysis;

      at ReleaseDetector.analyzeCompletionDocuments (src/release/detection/ReleaseDetector.ts:202:15)
      at ReleaseDetector.detectReleaseFromSpecCompletion (src/release/detection/ReleaseDetector.ts:123:24)
      at Object.<anonymous> (src/release/detection/__tests__/DetectionAnalysisIntegration.integration.test.ts:370:22)

    console.error
      Error analyzing completion documents: TypeError: Cannot read properties of undefined (reading 'split')
          at ReleaseDetector.extractBreakingChanges (/Users/3fn/Documents/Work Projects/Kiro/DesignerPunk-v2/src/release/detection/ReleaseDetector.ts:483:27)
          at ReleaseDetector.analyzeCompletionDocuments (/Users/3fn/Documents/Work Projects/Kiro/DesignerPunk-v2/src/release/detection/ReleaseDetector.ts:183:53)
          at processTicksAndRejections (node:internal/process/task_queues:105:5)
          at ReleaseDetector.detectReleaseFromSpecCompletion (/Users/3fn/Documents/Work Projects/Kiro/DesignerPunk-v2/src/release/detection/ReleaseDetector.ts:123:24)
          at Object.<anonymous> (/Users/3fn/Documents/Work Projects/Kiro/DesignerPunk-v2/src/release/detection/__tests__/DetectionAnalysisIntegration.integration.test.ts:500:22)

      200 |
      201 |     } catch (error) {
    > 202 |       console.error('Error analyzing completion documents:', error);
          |               ^
      203 |     }
      204 |
      205 |     return analysis;

      at ReleaseDetector.analyzeCompletionDocuments (src/release/detection/ReleaseDetector.ts:202:15)
      at ReleaseDetector.detectReleaseFromSpecCompletion (src/release/detection/ReleaseDetector.ts:123:24)
      at Object.<anonymous> (src/release/detection/__tests__/DetectionAnalysisIntegration.integration.test.ts:500:22)

    console.error
      Error analyzing completion documents: TypeError: Cannot read properties of undefined (reading 'split')
          at ReleaseDetector.extractBreakingChanges (/Users/3fn/Documents/Work Projects/Kiro/DesignerPunk-v2/src/release/detection/ReleaseDetector.ts:483:27)
          at ReleaseDetector.analyzeCompletionDocuments (/Users/3fn/Documents/Work Projects/Kiro/DesignerPunk-v2/src/release/detection/ReleaseDetector.ts:183:53)
          at processTicksAndRejections (node:internal/process/task_queues:105:5)
          at ReleaseDetector.detectReleaseFromSpecCompletion (/Users/3fn/Documents/Work Projects/Kiro/DesignerPunk-v2/src/release/detection/ReleaseDetector.ts:123:24)
          at Object.<anonymous> (/Users/3fn/Documents/Work Projects/Kiro/DesignerPunk-v2/src/release/detection/__tests__/DetectionAnalysisIntegration.integration.test.ts:517:22)

      200 |
      201 |     } catch (error) {
    > 202 |       console.error('Error analyzing completion documents:', error);
          |               ^
      203 |     }
      204 |
      205 |     return analysis;

      at ReleaseDetector.analyzeCompletionDocuments (src/release/detection/ReleaseDetector.ts:202:15)
      at ReleaseDetector.detectReleaseFromSpecCompletion (src/release/detection/ReleaseDetector.ts:123:24)
      at Object.<anonymous> (src/release/detection/__tests__/DetectionAnalysisIntegration.integration.test.ts:517:22)

PASS src/providers/__tests__/PathProviders.test.ts
PASS src/__tests__/examples/improved-test-example.test.ts
PASS src/build/__tests__/AndroidBuildIntegration.test.ts
PASS src/release-analysis/versioning/__tests__/VersionCalculator.test.ts
PASS src/release-analysis/extraction/__tests__/ChangeCategorizationSystem.test.ts
PASS src/build/validation/__tests__/MethodSignatureValidator.test.ts
PASS src/release/orchestration/__tests__/RollbackCoordinator.test.ts
  ● Console

    console.log
      
      🔄 Starting comprehensive rollback...

      at RollbackCoordinator.executeRollback (src/release/orchestration/ErrorRecovery.ts:770:13)

    console.log
         Components: npm, github, changelog, package-json, git

      at RollbackCoordinator.executeRollback (src/release/orchestration/ErrorRecovery.ts:771:13)

    console.log
      
      🔄 Rolling back npm...

      at RollbackCoordinator.rollbackComponent (src/release/orchestration/ErrorRecovery.ts:834:13)

    console.log
      ✅ Rolled back npm

      at RollbackCoordinator.rollbackComponent (src/release/orchestration/ErrorRecovery.ts:857:15)

    console.log
      
      🔄 Rolling back github...

      at RollbackCoordinator.rollbackComponent (src/release/orchestration/ErrorRecovery.ts:834:13)

    console.log
      ✅ Rolled back github

      at RollbackCoordinator.rollbackComponent (src/release/orchestration/ErrorRecovery.ts:857:15)

    console.log
      
      🔄 Rolling back changelog...

      at RollbackCoordinator.rollbackComponent (src/release/orchestration/ErrorRecovery.ts:834:13)

    console.log
      ✅ Rolled back changelog

      at RollbackCoordinator.rollbackComponent (src/release/orchestration/ErrorRecovery.ts:857:15)

    console.log
      
      🔄 Rolling back package-json...

      at RollbackCoordinator.rollbackComponent (src/release/orchestration/ErrorRecovery.ts:834:13)

    console.log
      ✅ Rolled back package-json

      at RollbackCoordinator.rollbackComponent (src/release/orchestration/ErrorRecovery.ts:857:15)

    console.log
      
      🔄 Rolling back git...

      at RollbackCoordinator.rollbackComponent (src/release/orchestration/ErrorRecovery.ts:834:13)

    console.log
      ✅ Rolled back git

      at RollbackCoordinator.rollbackComponent (src/release/orchestration/ErrorRecovery.ts:857:15)

    console.log
      
      ✅ Rollback complete

      at RollbackCoordinator.executeRollback (src/release/orchestration/ErrorRecovery.ts:803:13)

    console.log
         Duration: 0.01s

      at RollbackCoordinator.executeRollback (src/release/orchestration/ErrorRecovery.ts:804:13)

    console.log
         Rolled back: npm, github, changelog, package-json, git

      at RollbackCoordinator.executeRollback (src/release/orchestration/ErrorRecovery.ts:805:13)

    console.log
      
      🔄 Starting comprehensive rollback...

      at RollbackCoordinator.executeRollback (src/release/orchestration/ErrorRecovery.ts:770:13)

    console.log
         Components: git, package-json

      at RollbackCoordinator.executeRollback (src/release/orchestration/ErrorRecovery.ts:771:13)

    console.log
      
      🔄 Rolling back git...

      at RollbackCoordinator.rollbackComponent (src/release/orchestration/ErrorRecovery.ts:834:13)

    console.log
      ✅ Rolled back git

      at RollbackCoordinator.rollbackComponent (src/release/orchestration/ErrorRecovery.ts:857:15)

    console.log
      
      🔄 Rolling back package-json...

      at RollbackCoordinator.rollbackComponent (src/release/orchestration/ErrorRecovery.ts:834:13)

    console.log
      ✅ Rolled back package-json

      at RollbackCoordinator.rollbackComponent (src/release/orchestration/ErrorRecovery.ts:857:15)

    console.log
      
      ✅ Rollback complete

      at RollbackCoordinator.executeRollback (src/release/orchestration/ErrorRecovery.ts:803:13)

    console.log
         Duration: 0.00s

      at RollbackCoordinator.executeRollback (src/release/orchestration/ErrorRecovery.ts:804:13)

    console.log
         Rolled back: git, package-json

      at RollbackCoordinator.executeRollback (src/release/orchestration/ErrorRecovery.ts:805:13)

    console.log
      
      🔄 Starting comprehensive rollback...

      at RollbackCoordinator.executeRollback (src/release/orchestration/ErrorRecovery.ts:770:13)

    console.log
         Components: npm, github, changelog, package-json, git

      at RollbackCoordinator.executeRollback (src/release/orchestration/ErrorRecovery.ts:771:13)

    console.log
      
      🔄 Rolling back npm...

      at RollbackCoordinator.rollbackComponent (src/release/orchestration/ErrorRecovery.ts:834:13)

    console.log
      ✅ Rolled back npm

      at RollbackCoordinator.rollbackComponent (src/release/orchestration/ErrorRecovery.ts:857:15)

    console.log
      
      🔄 Rolling back github...

      at RollbackCoordinator.rollbackComponent (src/release/orchestration/ErrorRecovery.ts:834:13)

    console.log
      ✅ Rolled back github

      at RollbackCoordinator.rollbackComponent (src/release/orchestration/ErrorRecovery.ts:857:15)

    console.log
      
      🔄 Rolling back changelog...

      at RollbackCoordinator.rollbackComponent (src/release/orchestration/ErrorRecovery.ts:834:13)

    console.log
      ✅ Rolled back changelog

      at RollbackCoordinator.rollbackComponent (src/release/orchestration/ErrorRecovery.ts:857:15)

    console.log
      
      🔄 Rolling back package-json...

      at RollbackCoordinator.rollbackComponent (src/release/orchestration/ErrorRecovery.ts:834:13)

    console.log
      ✅ Rolled back package-json

      at RollbackCoordinator.rollbackComponent (src/release/orchestration/ErrorRecovery.ts:857:15)

    console.log
      
      🔄 Rolling back git...

      at RollbackCoordinator.rollbackComponent (src/release/orchestration/ErrorRecovery.ts:834:13)

    console.error
      ❌ Failed to rollback git: Git rollback failed

      869 |
      870 |       this.addAuditEntry(component, 'rollback', false, '', errorMessage);
    > 871 |       console.error(`❌ Failed to rollback ${component}: ${errorMessage}`);
          |               ^
      872 |
      873 |       if (!force) {
      874 |         throw error;

      at RollbackCoordinator.rollbackComponent (src/release/orchestration/ErrorRecovery.ts:871:15)
      at RollbackCoordinator.executeRollback (src/release/orchestration/ErrorRecovery.ts:776:9)
      at Object.<anonymous> (src/release/orchestration/__tests__/RollbackCoordinator.test.ts:178:22)

    console.log
      
      ⚠️  Rollback completed with errors

      at RollbackCoordinator.executeRollback (src/release/orchestration/ErrorRecovery.ts:803:13)

    console.log
         Duration: 0.01s

      at RollbackCoordinator.executeRollback (src/release/orchestration/ErrorRecovery.ts:804:13)

    console.log
         Rolled back: npm, github, changelog, package-json

      at RollbackCoordinator.executeRollback (src/release/orchestration/ErrorRecovery.ts:805:13)

    console.log
         Failed: git

      at RollbackCoordinator.executeRollback (src/release/orchestration/ErrorRecovery.ts:807:15)

    console.log
      
      🔄 Starting comprehensive rollback...

      at RollbackCoordinator.executeRollback (src/release/orchestration/ErrorRecovery.ts:770:13)

    console.log
         Components: package-json, git

      at RollbackCoordinator.executeRollback (src/release/orchestration/ErrorRecovery.ts:771:13)

    console.log
      
      🔄 Rolling back package-json...

      at RollbackCoordinator.rollbackComponent (src/release/orchestration/ErrorRecovery.ts:834:13)

    console.log
      ✅ Rolled back package-json

      at RollbackCoordinator.rollbackComponent (src/release/orchestration/ErrorRecovery.ts:857:15)

    console.log
      
      🔄 Rolling back git...

      at RollbackCoordinator.rollbackComponent (src/release/orchestration/ErrorRecovery.ts:834:13)

    console.error
      ❌ Failed to rollback git: Git rollback failed

      869 |
      870 |       this.addAuditEntry(component, 'rollback', false, '', errorMessage);
    > 871 |       console.error(`❌ Failed to rollback ${component}: ${errorMessage}`);
          |               ^
      872 |
      873 |       if (!force) {
      874 |         throw error;

      at RollbackCoordinator.rollbackComponent (src/release/orchestration/ErrorRecovery.ts:871:15)
      at RollbackCoordinator.executeRollback (src/release/orchestration/ErrorRecovery.ts:776:9)
      at Object.<anonymous> (src/release/orchestration/__tests__/RollbackCoordinator.test.ts:202:22)

    console.log
      
      ⚠️  Rollback completed with errors

      at RollbackCoordinator.executeRollback (src/release/orchestration/ErrorRecovery.ts:803:13)

    console.log
         Duration: 0.00s

      at RollbackCoordinator.executeRollback (src/release/orchestration/ErrorRecovery.ts:804:13)

    console.log
         Rolled back: package-json

      at RollbackCoordinator.executeRollback (src/release/orchestration/ErrorRecovery.ts:805:13)

    console.log
         Failed: git

      at RollbackCoordinator.executeRollback (src/release/orchestration/ErrorRecovery.ts:807:15)

    console.log
      
      🔄 Starting comprehensive rollback...

      at RollbackCoordinator.executeRollback (src/release/orchestration/ErrorRecovery.ts:770:13)

    console.log
         Components: npm, github, changelog, package-json, git

      at RollbackCoordinator.executeRollback (src/release/orchestration/ErrorRecovery.ts:771:13)

    console.log
      
      🔄 Rolling back npm...

      at RollbackCoordinator.rollbackComponent (src/release/orchestration/ErrorRecovery.ts:834:13)

    console.log
      ✅ Rolled back npm

      at RollbackCoordinator.rollbackComponent (src/release/orchestration/ErrorRecovery.ts:857:15)

    console.log
      
      🔄 Rolling back github...

      at RollbackCoordinator.rollbackComponent (src/release/orchestration/ErrorRecovery.ts:834:13)

    console.log
      ✅ Rolled back github

      at RollbackCoordinator.rollbackComponent (src/release/orchestration/ErrorRecovery.ts:857:15)

    console.log
      
      🔄 Rolling back changelog...

      at RollbackCoordinator.rollbackComponent (src/release/orchestration/ErrorRecovery.ts:834:13)

    console.log
      ✅ Rolled back changelog

      at RollbackCoordinator.rollbackComponent (src/release/orchestration/ErrorRecovery.ts:857:15)

    console.log
      
      🔄 Rolling back package-json...

      at RollbackCoordinator.rollbackComponent (src/release/orchestration/ErrorRecovery.ts:834:13)

    console.log
      ✅ Rolled back package-json

      at RollbackCoordinator.rollbackComponent (src/release/orchestration/ErrorRecovery.ts:857:15)

    console.log
      
      🔄 Rolling back git...

      at RollbackCoordinator.rollbackComponent (src/release/orchestration/ErrorRecovery.ts:834:13)

    console.log
      ✅ Rolled back git

      at RollbackCoordinator.rollbackComponent (src/release/orchestration/ErrorRecovery.ts:857:15)

    console.log
      
      ✅ Rollback complete

      at RollbackCoordinator.executeRollback (src/release/orchestration/ErrorRecovery.ts:803:13)

    console.log
         Duration: 0.00s

      at RollbackCoordinator.executeRollback (src/release/orchestration/ErrorRecovery.ts:804:13)

    console.log
         Rolled back: npm, github, changelog, package-json, git

      at RollbackCoordinator.executeRollback (src/release/orchestration/ErrorRecovery.ts:805:13)

    console.log
      
      🔄 Starting comprehensive rollback...

      at RollbackCoordinator.executeRollback (src/release/orchestration/ErrorRecovery.ts:770:13)

    console.log
         Components: npm

      at RollbackCoordinator.executeRollback (src/release/orchestration/ErrorRecovery.ts:771:13)

    console.log
      
      🔄 Rolling back npm...

      at RollbackCoordinator.rollbackComponent (src/release/orchestration/ErrorRecovery.ts:834:13)

    console.log
      ✅ Rolled back npm

      at RollbackCoordinator.rollbackComponent (src/release/orchestration/ErrorRecovery.ts:857:15)

    console.log
      
      ✅ Rollback complete

      at RollbackCoordinator.executeRollback (src/release/orchestration/ErrorRecovery.ts:803:13)

    console.log
         Duration: 0.00s

      at RollbackCoordinator.executeRollback (src/release/orchestration/ErrorRecovery.ts:804:13)

    console.log
         Rolled back: npm

      at RollbackCoordinator.executeRollback (src/release/orchestration/ErrorRecovery.ts:805:13)

    console.log
      
      🔄 Starting comprehensive rollback...

      at RollbackCoordinator.executeRollback (src/release/orchestration/ErrorRecovery.ts:770:13)

    console.log
         Components: github

      at RollbackCoordinator.executeRollback (src/release/orchestration/ErrorRecovery.ts:771:13)

    console.log
      
      🔄 Rolling back github...

      at RollbackCoordinator.rollbackComponent (src/release/orchestration/ErrorRecovery.ts:834:13)

    console.log
      ✅ Rolled back github

      at RollbackCoordinator.rollbackComponent (src/release/orchestration/ErrorRecovery.ts:857:15)

    console.log
      
      ✅ Rollback complete

      at RollbackCoordinator.executeRollback (src/release/orchestration/ErrorRecovery.ts:803:13)

    console.log
         Duration: 0.00s

      at RollbackCoordinator.executeRollback (src/release/orchestration/ErrorRecovery.ts:804:13)

    console.log
         Rolled back: github

      at RollbackCoordinator.executeRollback (src/release/orchestration/ErrorRecovery.ts:805:13)

    console.log
      
      🔄 Starting comprehensive rollback...

      at RollbackCoordinator.executeRollback (src/release/orchestration/ErrorRecovery.ts:770:13)

    console.log
         Components: npm

      at RollbackCoordinator.executeRollback (src/release/orchestration/ErrorRecovery.ts:771:13)

    console.log
      
      🔄 Rolling back npm...

      at RollbackCoordinator.rollbackComponent (src/release/orchestration/ErrorRecovery.ts:834:13)

    console.log
      ✅ Rolled back npm

      at RollbackCoordinator.rollbackComponent (src/release/orchestration/ErrorRecovery.ts:857:15)

    console.log
      
      ✅ Rollback complete

      at RollbackCoordinator.executeRollback (src/release/orchestration/ErrorRecovery.ts:803:13)

    console.log
         Duration: 0.00s

      at RollbackCoordinator.executeRollback (src/release/orchestration/ErrorRecovery.ts:804:13)

    console.log
         Rolled back: npm

      at RollbackCoordinator.executeRollback (src/release/orchestration/ErrorRecovery.ts:805:13)

    console.log
      
      🔄 Starting comprehensive rollback...

      at RollbackCoordinator.executeRollback (src/release/orchestration/ErrorRecovery.ts:770:13)

    console.log
         Components: github

      at RollbackCoordinator.executeRollback (src/release/orchestration/ErrorRecovery.ts:771:13)

    console.log
      
      🔄 Rolling back github...

      at RollbackCoordinator.rollbackComponent (src/release/orchestration/ErrorRecovery.ts:834:13)

    console.log
      ✅ Rolled back github

      at RollbackCoordinator.rollbackComponent (src/release/orchestration/ErrorRecovery.ts:857:15)

    console.log
      
      ✅ Rollback complete

      at RollbackCoordinator.executeRollback (src/release/orchestration/ErrorRecovery.ts:803:13)

    console.log
         Duration: 0.00s

      at RollbackCoordinator.executeRollback (src/release/orchestration/ErrorRecovery.ts:804:13)

    console.log
         Rolled back: github

      at RollbackCoordinator.executeRollback (src/release/orchestration/ErrorRecovery.ts:805:13)

    console.log
      
      🔄 Starting comprehensive rollback...

      at RollbackCoordinator.executeRollback (src/release/orchestration/ErrorRecovery.ts:770:13)

    console.log
         Components: git

      at RollbackCoordinator.executeRollback (src/release/orchestration/ErrorRecovery.ts:771:13)

    console.log
      
      🔄 Rolling back git...

      at RollbackCoordinator.rollbackComponent (src/release/orchestration/ErrorRecovery.ts:834:13)

    console.log
      ✅ Rolled back git

      at RollbackCoordinator.rollbackComponent (src/release/orchestration/ErrorRecovery.ts:857:15)

    console.log
      
      ✅ Rollback complete

      at RollbackCoordinator.executeRollback (src/release/orchestration/ErrorRecovery.ts:803:13)

    console.log
         Duration: 0.00s

      at RollbackCoordinator.executeRollback (src/release/orchestration/ErrorRecovery.ts:804:13)

    console.log
         Rolled back: git

      at RollbackCoordinator.executeRollback (src/release/orchestration/ErrorRecovery.ts:805:13)

    console.log
      
      🔄 Starting comprehensive rollback...

      at RollbackCoordinator.executeRollback (src/release/orchestration/ErrorRecovery.ts:770:13)

    console.log
         Components: git

      at RollbackCoordinator.executeRollback (src/release/orchestration/ErrorRecovery.ts:771:13)

    console.log
      
      🔄 Rolling back git...

      at RollbackCoordinator.rollbackComponent (src/release/orchestration/ErrorRecovery.ts:834:13)

    console.error
      ❌ Failed to rollback git: Rollback failed

      869 |
      870 |       this.addAuditEntry(component, 'rollback', false, '', errorMessage);
    > 871 |       console.error(`❌ Failed to rollback ${component}: ${errorMessage}`);
          |               ^
      872 |
      873 |       if (!force) {
      874 |         throw error;

      at RollbackCoordinator.rollbackComponent (src/release/orchestration/ErrorRecovery.ts:871:15)
      at RollbackCoordinator.executeRollback (src/release/orchestration/ErrorRecovery.ts:776:9)
      at Object.<anonymous> (src/release/orchestration/__tests__/RollbackCoordinator.test.ts:412:7)

    console.log
      
      ⚠️  Rollback completed with errors

      at RollbackCoordinator.executeRollback (src/release/orchestration/ErrorRecovery.ts:803:13)

    console.log
         Duration: 0.00s

      at RollbackCoordinator.executeRollback (src/release/orchestration/ErrorRecovery.ts:804:13)

    console.log
         Rolled back:

      at RollbackCoordinator.executeRollback (src/release/orchestration/ErrorRecovery.ts:805:13)

    console.log
         Failed: git

      at RollbackCoordinator.executeRollback (src/release/orchestration/ErrorRecovery.ts:807:15)

    console.log
      
      🔄 Starting comprehensive rollback...

      at RollbackCoordinator.executeRollback (src/release/orchestration/ErrorRecovery.ts:770:13)

    console.log
         Components: git

      at RollbackCoordinator.executeRollback (src/release/orchestration/ErrorRecovery.ts:771:13)

    console.log
      
      🔄 Rolling back git...

      at RollbackCoordinator.rollbackComponent (src/release/orchestration/ErrorRecovery.ts:834:13)

    console.log
      ✅ Rolled back git

      at RollbackCoordinator.rollbackComponent (src/release/orchestration/ErrorRecovery.ts:857:15)

    console.log
      
      ✅ Rollback complete

      at RollbackCoordinator.executeRollback (src/release/orchestration/ErrorRecovery.ts:803:13)

    console.log
         Duration: 0.00s

      at RollbackCoordinator.executeRollback (src/release/orchestration/ErrorRecovery.ts:804:13)

    console.log
         Rolled back: git

      at RollbackCoordinator.executeRollback (src/release/orchestration/ErrorRecovery.ts:805:13)

    console.log
      
      🔄 Starting comprehensive rollback...

      at RollbackCoordinator.executeRollback (src/release/orchestration/ErrorRecovery.ts:770:13)

    console.log
         Components: git

      at RollbackCoordinator.executeRollback (src/release/orchestration/ErrorRecovery.ts:771:13)

    console.log
      
      🔄 Rolling back git...

      at RollbackCoordinator.rollbackComponent (src/release/orchestration/ErrorRecovery.ts:834:13)

    console.log
      ✅ Rolled back git

      at RollbackCoordinator.rollbackComponent (src/release/orchestration/ErrorRecovery.ts:857:15)

    console.log
      
      ✅ Rollback complete

      at RollbackCoordinator.executeRollback (src/release/orchestration/ErrorRecovery.ts:803:13)

    console.log
         Duration: 0.00s

      at RollbackCoordinator.executeRollback (src/release/orchestration/ErrorRecovery.ts:804:13)

    console.log
         Rolled back: git

      at RollbackCoordinator.executeRollback (src/release/orchestration/ErrorRecovery.ts:805:13)

    console.log
      
      🔄 Starting comprehensive rollback...

      at RollbackCoordinator.executeRollback (src/release/orchestration/ErrorRecovery.ts:770:13)

    console.log
         Components: git

      at RollbackCoordinator.executeRollback (src/release/orchestration/ErrorRecovery.ts:771:13)

    console.log
      
      🔄 Rolling back git...

      at RollbackCoordinator.rollbackComponent (src/release/orchestration/ErrorRecovery.ts:834:13)

    console.log
      ✅ Rolled back git

      at RollbackCoordinator.rollbackComponent (src/release/orchestration/ErrorRecovery.ts:857:15)

    console.log
      
      ✅ Rollback complete

      at RollbackCoordinator.executeRollback (src/release/orchestration/ErrorRecovery.ts:803:13)

    console.log
         Duration: 0.00s

      at RollbackCoordinator.executeRollback (src/release/orchestration/ErrorRecovery.ts:804:13)

    console.log
         Rolled back: git

      at RollbackCoordinator.executeRollback (src/release/orchestration/ErrorRecovery.ts:805:13)

    console.log
      
      🔄 Starting comprehensive rollback...

      at RollbackCoordinator.executeRollback (src/release/orchestration/ErrorRecovery.ts:770:13)

    console.log
         Components:

      at RollbackCoordinator.executeRollback (src/release/orchestration/ErrorRecovery.ts:771:13)

    console.log
      
      ✅ Rollback complete

      at RollbackCoordinator.executeRollback (src/release/orchestration/ErrorRecovery.ts:803:13)

    console.log
         Duration: 0.00s

      at RollbackCoordinator.executeRollback (src/release/orchestration/ErrorRecovery.ts:804:13)

    console.log
         Rolled back:

      at RollbackCoordinator.executeRollback (src/release/orchestration/ErrorRecovery.ts:805:13)

    console.log
      
      🔄 Starting comprehensive rollback...

      at RollbackCoordinator.executeRollback (src/release/orchestration/ErrorRecovery.ts:770:13)

    console.log
         Components: git, npm

      at RollbackCoordinator.executeRollback (src/release/orchestration/ErrorRecovery.ts:771:13)

    console.log
      
      🔄 Rolling back git...

      at RollbackCoordinator.rollbackComponent (src/release/orchestration/ErrorRecovery.ts:834:13)

    console.log
      ✅ Rolled back git

      at RollbackCoordinator.rollbackComponent (src/release/orchestration/ErrorRecovery.ts:857:15)

    console.log
      
      🔄 Rolling back npm...

      at RollbackCoordinator.rollbackComponent (src/release/orchestration/ErrorRecovery.ts:834:13)

    console.log
      ✅ Rolled back npm

      at RollbackCoordinator.rollbackComponent (src/release/orchestration/ErrorRecovery.ts:857:15)

    console.log
      
      ✅ Rollback complete

      at RollbackCoordinator.executeRollback (src/release/orchestration/ErrorRecovery.ts:803:13)

    console.log
         Duration: 0.00s

      at RollbackCoordinator.executeRollback (src/release/orchestration/ErrorRecovery.ts:804:13)

    console.log
         Rolled back: git, npm

      at RollbackCoordinator.executeRollback (src/release/orchestration/ErrorRecovery.ts:805:13)

    console.log
      
      🔄 Starting comprehensive rollback...

      at RollbackCoordinator.executeRollback (src/release/orchestration/ErrorRecovery.ts:770:13)

    console.log
         Components: git

      at RollbackCoordinator.executeRollback (src/release/orchestration/ErrorRecovery.ts:771:13)

    console.log
      
      🔄 Rolling back git...

      at RollbackCoordinator.rollbackComponent (src/release/orchestration/ErrorRecovery.ts:834:13)

    console.log
      ✅ Rolled back git

      at RollbackCoordinator.rollbackComponent (src/release/orchestration/ErrorRecovery.ts:857:15)

    console.log
      
      ✅ Rollback complete

      at RollbackCoordinator.executeRollback (src/release/orchestration/ErrorRecovery.ts:803:13)

    console.log
         Duration: 0.00s

      at RollbackCoordinator.executeRollback (src/release/orchestration/ErrorRecovery.ts:804:13)

    console.log
         Rolled back: git

      at RollbackCoordinator.executeRollback (src/release/orchestration/ErrorRecovery.ts:805:13)

    console.log
      
      🔄 Starting comprehensive rollback...

      at RollbackCoordinator.executeRollback (src/release/orchestration/ErrorRecovery.ts:770:13)

    console.log
         Components: npm, github, changelog, package-json, git

      at RollbackCoordinator.executeRollback (src/release/orchestration/ErrorRecovery.ts:771:13)

    console.log
      
      🔄 Rolling back npm...

      at RollbackCoordinator.rollbackComponent (src/release/orchestration/ErrorRecovery.ts:834:13)

    console.log
      ✅ Rolled back npm

      at RollbackCoordinator.rollbackComponent (src/release/orchestration/ErrorRecovery.ts:857:15)

    console.log
      
      🔄 Rolling back github...

      at RollbackCoordinator.rollbackComponent (src/release/orchestration/ErrorRecovery.ts:834:13)

    console.log
      ✅ Rolled back github

      at RollbackCoordinator.rollbackComponent (src/release/orchestration/ErrorRecovery.ts:857:15)

    console.log
      
      🔄 Rolling back changelog...

      at RollbackCoordinator.rollbackComponent (src/release/orchestration/ErrorRecovery.ts:834:13)

    console.log
      ✅ Rolled back changelog

      at RollbackCoordinator.rollbackComponent (src/release/orchestration/ErrorRecovery.ts:857:15)

    console.log
      
      🔄 Rolling back package-json...

      at RollbackCoordinator.rollbackComponent (src/release/orchestration/ErrorRecovery.ts:834:13)

    console.error
      ❌ Failed to rollback package-json: Package rollback failed

      869 |
      870 |       this.addAuditEntry(component, 'rollback', false, '', errorMessage);
    > 871 |       console.error(`❌ Failed to rollback ${component}: ${errorMessage}`);
          |               ^
      872 |
      873 |       if (!force) {
      874 |         throw error;

      at RollbackCoordinator.rollbackComponent (src/release/orchestration/ErrorRecovery.ts:871:15)
      at RollbackCoordinator.executeRollback (src/release/orchestration/ErrorRecovery.ts:776:9)
      at Object.<anonymous> (src/release/orchestration/__tests__/RollbackCoordinator.test.ts:582:22)

    console.log
      
      🔄 Rolling back git...

      at RollbackCoordinator.rollbackComponent (src/release/orchestration/ErrorRecovery.ts:834:13)

    console.log
      ✅ Rolled back git

      at RollbackCoordinator.rollbackComponent (src/release/orchestration/ErrorRecovery.ts:857:15)

    console.log
      
      ⚠️  Rollback completed with errors

      at RollbackCoordinator.executeRollback (src/release/orchestration/ErrorRecovery.ts:803:13)

    console.log
         Duration: 0.00s

      at RollbackCoordinator.executeRollback (src/release/orchestration/ErrorRecovery.ts:804:13)

    console.log
         Rolled back: npm, github, changelog, git

      at RollbackCoordinator.executeRollback (src/release/orchestration/ErrorRecovery.ts:805:13)

    console.log
         Failed: package-json

      at RollbackCoordinator.executeRollback (src/release/orchestration/ErrorRecovery.ts:807:15)

PASS src/__tests__/integration/OpacityPlatformTranslation.test.ts
PASS src/validators/__tests__/BorderWidthValidation.test.ts
PASS src/release-analysis/config/__tests__/AnalysisConfigManager.test.ts
PASS src/tokens/__tests__/OpacityTokens.test.ts
PASS src/release/automation/__tests__/PackageUpdater.test.ts
  ● Console

    console.log
      ✅ Updated /Users/3fn/Documents/Work Projects/Kiro/DesignerPunk-v2/src/release/automation/__tests__/__test-packages__/package.json: 1.0.0 → 1.1.0

      at PackageUpdater.updatePackageVersion (src/release/automation/PackageUpdater.ts:110:15)

    console.log
      ✅ Updated /Users/3fn/Documents/Work Projects/Kiro/DesignerPunk-v2/src/release/automation/__tests__/__test-packages__/package.json: 1.0.0 → 2.0.0

      at PackageUpdater.updatePackageVersion (src/release/automation/PackageUpdater.ts:110:15)

    console.log
      ✅ Updated /Users/3fn/Documents/Work Projects/Kiro/DesignerPunk-v2/src/release/automation/__tests__/__test-packages__/package.json: 1.0.0 → 1.1.0-alpha.1

      at PackageUpdater.updatePackageVersion (src/release/automation/PackageUpdater.ts:110:15)

    console.log
      ✅ Updated /Users/3fn/Documents/Work Projects/Kiro/DesignerPunk-v2/src/release/automation/__tests__/__test-packages__/package.json: 1.0.0 → 1.1.0+build.123

      at PackageUpdater.updatePackageVersion (src/release/automation/PackageUpdater.ts:110:15)

    console.log
      ✅ Updated /Users/3fn/Documents/Work Projects/Kiro/DesignerPunk-v2/src/release/automation/__tests__/__test-packages__/package1/package.json: 1.0.0 → 2.0.0

      at PackageUpdater.updateMultiplePackages (src/release/automation/PackageUpdater.ts:203:17)

    console.log
      ✅ Updated /Users/3fn/Documents/Work Projects/Kiro/DesignerPunk-v2/src/release/automation/__tests__/__test-packages__/package2/package.json: 1.0.0 → 2.0.0

      at PackageUpdater.updateMultiplePackages (src/release/automation/PackageUpdater.ts:203:17)

    console.log
      ✅ Updated /Users/3fn/Documents/Work Projects/Kiro/DesignerPunk-v2/src/release/automation/__tests__/__test-packages__/package1/package.json: 1.0.0 → 2.0.0

      at PackageUpdater.updateMultiplePackages (src/release/automation/PackageUpdater.ts:203:17)

    console.log
      ✅ Updated /Users/3fn/Documents/Work Projects/Kiro/DesignerPunk-v2/src/release/automation/__tests__/__test-packages__/package2/package.json: 1.0.0 → 2.0.0

      at PackageUpdater.updateMultiplePackages (src/release/automation/PackageUpdater.ts:203:17)

    console.log
      🔄 Rolling back package.json changes...

      at PackageUpdater.rollback (src/release/automation/PackageUpdater.ts:256:13)

    console.log
      ✅ Rolled back /Users/3fn/Documents/Work Projects/Kiro/DesignerPunk-v2/src/release/automation/__tests__/__test-packages__/package1/package.json

      at PackageUpdater.rollback (src/release/automation/PackageUpdater.ts:261:17)

    console.log
      ✅ Rolled back /Users/3fn/Documents/Work Projects/Kiro/DesignerPunk-v2/src/release/automation/__tests__/__test-packages__/package2/package.json

      at PackageUpdater.rollback (src/release/automation/PackageUpdater.ts:261:17)

    console.log
      ✅ Updated /Users/3fn/Documents/Work Projects/Kiro/DesignerPunk-v2/src/release/automation/__tests__/__test-packages__/valid/package.json: 1.0.0 → 2.0.0

      at PackageUpdater.updateMultiplePackages (src/release/automation/PackageUpdater.ts:203:17)

    console.log
      🔄 Rolling back package.json changes...

      at PackageUpdater.rollback (src/release/automation/PackageUpdater.ts:256:13)

    console.log
      ✅ Rolled back /Users/3fn/Documents/Work Projects/Kiro/DesignerPunk-v2/src/release/automation/__tests__/__test-packages__/valid/package.json

      at PackageUpdater.rollback (src/release/automation/PackageUpdater.ts:261:17)

    console.log
      🔄 Rolling back package.json changes...

      at PackageUpdater.rollback (src/release/automation/PackageUpdater.ts:256:13)

    console.log
      ✅ Rolled back /Users/3fn/Documents/Work Projects/Kiro/DesignerPunk-v2/src/release/automation/__tests__/__test-packages__/package.json

      at PackageUpdater.rollback (src/release/automation/PackageUpdater.ts:261:17)

    console.log
      🔄 Rolling back package.json changes...

      at PackageUpdater.rollback (src/release/automation/PackageUpdater.ts:256:13)

    console.log
      ✅ Rolled back /Users/3fn/Documents/Work Projects/Kiro/DesignerPunk-v2/src/release/automation/__tests__/__test-packages__/package.json

      at PackageUpdater.rollback (src/release/automation/PackageUpdater.ts:261:17)

    console.log
      ✅ Updated /Users/3fn/Documents/Work Projects/Kiro/DesignerPunk-v2/src/release/automation/__tests__/__test-packages__/package.json: 1.0.0 → 0.0.1

      at PackageUpdater.updatePackageVersion (src/release/automation/PackageUpdater.ts:110:15)

    console.log
      ✅ Updated /Users/3fn/Documents/Work Projects/Kiro/DesignerPunk-v2/src/release/automation/__tests__/__test-packages__/package.json: 0.0.1 → 1.0.0

      at PackageUpdater.updatePackageVersion (src/release/automation/PackageUpdater.ts:110:15)

    console.log
      ✅ Updated /Users/3fn/Documents/Work Projects/Kiro/DesignerPunk-v2/src/release/automation/__tests__/__test-packages__/package.json: 1.0.0 → 1.2.3

      at PackageUpdater.updatePackageVersion (src/release/automation/PackageUpdater.ts:110:15)

    console.log
      ✅ Updated /Users/3fn/Documents/Work Projects/Kiro/DesignerPunk-v2/src/release/automation/__tests__/__test-packages__/package.json: 1.2.3 → 10.20.30

      at PackageUpdater.updatePackageVersion (src/release/automation/PackageUpdater.ts:110:15)

    console.log
      ✅ Updated /Users/3fn/Documents/Work Projects/Kiro/DesignerPunk-v2/src/release/automation/__tests__/__test-packages__/package.json: 10.20.30 → 1.0.0-alpha

      at PackageUpdater.updatePackageVersion (src/release/automation/PackageUpdater.ts:110:15)

    console.log
      ✅ Updated /Users/3fn/Documents/Work Projects/Kiro/DesignerPunk-v2/src/release/automation/__tests__/__test-packages__/package.json: 1.0.0-alpha → 1.0.0-alpha.1

      at PackageUpdater.updatePackageVersion (src/release/automation/PackageUpdater.ts:110:15)

    console.log
      ✅ Updated /Users/3fn/Documents/Work Projects/Kiro/DesignerPunk-v2/src/release/automation/__tests__/__test-packages__/package.json: 1.0.0-alpha.1 → 1.0.0-0.3.7

      at PackageUpdater.updatePackageVersion (src/release/automation/PackageUpdater.ts:110:15)

    console.log
      ✅ Updated /Users/3fn/Documents/Work Projects/Kiro/DesignerPunk-v2/src/release/automation/__tests__/__test-packages__/package.json: 1.0.0-0.3.7 → 1.0.0-x.7.z.92

      at PackageUpdater.updatePackageVersion (src/release/automation/PackageUpdater.ts:110:15)

    console.log
      ✅ Updated /Users/3fn/Documents/Work Projects/Kiro/DesignerPunk-v2/src/release/automation/__tests__/__test-packages__/package.json: 1.0.0-x.7.z.92 → 1.0.0+20130313144700

      at PackageUpdater.updatePackageVersion (src/release/automation/PackageUpdater.ts:110:15)

    console.log
      ✅ Updated /Users/3fn/Documents/Work Projects/Kiro/DesignerPunk-v2/src/release/automation/__tests__/__test-packages__/package.json: 1.0.0+20130313144700 → 1.0.0-beta+exp.sha.5114f85

      at PackageUpdater.updatePackageVersion (src/release/automation/PackageUpdater.ts:110:15)

PASS src/build/orchestration/__tests__/IncrementalBuilder.test.ts
PASS src/security/__tests__/SecurityIntegration.test.ts
PASS src/tokens/__tests__/RadiusTokensFormulaValidation.test.ts
FAIL src/release/publishing/__tests__/PublishingWorkflow.integration.test.ts (5.576 s)
  ● Console

    console.log
      ✅ Created tag: v1.0.0

      at GitOperations.createTag (src/release/automation/GitOperations.ts:203:17)

    console.log
      ✅ Pushed commits to origin/main

      at GitOperations.push (src/release/automation/GitOperations.ts:259:17)

    console.log
      ✅ Pushed tags to origin

      at GitOperations.push (src/release/automation/GitOperations.ts:275:19)

    console.log
      ✅ Created tag: v2.0.0

      at GitOperations.createTag (src/release/automation/GitOperations.ts:203:17)

    console.log
      ✅ Created tag: v1.0.0-beta.1

      at GitOperations.createTag (src/release/automation/GitOperations.ts:203:17)

    console.log
      ✅ Created tag: v1.0.0

      at GitOperations.createTag (src/release/automation/GitOperations.ts:203:17)

    console.log
      🔄 Rolling back git operations...

      at GitOperations.rollback (src/release/automation/GitOperations.ts:322:15)

    console.log
      ✅ Reset to commit abc123

      at GitOperations.rollback (src/release/automation/GitOperations.ts:329:19)

    console.log
      ✅ Deleted tag v1.0.0

      at GitOperations.rollback (src/release/automation/GitOperations.ts:344:19)

    console.log
      ✅ Created tag: v1.0.0

      at GitOperations.createTag (src/release/automation/GitOperations.ts:203:17)

    console.log
      ✅ Created tag: v1.0.0

      at GitOperations.createTag (src/release/automation/GitOperations.ts:203:17)

    console.log
      🔄 Rolling back git operations...

      at GitOperations.rollback (src/release/automation/GitOperations.ts:322:15)

    console.log
      ✅ Reset to commit abc123

      at GitOperations.rollback (src/release/automation/GitOperations.ts:329:19)

    console.log
      ✅ Deleted tag v1.0.0

      at GitOperations.rollback (src/release/automation/GitOperations.ts:344:19)

  ● Publishing Workflow Integration › Multi-Package Publishing › should publish multiple packages in sequence

    expect(received).toBe(expected) // Object.is equality

    Expected: true
    Received: false

      558 |
      559 |       expect(results).toHaveLength(2);
    > 560 |       expect(results[0].success).toBe(true);
          |                                  ^
      561 |       expect(results[1].success).toBe(true);
      562 |     });
      563 |

      at Object.<anonymous> (src/release/publishing/__tests__/PublishingWorkflow.integration.test.ts:560:34)

  ● Publishing Workflow Integration › Coordination Validation › should ensure tag names match between git and GitHub

    expect(received).toBe(expected) // Object.is equality

    Expected: true
    Received: false

      632 |       const tagResult = await gitOps.createTag({ version, message: `Release ${version}` });
      633 |
    > 634 |       expect(tagResult.success).toBe(true);
          |                                 ^
      635 |       expect(tagResult.details).toContain(tagName);
      636 |
      637 |       // Create GitHub release with matching tag

      at Object.<anonymous> (src/release/publishing/__tests__/PublishingWorkflow.integration.test.ts:634:33)

  ● Publishing Workflow Integration › Coordination Validation › should ensure package versions match between package.json and npm

    expect(received).toBe(expected) // Object.is equality

    Expected: true
    Received: false

      699 |       const publishResult = await npmPublisher.publishPackage(packageToPublish);
      700 |
    > 701 |       expect(publishResult.success).toBe(true);
          |                                     ^
      702 |       expect(publishResult.version).toBe(version);
      703 |     });
      704 |

      at Object.<anonymous> (src/release/publishing/__tests__/PublishingWorkflow.integration.test.ts:701:37)

PASS src/build/errors/__tests__/ErrorDocumentation.test.ts
PASS src/resolvers/__tests__/AndroidColorResolver.test.ts
PASS src/release/detection/__tests__/ReleaseDetector.test.ts
  ● Console

    console.error
      Error detecting release from task completion: Error: Permission denied
          at Object.<anonymous> (/Users/3fn/Documents/Work Projects/Kiro/DesignerPunk-v2/src/release/detection/__tests__/ReleaseDetector.test.ts:603:41)
          at Promise.then.completed (/Users/3fn/Documents/Work Projects/Kiro/DesignerPunk-v2/node_modules/jest-circus/build/utils.js:298:28)
          at new Promise (<anonymous>)
          at callAsyncCircusFn (/Users/3fn/Documents/Work Projects/Kiro/DesignerPunk-v2/node_modules/jest-circus/build/utils.js:231:10)
          at _callCircusTest (/Users/3fn/Documents/Work Projects/Kiro/DesignerPunk-v2/node_modules/jest-circus/build/run.js:316:40)
          at processTicksAndRejections (node:internal/process/task_queues:105:5)
          at _runTest (/Users/3fn/Documents/Work Projects/Kiro/DesignerPunk-v2/node_modules/jest-circus/build/run.js:252:3)
          at _runTestsForDescribeBlock (/Users/3fn/Documents/Work Projects/Kiro/DesignerPunk-v2/node_modules/jest-circus/build/run.js:126:9)
          at _runTestsForDescribeBlock (/Users/3fn/Documents/Work Projects/Kiro/DesignerPunk-v2/node_modules/jest-circus/build/run.js:121:9)
          at _runTestsForDescribeBlock (/Users/3fn/Documents/Work Projects/Kiro/DesignerPunk-v2/node_modules/jest-circus/build/run.js:121:9)
          at run (/Users/3fn/Documents/Work Projects/Kiro/DesignerPunk-v2/node_modules/jest-circus/build/run.js:71:3)
          at runAndTransformResultsToJestFormat (/Users/3fn/Documents/Work Projects/Kiro/DesignerPunk-v2/node_modules/jest-circus/build/legacy-code-todo-rewrite/jestAdapterInit.js:122:21)
          at jestAdapter (/Users/3fn/Documents/Work Projects/Kiro/DesignerPunk-v2/node_modules/jest-circus/build/legacy-code-todo-rewrite/jestAdapter.js:79:19)
          at runTestInternal (/Users/3fn/Documents/Work Projects/Kiro/DesignerPunk-v2/node_modules/jest-runner/build/runTest.js:367:16)
          at runTest (/Users/3fn/Documents/Work Projects/Kiro/DesignerPunk-v2/node_modules/jest-runner/build/runTest.js:444:34)
          at Object.worker (/Users/3fn/Documents/Work Projects/Kiro/DesignerPunk-v2/node_modules/jest-runner/build/testWorker.js:106:12)

      70 |       };
      71 |     } catch (error) {
    > 72 |       console.error('Error detecting release from task completion:', error);
         |               ^
      73 |       return null;
      74 |     }
      75 |   }

      at ReleaseDetector.detectReleaseFromTaskCompletion (src/release/detection/ReleaseDetector.ts:72:15)
      at Object.<anonymous> (src/release/detection/__tests__/ReleaseDetector.test.ts:605:22)

PASS src/validators/__tests__/ThreeTierValidator.test.ts
PASS src/generators/__tests__/BlendUtilityGenerator.test.ts
PASS src/__tests__/integration/ErrorHandling.test.ts
PASS src/analytics/__tests__/UsageTracking.test.ts
PASS src/tokens/__tests__/FontFamilyTokens.test.ts
PASS src/tokens/semantic/__tests__/AccessibilityTokens.test.ts
PASS src/providers/__tests__/AndroidAccessibilityTokens.test.ts
PASS src/__tests__/integration/BlendCrossPlatformConsistency.test.ts
PASS src/tokens/__tests__/FontWeightTokens.test.ts
PASS src/providers/__tests__/UnitProviders.test.ts
PASS src/registries/__tests__/SemanticTokenRegistry.test.ts
PASS src/tokens/__tests__/ShadowOffsetTokens.test.ts
PASS src/build/platforms/__tests__/AndroidShadowGenerator.test.ts
PASS src/release/publishing/__tests__/GitHubGitIntegration.integration.test.ts
  ● Console

    console.log
      ✅ Created tag: v1.0.0

      at GitOperations.createTag (src/release/automation/GitOperations.ts:203:17)

    console.log
      ✅ Created tag: v2.0.0

      at GitOperations.createTag (src/release/automation/GitOperations.ts:203:17)

    console.log
      ✅ Pushed commits to origin/main

      at GitOperations.push (src/release/automation/GitOperations.ts:259:17)

    console.log
      ✅ Pushed tags to origin

      at GitOperations.push (src/release/automation/GitOperations.ts:275:19)

    console.log
      ✅ Created tag: v1.0.0

      at GitOperations.createTag (src/release/automation/GitOperations.ts:203:17)

    console.log
      ✅ Created tag: v1.0.0

      at GitOperations.createTag (src/release/automation/GitOperations.ts:203:17)

    console.log
      ✅ Pushed commits to origin/main

      at GitOperations.push (src/release/automation/GitOperations.ts:259:17)

    console.log
      ✅ Pushed tags to origin

      at GitOperations.push (src/release/automation/GitOperations.ts:275:19)

    console.log
      🔄 Rolling back git operations...

      at GitOperations.rollback (src/release/automation/GitOperations.ts:322:15)

    console.log
      ✅ Reset to commit abc123

      at GitOperations.rollback (src/release/automation/GitOperations.ts:329:19)

    console.log
      ✅ Deleted tag v1.0.0

      at GitOperations.rollback (src/release/automation/GitOperations.ts:344:19)

    console.log
      ✅ Created tag: v2.0.0

      at GitOperations.createTag (src/release/automation/GitOperations.ts:203:17)

    console.log
      🔄 Rolling back git operations...

      at GitOperations.rollback (src/release/automation/GitOperations.ts:322:15)

    console.log
      ✅ Reset to commit abc123

      at GitOperations.rollback (src/release/automation/GitOperations.ts:329:19)

    console.log
      ✅ Deleted tag v2.0.0

      at GitOperations.rollback (src/release/automation/GitOperations.ts:344:19)

    console.log
      ✅ Created tag: v1.0.0

      at GitOperations.createTag (src/release/automation/GitOperations.ts:203:17)

    console.log
      🔄 Rolling back git operations...

      at GitOperations.rollback (src/release/automation/GitOperations.ts:322:15)

    console.log
      ✅ Reset to commit abc123

      at GitOperations.rollback (src/release/automation/GitOperations.ts:329:19)

    console.log
      ✅ Deleted tag v1.0.0

      at GitOperations.rollback (src/release/automation/GitOperations.ts:344:19)

    console.log
      ✅ Created tag: v1.0.0

      at GitOperations.createTag (src/release/automation/GitOperations.ts:203:17)

    console.log
      ✅ Created tag: v1.0.0

      at GitOperations.createTag (src/release/automation/GitOperations.ts:203:17)

PASS src/validators/__tests__/CrossPlatformConsistency.test.ts
PASS src/naming/__tests__/NamingConventions.test.ts
PASS src/validators/__tests__/SyntaxValidator.test.ts
PASS src/build/orchestration/__tests__/SequentialExecutor.integration.test.ts (5.703 s)
PASS src/blend/__tests__/BlendCalculator.test.ts
PASS src/__tests__/integration/BuildSystemCompatibility.test.ts
PASS src/release/integration/__tests__/AnalysisResultParser.test.ts
PASS src/release-analysis/collection/__tests__/CompletionDocumentCollector.test.ts
  ● Console

    console.warn
      [VALIDATION] Validation failed: Failed to load document .kiro/specs/test/completion/task-1-completion.md: Permission denied

      348 |                     error.severity === 'medium' ? 'warn' : 'info';
      349 |     
    > 350 |     console[logLevel](`[${error.category.toUpperCase()}] ${error.message}`);
          |                      ^
      351 |     if (error.technicalDetails && error.technicalDetails !== error.message) {
      352 |       console.debug(`Technical details: ${error.technicalDetails}`);
      353 |     }

      at ReleaseAnalysisErrorHandler.logError (src/release-analysis/errors/ErrorHandler.ts:350:22)
      at ReleaseAnalysisErrorHandler.handleValidationError (src/release-analysis/errors/ErrorHandler.ts:134:10)
      at withErrorHandling (src/release-analysis/errors/ErrorHandler.ts:664:29)
      at CompletionDocumentCollector.loadDocuments (src/release-analysis/collection/CompletionDocumentCollector.ts:355:26)
      at CompletionDocumentCollector.collectFromPaths (src/release-analysis/collection/CompletionDocumentCollector.ts:197:31)
      at Object.<anonymous> (src/release-analysis/collection/__tests__/CompletionDocumentCollector.test.ts:406:22)

    console.debug
      Technical details: Failed to load document .kiro/specs/test/completion/task-1-completion.md: Permission denied

      at ReleaseAnalysisErrorHandler.logError (src/release-analysis/errors/ErrorHandler.ts:352:15)

PASS src/tokens/semantic/__tests__/BlendTokens.test.ts
PASS src/build/workflow/__tests__/ConfigHelpers.test.ts
PASS src/composition/__tests__/OpacityCompositionParser.test.ts
PASS src/release-analysis/versioning/__tests__/PreReleaseVersioning.test.ts
PASS src/tokens/__tests__/GlowBlurTokens.test.ts
PASS src/release-analysis/extraction/__tests__/ConfidenceMetrics.test.ts
PASS src/release/cli/__tests__/DocumentationExamples.test.ts
PASS src/build/validation/__tests__/WebBuildValidator.test.ts
PASS src/release/coordination/__tests__/CoordinationAutomationIntegration.integration.test.ts
PASS src/build/tokens/__tests__/ComponentTokenGenerator.test.ts
PASS src/composition/__tests__/BlendCompositionParser.test.ts
PASS src/build/validation/__tests__/PropertyTypeValidator.test.ts
PASS src/resolvers/__tests__/WebColorResolver.test.ts
PASS src/tokens/__tests__/BlendTokens.test.ts
PASS src/security/__tests__/ContaminationPrevention.test.ts
PASS src/generators/__tests__/BlendValueGenerator.test.ts
PASS src/build/errors/__tests__/ErrorHandler.test.ts (5.828 s)
  ● Console

    console.error
      [ERROR] [config] CONFIG_INVALID_PLATFORM: Invalid platform specified

      367 |       const componentInfo = error.component ? ` [${error.component}]` : '';
      368 |       
    > 369 |       console.error(`${prefix}${platformInfo}${componentInfo} ${error.code}: ${error.message}`);
          |               ^
      370 |       
      371 |       // Show top 3 suggestions even in non-verbose mode
      372 |       if (error.suggestions.length > 0) {

      at ErrorHandler.defaultLogger (src/build/errors/ErrorHandler.ts:369:15)
      at ErrorHandler.logError (src/build/errors/ErrorHandler.ts:356:18)
      at ErrorHandler.handleError (src/build/errors/ErrorHandler.ts:110:10)
      at Object.<anonymous> (src/build/errors/__tests__/ErrorHandler.test.ts:43:37)

    console.error
      Suggestions:

      371 |       // Show top 3 suggestions even in non-verbose mode
      372 |       if (error.suggestions.length > 0) {
    > 373 |         console.error('Suggestions:');
          |                 ^
      374 |         error.suggestions.slice(0, 3).forEach(suggestion => console.error(`  • ${suggestion}`));
      375 |         if (error.suggestions.length > 3) {
      376 |           console.error(`  ... and ${error.suggestions.length - 3} more (use --verbose for details)`);

      at ErrorHandler.defaultLogger (src/build/errors/ErrorHandler.ts:373:17)
      at ErrorHandler.logError (src/build/errors/ErrorHandler.ts:356:18)
      at ErrorHandler.handleError (src/build/errors/ErrorHandler.ts:110:10)
      at Object.<anonymous> (src/build/errors/__tests__/ErrorHandler.test.ts:43:37)

    console.error
        • Check the platform value in your build configuration

      372 |       if (error.suggestions.length > 0) {
      373 |         console.error('Suggestions:');
    > 374 |         error.suggestions.slice(0, 3).forEach(suggestion => console.error(`  • ${suggestion}`));
          |                                                                     ^
      375 |         if (error.suggestions.length > 3) {
      376 |           console.error(`  ... and ${error.suggestions.length - 3} more (use --verbose for details)`);
      377 |         }

      at src/build/errors/ErrorHandler.ts:374:69
          at Array.forEach (<anonymous>)
      at ErrorHandler.defaultLogger (src/build/errors/ErrorHandler.ts:374:39)
      at ErrorHandler.logError (src/build/errors/ErrorHandler.ts:356:18)
      at ErrorHandler.handleError (src/build/errors/ErrorHandler.ts:110:10)
      at Object.<anonymous> (src/build/errors/__tests__/ErrorHandler.test.ts:43:37)

    console.error
        • Ensure platform is one of: "ios", "android", or "web"

      372 |       if (error.suggestions.length > 0) {
      373 |         console.error('Suggestions:');
    > 374 |         error.suggestions.slice(0, 3).forEach(suggestion => console.error(`  • ${suggestion}`));
          |                                                                     ^
      375 |         if (error.suggestions.length > 3) {
      376 |           console.error(`  ... and ${error.suggestions.length - 3} more (use --verbose for details)`);
      377 |         }

      at src/build/errors/ErrorHandler.ts:374:69
          at Array.forEach (<anonymous>)
      at ErrorHandler.defaultLogger (src/build/errors/ErrorHandler.ts:374:39)
      at ErrorHandler.logError (src/build/errors/ErrorHandler.ts:356:18)
      at ErrorHandler.handleError (src/build/errors/ErrorHandler.ts:110:10)
      at Object.<anonymous> (src/build/errors/__tests__/ErrorHandler.test.ts:43:37)

    console.error
        • Verify there are no typos in the platform name

      372 |       if (error.suggestions.length > 0) {
      373 |         console.error('Suggestions:');
    > 374 |         error.suggestions.slice(0, 3).forEach(suggestion => console.error(`  • ${suggestion}`));
          |                                                                     ^
      375 |         if (error.suggestions.length > 3) {
      376 |           console.error(`  ... and ${error.suggestions.length - 3} more (use --verbose for details)`);
      377 |         }

      at src/build/errors/ErrorHandler.ts:374:69
          at Array.forEach (<anonymous>)
      at ErrorHandler.defaultLogger (src/build/errors/ErrorHandler.ts:374:39)
      at ErrorHandler.logError (src/build/errors/ErrorHandler.ts:356:18)
      at ErrorHandler.handleError (src/build/errors/ErrorHandler.ts:110:10)
      at Object.<anonymous> (src/build/errors/__tests__/ErrorHandler.test.ts:43:37)

    console.error
        ... and 1 more (use --verbose for details)

      374 |         error.suggestions.slice(0, 3).forEach(suggestion => console.error(`  • ${suggestion}`));
      375 |         if (error.suggestions.length > 3) {
    > 376 |           console.error(`  ... and ${error.suggestions.length - 3} more (use --verbose for details)`);
          |                   ^
      377 |         }
      378 |       }
      379 |     }

      at ErrorHandler.defaultLogger (src/build/errors/ErrorHandler.ts:376:19)
      at ErrorHandler.logError (src/build/errors/ErrorHandler.ts:356:18)
      at ErrorHandler.handleError (src/build/errors/ErrorHandler.ts:110:10)
      at Object.<anonymous> (src/build/errors/__tests__/ErrorHandler.test.ts:43:37)

    console.error
      [ERROR] [build] BUILD_COMPILATION_FAILED: Compilation failed

      367 |       const componentInfo = error.component ? ` [${error.component}]` : '';
      368 |       
    > 369 |       console.error(`${prefix}${platformInfo}${componentInfo} ${error.code}: ${error.message}`);
          |               ^
      370 |       
      371 |       // Show top 3 suggestions even in non-verbose mode
      372 |       if (error.suggestions.length > 0) {

      at ErrorHandler.defaultLogger (src/build/errors/ErrorHandler.ts:369:15)
      at ErrorHandler.logError (src/build/errors/ErrorHandler.ts:356:18)
      at ErrorHandler.handleError (src/build/errors/ErrorHandler.ts:110:10)
      at Object.<anonymous> (src/build/errors/__tests__/ErrorHandler.test.ts:58:37)

    console.error
      Suggestions:

      371 |       // Show top 3 suggestions even in non-verbose mode
      372 |       if (error.suggestions.length > 0) {
    > 373 |         console.error('Suggestions:');
          |                 ^
      374 |         error.suggestions.slice(0, 3).forEach(suggestion => console.error(`  • ${suggestion}`));
      375 |         if (error.suggestions.length > 3) {
      376 |           console.error(`  ... and ${error.suggestions.length - 3} more (use --verbose for details)`);

      at ErrorHandler.defaultLogger (src/build/errors/ErrorHandler.ts:373:17)
      at ErrorHandler.logError (src/build/errors/ErrorHandler.ts:356:18)
      at ErrorHandler.handleError (src/build/errors/ErrorHandler.ts:110:10)
      at Object.<anonymous> (src/build/errors/__tests__/ErrorHandler.test.ts:58:37)

    console.error
        • Review the compilation error details in the error context

      372 |       if (error.suggestions.length > 0) {
      373 |         console.error('Suggestions:');
    > 374 |         error.suggestions.slice(0, 3).forEach(suggestion => console.error(`  • ${suggestion}`));
          |                                                                     ^
      375 |         if (error.suggestions.length > 3) {
      376 |           console.error(`  ... and ${error.suggestions.length - 3} more (use --verbose for details)`);
      377 |         }

      at src/build/errors/ErrorHandler.ts:374:69
          at Array.forEach (<anonymous>)
      at ErrorHandler.defaultLogger (src/build/errors/ErrorHandler.ts:374:39)
      at ErrorHandler.logError (src/build/errors/ErrorHandler.ts:356:18)
      at ErrorHandler.handleError (src/build/errors/ErrorHandler.ts:110:10)
      at Object.<anonymous> (src/build/errors/__tests__/ErrorHandler.test.ts:58:37)

    console.error
        • Check the generated source files for syntax errors

      372 |       if (error.suggestions.length > 0) {
      373 |         console.error('Suggestions:');
    > 374 |         error.suggestions.slice(0, 3).forEach(suggestion => console.error(`  • ${suggestion}`));
          |                                                                     ^
      375 |         if (error.suggestions.length > 3) {
      376 |           console.error(`  ... and ${error.suggestions.length - 3} more (use --verbose for details)`);
      377 |         }

      at src/build/errors/ErrorHandler.ts:374:69
          at Array.forEach (<anonymous>)
      at ErrorHandler.defaultLogger (src/build/errors/ErrorHandler.ts:374:39)
      at ErrorHandler.logError (src/build/errors/ErrorHandler.ts:356:18)
      at ErrorHandler.handleError (src/build/errors/ErrorHandler.ts:110:10)
      at Object.<anonymous> (src/build/errors/__tests__/ErrorHandler.test.ts:58:37)

    console.error
        • Verify all platform-specific dependencies are installed

      372 |       if (error.suggestions.length > 0) {
      373 |         console.error('Suggestions:');
    > 374 |         error.suggestions.slice(0, 3).forEach(suggestion => console.error(`  • ${suggestion}`));
          |                                                                     ^
      375 |         if (error.suggestions.length > 3) {
      376 |           console.error(`  ... and ${error.suggestions.length - 3} more (use --verbose for details)`);
      377 |         }

      at src/build/errors/ErrorHandler.ts:374:69
          at Array.forEach (<anonymous>)
      at ErrorHandler.defaultLogger (src/build/errors/ErrorHandler.ts:374:39)
      at ErrorHandler.logError (src/build/errors/ErrorHandler.ts:356:18)
      at ErrorHandler.handleError (src/build/errors/ErrorHandler.ts:110:10)
      at Object.<anonymous> (src/build/errors/__tests__/ErrorHandler.test.ts:58:37)

    console.error
        ... and 2 more (use --verbose for details)

      374 |         error.suggestions.slice(0, 3).forEach(suggestion => console.error(`  • ${suggestion}`));
      375 |         if (error.suggestions.length > 3) {
    > 376 |           console.error(`  ... and ${error.suggestions.length - 3} more (use --verbose for details)`);
          |                   ^
      377 |         }
      378 |       }
      379 |     }

      at ErrorHandler.defaultLogger (src/build/errors/ErrorHandler.ts:376:19)
      at ErrorHandler.logError (src/build/errors/ErrorHandler.ts:356:18)
      at ErrorHandler.handleError (src/build/errors/ErrorHandler.ts:110:10)
      at Object.<anonymous> (src/build/errors/__tests__/ErrorHandler.test.ts:58:37)

    console.error
      [ERROR] [build] [ios] BUILD_COMPILATION_FAILED: iOS build failed

      367 |       const componentInfo = error.component ? ` [${error.component}]` : '';
      368 |       
    > 369 |       console.error(`${prefix}${platformInfo}${componentInfo} ${error.code}: ${error.message}`);
          |               ^
      370 |       
      371 |       // Show top 3 suggestions even in non-verbose mode
      372 |       if (error.suggestions.length > 0) {

      at ErrorHandler.defaultLogger (src/build/errors/ErrorHandler.ts:369:15)
      at ErrorHandler.logError (src/build/errors/ErrorHandler.ts:356:18)
      at ErrorHandler.handleError (src/build/errors/ErrorHandler.ts:110:10)
      at Object.<anonymous> (src/build/errors/__tests__/ErrorHandler.test.ts:73:37)

    console.error
      Suggestions:

      371 |       // Show top 3 suggestions even in non-verbose mode
      372 |       if (error.suggestions.length > 0) {
    > 373 |         console.error('Suggestions:');
          |                 ^
      374 |         error.suggestions.slice(0, 3).forEach(suggestion => console.error(`  • ${suggestion}`));
      375 |         if (error.suggestions.length > 3) {
      376 |           console.error(`  ... and ${error.suggestions.length - 3} more (use --verbose for details)`);

      at ErrorHandler.defaultLogger (src/build/errors/ErrorHandler.ts:373:17)
      at ErrorHandler.logError (src/build/errors/ErrorHandler.ts:356:18)
      at ErrorHandler.handleError (src/build/errors/ErrorHandler.ts:110:10)
      at Object.<anonymous> (src/build/errors/__tests__/ErrorHandler.test.ts:73:37)

    console.error
        • Review the compilation error details in the error context

      372 |       if (error.suggestions.length > 0) {
      373 |         console.error('Suggestions:');
    > 374 |         error.suggestions.slice(0, 3).forEach(suggestion => console.error(`  • ${suggestion}`));
          |                                                                     ^
      375 |         if (error.suggestions.length > 3) {
      376 |           console.error(`  ... and ${error.suggestions.length - 3} more (use --verbose for details)`);
      377 |         }

      at src/build/errors/ErrorHandler.ts:374:69
          at Array.forEach (<anonymous>)
      at ErrorHandler.defaultLogger (src/build/errors/ErrorHandler.ts:374:39)
      at ErrorHandler.logError (src/build/errors/ErrorHandler.ts:356:18)
      at ErrorHandler.handleError (src/build/errors/ErrorHandler.ts:110:10)
      at Object.<anonymous> (src/build/errors/__tests__/ErrorHandler.test.ts:73:37)

    console.error
        • Check the generated source files for syntax errors

      372 |       if (error.suggestions.length > 0) {
      373 |         console.error('Suggestions:');
    > 374 |         error.suggestions.slice(0, 3).forEach(suggestion => console.error(`  • ${suggestion}`));
          |                                                                     ^
      375 |         if (error.suggestions.length > 3) {
      376 |           console.error(`  ... and ${error.suggestions.length - 3} more (use --verbose for details)`);
      377 |         }

      at src/build/errors/ErrorHandler.ts:374:69
          at Array.forEach (<anonymous>)
      at ErrorHandler.defaultLogger (src/build/errors/ErrorHandler.ts:374:39)
      at ErrorHandler.logError (src/build/errors/ErrorHandler.ts:356:18)
      at ErrorHandler.handleError (src/build/errors/ErrorHandler.ts:110:10)
      at Object.<anonymous> (src/build/errors/__tests__/ErrorHandler.test.ts:73:37)

    console.error
        • Verify all platform-specific dependencies are installed

      372 |       if (error.suggestions.length > 0) {
      373 |         console.error('Suggestions:');
    > 374 |         error.suggestions.slice(0, 3).forEach(suggestion => console.error(`  • ${suggestion}`));
          |                                                                     ^
      375 |         if (error.suggestions.length > 3) {
      376 |           console.error(`  ... and ${error.suggestions.length - 3} more (use --verbose for details)`);
      377 |         }

      at src/build/errors/ErrorHandler.ts:374:69
          at Array.forEach (<anonymous>)
      at ErrorHandler.defaultLogger (src/build/errors/ErrorHandler.ts:374:39)
      at ErrorHandler.logError (src/build/errors/ErrorHandler.ts:356:18)
      at ErrorHandler.handleError (src/build/errors/ErrorHandler.ts:110:10)
      at Object.<anonymous> (src/build/errors/__tests__/ErrorHandler.test.ts:73:37)

    console.error
        ... and 2 more (use --verbose for details)

      374 |         error.suggestions.slice(0, 3).forEach(suggestion => console.error(`  • ${suggestion}`));
      375 |         if (error.suggestions.length > 3) {
    > 376 |           console.error(`  ... and ${error.suggestions.length - 3} more (use --verbose for details)`);
          |                   ^
      377 |         }
      378 |       }
      379 |     }

      at ErrorHandler.defaultLogger (src/build/errors/ErrorHandler.ts:376:19)
      at ErrorHandler.logError (src/build/errors/ErrorHandler.ts:356:18)
      at ErrorHandler.handleError (src/build/errors/ErrorHandler.ts:110:10)
      at Object.<anonymous> (src/build/errors/__tests__/ErrorHandler.test.ts:73:37)

    console.error
      [ERROR] [token] TOKEN_NOT_FOUND: Token not found

      367 |       const componentInfo = error.component ? ` [${error.component}]` : '';
      368 |       
    > 369 |       console.error(`${prefix}${platformInfo}${componentInfo} ${error.code}: ${error.message}`);
          |               ^
      370 |       
      371 |       // Show top 3 suggestions even in non-verbose mode
      372 |       if (error.suggestions.length > 0) {

      at ErrorHandler.defaultLogger (src/build/errors/ErrorHandler.ts:369:15)
      at ErrorHandler.logError (src/build/errors/ErrorHandler.ts:356:18)
      at ErrorHandler.handleError (src/build/errors/ErrorHandler.ts:110:10)
      at Object.<anonymous> (src/build/errors/__tests__/ErrorHandler.test.ts:88:37)

    console.error
      Suggestions:

      371 |       // Show top 3 suggestions even in non-verbose mode
      372 |       if (error.suggestions.length > 0) {
    > 373 |         console.error('Suggestions:');
          |                 ^
      374 |         error.suggestions.slice(0, 3).forEach(suggestion => console.error(`  • ${suggestion}`));
      375 |         if (error.suggestions.length > 3) {
      376 |           console.error(`  ... and ${error.suggestions.length - 3} more (use --verbose for details)`);

      at ErrorHandler.defaultLogger (src/build/errors/ErrorHandler.ts:373:17)
      at ErrorHandler.logError (src/build/errors/ErrorHandler.ts:356:18)
      at ErrorHandler.handleError (src/build/errors/ErrorHandler.ts:110:10)
      at Object.<anonymous> (src/build/errors/__tests__/ErrorHandler.test.ts:88:37)

    console.error
        • Verify the token name is correct

      372 |       if (error.suggestions.length > 0) {
      373 |         console.error('Suggestions:');
    > 374 |         error.suggestions.slice(0, 3).forEach(suggestion => console.error(`  • ${suggestion}`));
          |                                                                     ^
      375 |         if (error.suggestions.length > 3) {
      376 |           console.error(`  ... and ${error.suggestions.length - 3} more (use --verbose for details)`);
      377 |         }

      at src/build/errors/ErrorHandler.ts:374:69
          at Array.forEach (<anonymous>)
      at ErrorHandler.defaultLogger (src/build/errors/ErrorHandler.ts:374:39)
      at ErrorHandler.logError (src/build/errors/ErrorHandler.ts:356:18)
      at ErrorHandler.handleError (src/build/errors/ErrorHandler.ts:110:10)
      at Object.<anonymous> (src/build/errors/__tests__/ErrorHandler.test.ts:88:37)

    console.error
        • Check that the token exists in F1 token system

      372 |       if (error.suggestions.length > 0) {
      373 |         console.error('Suggestions:');
    > 374 |         error.suggestions.slice(0, 3).forEach(suggestion => console.error(`  • ${suggestion}`));
          |                                                                     ^
      375 |         if (error.suggestions.length > 3) {
      376 |           console.error(`  ... and ${error.suggestions.length - 3} more (use --verbose for details)`);
      377 |         }

      at src/build/errors/ErrorHandler.ts:374:69
          at Array.forEach (<anonymous>)
      at ErrorHandler.defaultLogger (src/build/errors/ErrorHandler.ts:374:39)
      at ErrorHandler.logError (src/build/errors/ErrorHandler.ts:356:18)
      at ErrorHandler.handleError (src/build/errors/ErrorHandler.ts:110:10)
      at Object.<anonymous> (src/build/errors/__tests__/ErrorHandler.test.ts:88:37)

    console.error
        • Ensure token is properly registered in primitive or semantic registry

      372 |       if (error.suggestions.length > 0) {
      373 |         console.error('Suggestions:');
    > 374 |         error.suggestions.slice(0, 3).forEach(suggestion => console.error(`  • ${suggestion}`));
          |                                                                     ^
      375 |         if (error.suggestions.length > 3) {
      376 |           console.error(`  ... and ${error.suggestions.length - 3} more (use --verbose for details)`);
      377 |         }

      at src/build/errors/ErrorHandler.ts:374:69
          at Array.forEach (<anonymous>)
      at ErrorHandler.defaultLogger (src/build/errors/ErrorHandler.ts:374:39)
      at ErrorHandler.logError (src/build/errors/ErrorHandler.ts:356:18)
      at ErrorHandler.handleError (src/build/errors/ErrorHandler.ts:110:10)
      at Object.<anonymous> (src/build/errors/__tests__/ErrorHandler.test.ts:88:37)

    console.error
        ... and 2 more (use --verbose for details)

      374 |         error.suggestions.slice(0, 3).forEach(suggestion => console.error(`  • ${suggestion}`));
      375 |         if (error.suggestions.length > 3) {
    > 376 |           console.error(`  ... and ${error.suggestions.length - 3} more (use --verbose for details)`);
          |                   ^
      377 |         }
      378 |       }
      379 |     }

      at ErrorHandler.defaultLogger (src/build/errors/ErrorHandler.ts:376:19)
      at ErrorHandler.logError (src/build/errors/ErrorHandler.ts:356:18)
      at ErrorHandler.handleError (src/build/errors/ErrorHandler.ts:110:10)
      at Object.<anonymous> (src/build/errors/__tests__/ErrorHandler.test.ts:88:37)

    console.error
      [ERROR] [interface] INTERFACE_METHOD_MISMATCH: Method signature mismatch

      367 |       const componentInfo = error.component ? ` [${error.component}]` : '';
      368 |       
    > 369 |       console.error(`${prefix}${platformInfo}${componentInfo} ${error.code}: ${error.message}`);
          |               ^
      370 |       
      371 |       // Show top 3 suggestions even in non-verbose mode
      372 |       if (error.suggestions.length > 0) {

      at ErrorHandler.defaultLogger (src/build/errors/ErrorHandler.ts:369:15)
      at ErrorHandler.logError (src/build/errors/ErrorHandler.ts:356:18)
      at ErrorHandler.handleError (src/build/errors/ErrorHandler.ts:110:10)
      at Object.<anonymous> (src/build/errors/__tests__/ErrorHandler.test.ts:102:37)

    console.error
      Suggestions:

      371 |       // Show top 3 suggestions even in non-verbose mode
      372 |       if (error.suggestions.length > 0) {
    > 373 |         console.error('Suggestions:');
          |                 ^
      374 |         error.suggestions.slice(0, 3).forEach(suggestion => console.error(`  • ${suggestion}`));
      375 |         if (error.suggestions.length > 3) {
      376 |           console.error(`  ... and ${error.suggestions.length - 3} more (use --verbose for details)`);

      at ErrorHandler.defaultLogger (src/build/errors/ErrorHandler.ts:373:17)
      at ErrorHandler.logError (src/build/errors/ErrorHandler.ts:356:18)
      at ErrorHandler.handleError (src/build/errors/ErrorHandler.ts:110:10)
      at Object.<anonymous> (src/build/errors/__tests__/ErrorHandler.test.ts:102:37)

    console.error
        • Review method signatures across all platforms

      372 |       if (error.suggestions.length > 0) {
      373 |         console.error('Suggestions:');
    > 374 |         error.suggestions.slice(0, 3).forEach(suggestion => console.error(`  • ${suggestion}`));
          |                                                                     ^
      375 |         if (error.suggestions.length > 3) {
      376 |           console.error(`  ... and ${error.suggestions.length - 3} more (use --verbose for details)`);
      377 |         }

      at src/build/errors/ErrorHandler.ts:374:69
          at Array.forEach (<anonymous>)
      at ErrorHandler.defaultLogger (src/build/errors/ErrorHandler.ts:374:39)
      at ErrorHandler.logError (src/build/errors/ErrorHandler.ts:356:18)
      at ErrorHandler.handleError (src/build/errors/ErrorHandler.ts:110:10)
      at Object.<anonymous> (src/build/errors/__tests__/ErrorHandler.test.ts:102:37)

    console.error
        • Ensure parameter types match across platforms

      372 |       if (error.suggestions.length > 0) {
      373 |         console.error('Suggestions:');
    > 374 |         error.suggestions.slice(0, 3).forEach(suggestion => console.error(`  • ${suggestion}`));
          |                                                                     ^
      375 |         if (error.suggestions.length > 3) {
      376 |           console.error(`  ... and ${error.suggestions.length - 3} more (use --verbose for details)`);
      377 |         }

      at src/build/errors/ErrorHandler.ts:374:69
          at Array.forEach (<anonymous>)
      at ErrorHandler.defaultLogger (src/build/errors/ErrorHandler.ts:374:39)
      at ErrorHandler.logError (src/build/errors/ErrorHandler.ts:356:18)
      at ErrorHandler.handleError (src/build/errors/ErrorHandler.ts:110:10)
      at Object.<anonymous> (src/build/errors/__tests__/ErrorHandler.test.ts:102:37)

    console.error
        • Verify return types are consistent

      372 |       if (error.suggestions.length > 0) {
      373 |         console.error('Suggestions:');
    > 374 |         error.suggestions.slice(0, 3).forEach(suggestion => console.error(`  • ${suggestion}`));
          |                                                                     ^
      375 |         if (error.suggestions.length > 3) {
      376 |           console.error(`  ... and ${error.suggestions.length - 3} more (use --verbose for details)`);
      377 |         }

      at src/build/errors/ErrorHandler.ts:374:69
          at Array.forEach (<anonymous>)
      at ErrorHandler.defaultLogger (src/build/errors/ErrorHandler.ts:374:39)
      at ErrorHandler.logError (src/build/errors/ErrorHandler.ts:356:18)
      at ErrorHandler.handleError (src/build/errors/ErrorHandler.ts:110:10)
      at Object.<anonymous> (src/build/errors/__tests__/ErrorHandler.test.ts:102:37)

    console.error
        ... and 2 more (use --verbose for details)

      374 |         error.suggestions.slice(0, 3).forEach(suggestion => console.error(`  • ${suggestion}`));
      375 |         if (error.suggestions.length > 3) {
    > 376 |           console.error(`  ... and ${error.suggestions.length - 3} more (use --verbose for details)`);
          |                   ^
      377 |         }
      378 |       }
      379 |     }

      at ErrorHandler.defaultLogger (src/build/errors/ErrorHandler.ts:376:19)
      at ErrorHandler.logError (src/build/errors/ErrorHandler.ts:356:18)
      at ErrorHandler.handleError (src/build/errors/ErrorHandler.ts:110:10)
      at Object.<anonymous> (src/build/errors/__tests__/ErrorHandler.test.ts:102:37)

    console.error
      [WARNING] [build] WARNING_TEST: Test warning

      367 |       const componentInfo = error.component ? ` [${error.component}]` : '';
      368 |       
    > 369 |       console.error(`${prefix}${platformInfo}${componentInfo} ${error.code}: ${error.message}`);
          |               ^
      370 |       
      371 |       // Show top 3 suggestions even in non-verbose mode
      372 |       if (error.suggestions.length > 0) {

      at ErrorHandler.defaultLogger (src/build/errors/ErrorHandler.ts:369:15)
      at ErrorHandler.logError (src/build/errors/ErrorHandler.ts:356:18)
      at ErrorHandler.handleError (src/build/errors/ErrorHandler.ts:110:10)
      at Object.<anonymous> (src/build/errors/__tests__/ErrorHandler.test.ts:116:37)

    console.error
      [ERROR] [config] CONFIG_INVALID_PLATFORM: Invalid platform

      367 |       const componentInfo = error.component ? ` [${error.component}]` : '';
      368 |       
    > 369 |       console.error(`${prefix}${platformInfo}${componentInfo} ${error.code}: ${error.message}`);
          |               ^
      370 |       
      371 |       // Show top 3 suggestions even in non-verbose mode
      372 |       if (error.suggestions.length > 0) {

      at ErrorHandler.defaultLogger (src/build/errors/ErrorHandler.ts:369:15)
      at ErrorHandler.logError (src/build/errors/ErrorHandler.ts:356:18)
      at ErrorHandler.handleError (src/build/errors/ErrorHandler.ts:110:10)
      at ErrorHandler.recover (src/build/errors/ErrorHandler.ts:130:27)
      at Object.<anonymous> (src/build/errors/__tests__/ErrorHandler.test.ts:132:41)

    console.error
      Suggestions:

      371 |       // Show top 3 suggestions even in non-verbose mode
      372 |       if (error.suggestions.length > 0) {
    > 373 |         console.error('Suggestions:');
          |                 ^
      374 |         error.suggestions.slice(0, 3).forEach(suggestion => console.error(`  • ${suggestion}`));
      375 |         if (error.suggestions.length > 3) {
      376 |           console.error(`  ... and ${error.suggestions.length - 3} more (use --verbose for details)`);

      at ErrorHandler.defaultLogger (src/build/errors/ErrorHandler.ts:373:17)
      at ErrorHandler.logError (src/build/errors/ErrorHandler.ts:356:18)
      at ErrorHandler.handleError (src/build/errors/ErrorHandler.ts:110:10)
      at ErrorHandler.recover (src/build/errors/ErrorHandler.ts:130:27)
      at Object.<anonymous> (src/build/errors/__tests__/ErrorHandler.test.ts:132:41)

    console.error
        • Check the platform value in your build configuration

      372 |       if (error.suggestions.length > 0) {
      373 |         console.error('Suggestions:');
    > 374 |         error.suggestions.slice(0, 3).forEach(suggestion => console.error(`  • ${suggestion}`));
          |                                                                     ^
      375 |         if (error.suggestions.length > 3) {
      376 |           console.error(`  ... and ${error.suggestions.length - 3} more (use --verbose for details)`);
      377 |         }

      at src/build/errors/ErrorHandler.ts:374:69
          at Array.forEach (<anonymous>)
      at ErrorHandler.defaultLogger (src/build/errors/ErrorHandler.ts:374:39)
      at ErrorHandler.logError (src/build/errors/ErrorHandler.ts:356:18)
      at ErrorHandler.handleError (src/build/errors/ErrorHandler.ts:110:10)
      at ErrorHandler.recover (src/build/errors/ErrorHandler.ts:130:27)
      at Object.<anonymous> (src/build/errors/__tests__/ErrorHandler.test.ts:132:41)

    console.error
        • Ensure platform is one of: "ios", "android", or "web"

      372 |       if (error.suggestions.length > 0) {
      373 |         console.error('Suggestions:');
    > 374 |         error.suggestions.slice(0, 3).forEach(suggestion => console.error(`  • ${suggestion}`));
          |                                                                     ^
      375 |         if (error.suggestions.length > 3) {
      376 |           console.error(`  ... and ${error.suggestions.length - 3} more (use --verbose for details)`);
      377 |         }

      at src/build/errors/ErrorHandler.ts:374:69
          at Array.forEach (<anonymous>)
      at ErrorHandler.defaultLogger (src/build/errors/ErrorHandler.ts:374:39)
      at ErrorHandler.logError (src/build/errors/ErrorHandler.ts:356:18)
      at ErrorHandler.handleError (src/build/errors/ErrorHandler.ts:110:10)
      at ErrorHandler.recover (src/build/errors/ErrorHandler.ts:130:27)
      at Object.<anonymous> (src/build/errors/__tests__/ErrorHandler.test.ts:132:41)

    console.error
        • Verify there are no typos in the platform name

      372 |       if (error.suggestions.length > 0) {
      373 |         console.error('Suggestions:');
    > 374 |         error.suggestions.slice(0, 3).forEach(suggestion => console.error(`  • ${suggestion}`));
          |                                                                     ^
      375 |         if (error.suggestions.length > 3) {
      376 |           console.error(`  ... and ${error.suggestions.length - 3} more (use --verbose for details)`);
      377 |         }

      at src/build/errors/ErrorHandler.ts:374:69
          at Array.forEach (<anonymous>)
      at ErrorHandler.defaultLogger (src/build/errors/ErrorHandler.ts:374:39)
      at ErrorHandler.logError (src/build/errors/ErrorHandler.ts:356:18)
      at ErrorHandler.handleError (src/build/errors/ErrorHandler.ts:110:10)
      at ErrorHandler.recover (src/build/errors/ErrorHandler.ts:130:27)
      at Object.<anonymous> (src/build/errors/__tests__/ErrorHandler.test.ts:132:41)

    console.error
        ... and 1 more (use --verbose for details)

      374 |         error.suggestions.slice(0, 3).forEach(suggestion => console.error(`  • ${suggestion}`));
      375 |         if (error.suggestions.length > 3) {
    > 376 |           console.error(`  ... and ${error.suggestions.length - 3} more (use --verbose for details)`);
          |                   ^
      377 |         }
      378 |       }
      379 |     }

      at ErrorHandler.defaultLogger (src/build/errors/ErrorHandler.ts:376:19)
      at ErrorHandler.logError (src/build/errors/ErrorHandler.ts:356:18)
      at ErrorHandler.handleError (src/build/errors/ErrorHandler.ts:110:10)
      at ErrorHandler.recover (src/build/errors/ErrorHandler.ts:130:27)
      at Object.<anonymous> (src/build/errors/__tests__/ErrorHandler.test.ts:132:41)

    console.error
      [ERROR] [build] BUILD_COMPILATION_FAILED: Build failed

      367 |       const componentInfo = error.component ? ` [${error.component}]` : '';
      368 |       
    > 369 |       console.error(`${prefix}${platformInfo}${componentInfo} ${error.code}: ${error.message}`);
          |               ^
      370 |       
      371 |       // Show top 3 suggestions even in non-verbose mode
      372 |       if (error.suggestions.length > 0) {

      at ErrorHandler.defaultLogger (src/build/errors/ErrorHandler.ts:369:15)
      at ErrorHandler.logError (src/build/errors/ErrorHandler.ts:356:18)
      at ErrorHandler.handleError (src/build/errors/ErrorHandler.ts:110:10)
      at ErrorHandler.recover (src/build/errors/ErrorHandler.ts:130:27)
      at Object.<anonymous> (src/build/errors/__tests__/ErrorHandler.test.ts:147:41)

    console.error
      Suggestions:

      371 |       // Show top 3 suggestions even in non-verbose mode
      372 |       if (error.suggestions.length > 0) {
    > 373 |         console.error('Suggestions:');
          |                 ^
      374 |         error.suggestions.slice(0, 3).forEach(suggestion => console.error(`  • ${suggestion}`));
      375 |         if (error.suggestions.length > 3) {
      376 |           console.error(`  ... and ${error.suggestions.length - 3} more (use --verbose for details)`);

      at ErrorHandler.defaultLogger (src/build/errors/ErrorHandler.ts:373:17)
      at ErrorHandler.logError (src/build/errors/ErrorHandler.ts:356:18)
      at ErrorHandler.handleError (src/build/errors/ErrorHandler.ts:110:10)
      at ErrorHandler.recover (src/build/errors/ErrorHandler.ts:130:27)
      at Object.<anonymous> (src/build/errors/__tests__/ErrorHandler.test.ts:147:41)

    console.error
        • Review the compilation error details in the error context

      372 |       if (error.suggestions.length > 0) {
      373 |         console.error('Suggestions:');
    > 374 |         error.suggestions.slice(0, 3).forEach(suggestion => console.error(`  • ${suggestion}`));
          |                                                                     ^
      375 |         if (error.suggestions.length > 3) {
      376 |           console.error(`  ... and ${error.suggestions.length - 3} more (use --verbose for details)`);
      377 |         }

      at src/build/errors/ErrorHandler.ts:374:69
          at Array.forEach (<anonymous>)
      at ErrorHandler.defaultLogger (src/build/errors/ErrorHandler.ts:374:39)
      at ErrorHandler.logError (src/build/errors/ErrorHandler.ts:356:18)
      at ErrorHandler.handleError (src/build/errors/ErrorHandler.ts:110:10)
      at ErrorHandler.recover (src/build/errors/ErrorHandler.ts:130:27)
      at Object.<anonymous> (src/build/errors/__tests__/ErrorHandler.test.ts:147:41)

    console.error
        • Check the generated source files for syntax errors

      372 |       if (error.suggestions.length > 0) {
      373 |         console.error('Suggestions:');
    > 374 |         error.suggestions.slice(0, 3).forEach(suggestion => console.error(`  • ${suggestion}`));
          |                                                                     ^
      375 |         if (error.suggestions.length > 3) {
      376 |           console.error(`  ... and ${error.suggestions.length - 3} more (use --verbose for details)`);
      377 |         }

      at src/build/errors/ErrorHandler.ts:374:69
          at Array.forEach (<anonymous>)
      at ErrorHandler.defaultLogger (src/build/errors/ErrorHandler.ts:374:39)
      at ErrorHandler.logError (src/build/errors/ErrorHandler.ts:356:18)
      at ErrorHandler.handleError (src/build/errors/ErrorHandler.ts:110:10)
      at ErrorHandler.recover (src/build/errors/ErrorHandler.ts:130:27)
      at Object.<anonymous> (src/build/errors/__tests__/ErrorHandler.test.ts:147:41)

    console.error
        • Verify all platform-specific dependencies are installed

      372 |       if (error.suggestions.length > 0) {
      373 |         console.error('Suggestions:');
    > 374 |         error.suggestions.slice(0, 3).forEach(suggestion => console.error(`  • ${suggestion}`));
          |                                                                     ^
      375 |         if (error.suggestions.length > 3) {
      376 |           console.error(`  ... and ${error.suggestions.length - 3} more (use --verbose for details)`);
      377 |         }

      at src/build/errors/ErrorHandler.ts:374:69
          at Array.forEach (<anonymous>)
      at ErrorHandler.defaultLogger (src/build/errors/ErrorHandler.ts:374:39)
      at ErrorHandler.logError (src/build/errors/ErrorHandler.ts:356:18)
      at ErrorHandler.handleError (src/build/errors/ErrorHandler.ts:110:10)
      at ErrorHandler.recover (src/build/errors/ErrorHandler.ts:130:27)
      at Object.<anonymous> (src/build/errors/__tests__/ErrorHandler.test.ts:147:41)

    console.error
        ... and 2 more (use --verbose for details)

      374 |         error.suggestions.slice(0, 3).forEach(suggestion => console.error(`  • ${suggestion}`));
      375 |         if (error.suggestions.length > 3) {
    > 376 |           console.error(`  ... and ${error.suggestions.length - 3} more (use --verbose for details)`);
          |                   ^
      377 |         }
      378 |       }
      379 |     }

      at ErrorHandler.defaultLogger (src/build/errors/ErrorHandler.ts:376:19)
      at ErrorHandler.logError (src/build/errors/ErrorHandler.ts:356:18)
      at ErrorHandler.handleError (src/build/errors/ErrorHandler.ts:110:10)
      at ErrorHandler.recover (src/build/errors/ErrorHandler.ts:130:27)
      at Object.<anonymous> (src/build/errors/__tests__/ErrorHandler.test.ts:147:41)

    console.error
      [ERROR] [build] [ios] BUILD_COMPILATION_FAILED: iOS build failed

      367 |       const componentInfo = error.component ? ` [${error.component}]` : '';
      368 |       
    > 369 |       console.error(`${prefix}${platformInfo}${componentInfo} ${error.code}: ${error.message}`);
          |               ^
      370 |       
      371 |       // Show top 3 suggestions even in non-verbose mode
      372 |       if (error.suggestions.length > 0) {

      at ErrorHandler.defaultLogger (src/build/errors/ErrorHandler.ts:369:15)
      at ErrorHandler.logError (src/build/errors/ErrorHandler.ts:356:18)
      at ErrorHandler.handleError (src/build/errors/ErrorHandler.ts:110:10)
      at ErrorHandler.recover (src/build/errors/ErrorHandler.ts:130:27)
      at Object.<anonymous> (src/build/errors/__tests__/ErrorHandler.test.ts:166:41)

    console.error
      Suggestions:

      371 |       // Show top 3 suggestions even in non-verbose mode
      372 |       if (error.suggestions.length > 0) {
    > 373 |         console.error('Suggestions:');
          |                 ^
      374 |         error.suggestions.slice(0, 3).forEach(suggestion => console.error(`  • ${suggestion}`));
      375 |         if (error.suggestions.length > 3) {
      376 |           console.error(`  ... and ${error.suggestions.length - 3} more (use --verbose for details)`);

      at ErrorHandler.defaultLogger (src/build/errors/ErrorHandler.ts:373:17)
      at ErrorHandler.logError (src/build/errors/ErrorHandler.ts:356:18)
      at ErrorHandler.handleError (src/build/errors/ErrorHandler.ts:110:10)
      at ErrorHandler.recover (src/build/errors/ErrorHandler.ts:130:27)
      at Object.<anonymous> (src/build/errors/__tests__/ErrorHandler.test.ts:166:41)

    console.error
        • Review the compilation error details in the error context

      372 |       if (error.suggestions.length > 0) {
      373 |         console.error('Suggestions:');
    > 374 |         error.suggestions.slice(0, 3).forEach(suggestion => console.error(`  • ${suggestion}`));
          |                                                                     ^
      375 |         if (error.suggestions.length > 3) {
      376 |           console.error(`  ... and ${error.suggestions.length - 3} more (use --verbose for details)`);
      377 |         }

      at src/build/errors/ErrorHandler.ts:374:69
          at Array.forEach (<anonymous>)
      at ErrorHandler.defaultLogger (src/build/errors/ErrorHandler.ts:374:39)
      at ErrorHandler.logError (src/build/errors/ErrorHandler.ts:356:18)
      at ErrorHandler.handleError (src/build/errors/ErrorHandler.ts:110:10)
      at ErrorHandler.recover (src/build/errors/ErrorHandler.ts:130:27)
      at Object.<anonymous> (src/build/errors/__tests__/ErrorHandler.test.ts:166:41)

    console.error
        • Check the generated source files for syntax errors

      372 |       if (error.suggestions.length > 0) {
      373 |         console.error('Suggestions:');
    > 374 |         error.suggestions.slice(0, 3).forEach(suggestion => console.error(`  • ${suggestion}`));
          |                                                                     ^
      375 |         if (error.suggestions.length > 3) {
      376 |           console.error(`  ... and ${error.suggestions.length - 3} more (use --verbose for details)`);
      377 |         }

      at src/build/errors/ErrorHandler.ts:374:69
          at Array.forEach (<anonymous>)
      at ErrorHandler.defaultLogger (src/build/errors/ErrorHandler.ts:374:39)
      at ErrorHandler.logError (src/build/errors/ErrorHandler.ts:356:18)
      at ErrorHandler.handleError (src/build/errors/ErrorHandler.ts:110:10)
      at ErrorHandler.recover (src/build/errors/ErrorHandler.ts:130:27)
      at Object.<anonymous> (src/build/errors/__tests__/ErrorHandler.test.ts:166:41)

    console.error
        • Verify all platform-specific dependencies are installed

      372 |       if (error.suggestions.length > 0) {
      373 |         console.error('Suggestions:');
    > 374 |         error.suggestions.slice(0, 3).forEach(suggestion => console.error(`  • ${suggestion}`));
          |                                                                     ^
      375 |         if (error.suggestions.length > 3) {
      376 |           console.error(`  ... and ${error.suggestions.length - 3} more (use --verbose for details)`);
      377 |         }

      at src/build/errors/ErrorHandler.ts:374:69
          at Array.forEach (<anonymous>)
      at ErrorHandler.defaultLogger (src/build/errors/ErrorHandler.ts:374:39)
      at ErrorHandler.logError (src/build/errors/ErrorHandler.ts:356:18)
      at ErrorHandler.handleError (src/build/errors/ErrorHandler.ts:110:10)
      at ErrorHandler.recover (src/build/errors/ErrorHandler.ts:130:27)
      at Object.<anonymous> (src/build/errors/__tests__/ErrorHandler.test.ts:166:41)

    console.error
        ... and 2 more (use --verbose for details)

      374 |         error.suggestions.slice(0, 3).forEach(suggestion => console.error(`  • ${suggestion}`));
      375 |         if (error.suggestions.length > 3) {
    > 376 |           console.error(`  ... and ${error.suggestions.length - 3} more (use --verbose for details)`);
          |                   ^
      377 |         }
      378 |       }
      379 |     }

      at ErrorHandler.defaultLogger (src/build/errors/ErrorHandler.ts:376:19)
      at ErrorHandler.logError (src/build/errors/ErrorHandler.ts:356:18)
      at ErrorHandler.handleError (src/build/errors/ErrorHandler.ts:110:10)
      at ErrorHandler.recover (src/build/errors/ErrorHandler.ts:130:27)
      at Object.<anonymous> (src/build/errors/__tests__/ErrorHandler.test.ts:166:41)

    console.error
      [ERROR] [token] TOKEN_NOT_FOUND: Token not found

      367 |       const componentInfo = error.component ? ` [${error.component}]` : '';
      368 |       
    > 369 |       console.error(`${prefix}${platformInfo}${componentInfo} ${error.code}: ${error.message}`);
          |               ^
      370 |       
      371 |       // Show top 3 suggestions even in non-verbose mode
      372 |       if (error.suggestions.length > 0) {

      at ErrorHandler.defaultLogger (src/build/errors/ErrorHandler.ts:369:15)
      at ErrorHandler.logError (src/build/errors/ErrorHandler.ts:356:18)
      at ErrorHandler.handleError (src/build/errors/ErrorHandler.ts:110:10)
      at ErrorHandler.recover (src/build/errors/ErrorHandler.ts:130:27)
      at Object.<anonymous> (src/build/errors/__tests__/ErrorHandler.test.ts:184:41)

    console.error
      Suggestions:

      371 |       // Show top 3 suggestions even in non-verbose mode
      372 |       if (error.suggestions.length > 0) {
    > 373 |         console.error('Suggestions:');
          |                 ^
      374 |         error.suggestions.slice(0, 3).forEach(suggestion => console.error(`  • ${suggestion}`));
      375 |         if (error.suggestions.length > 3) {
      376 |           console.error(`  ... and ${error.suggestions.length - 3} more (use --verbose for details)`);

      at ErrorHandler.defaultLogger (src/build/errors/ErrorHandler.ts:373:17)
      at ErrorHandler.logError (src/build/errors/ErrorHandler.ts:356:18)
      at ErrorHandler.handleError (src/build/errors/ErrorHandler.ts:110:10)
      at ErrorHandler.recover (src/build/errors/ErrorHandler.ts:130:27)
      at Object.<anonymous> (src/build/errors/__tests__/ErrorHandler.test.ts:184:41)

    console.error
        • Verify the token name is correct

      372 |       if (error.suggestions.length > 0) {
      373 |         console.error('Suggestions:');
    > 374 |         error.suggestions.slice(0, 3).forEach(suggestion => console.error(`  • ${suggestion}`));
          |                                                                     ^
      375 |         if (error.suggestions.length > 3) {
      376 |           console.error(`  ... and ${error.suggestions.length - 3} more (use --verbose for details)`);
      377 |         }

      at src/build/errors/ErrorHandler.ts:374:69
          at Array.forEach (<anonymous>)
      at ErrorHandler.defaultLogger (src/build/errors/ErrorHandler.ts:374:39)
      at ErrorHandler.logError (src/build/errors/ErrorHandler.ts:356:18)
      at ErrorHandler.handleError (src/build/errors/ErrorHandler.ts:110:10)
      at ErrorHandler.recover (src/build/errors/ErrorHandler.ts:130:27)
      at Object.<anonymous> (src/build/errors/__tests__/ErrorHandler.test.ts:184:41)

    console.error
        • Check that the token exists in F1 token system

      372 |       if (error.suggestions.length > 0) {
      373 |         console.error('Suggestions:');
    > 374 |         error.suggestions.slice(0, 3).forEach(suggestion => console.error(`  • ${suggestion}`));
          |                                                                     ^
      375 |         if (error.suggestions.length > 3) {
      376 |           console.error(`  ... and ${error.suggestions.length - 3} more (use --verbose for details)`);
      377 |         }

      at src/build/errors/ErrorHandler.ts:374:69
          at Array.forEach (<anonymous>)
      at ErrorHandler.defaultLogger (src/build/errors/ErrorHandler.ts:374:39)
      at ErrorHandler.logError (src/build/errors/ErrorHandler.ts:356:18)
      at ErrorHandler.handleError (src/build/errors/ErrorHandler.ts:110:10)
      at ErrorHandler.recover (src/build/errors/ErrorHandler.ts:130:27)
      at Object.<anonymous> (src/build/errors/__tests__/ErrorHandler.test.ts:184:41)

    console.error
        • Ensure token is properly registered in primitive or semantic registry

      372 |       if (error.suggestions.length > 0) {
      373 |         console.error('Suggestions:');
    > 374 |         error.suggestions.slice(0, 3).forEach(suggestion => console.error(`  • ${suggestion}`));
          |                                                                     ^
      375 |         if (error.suggestions.length > 3) {
      376 |           console.error(`  ... and ${error.suggestions.length - 3} more (use --verbose for details)`);
      377 |         }

      at src/build/errors/ErrorHandler.ts:374:69
          at Array.forEach (<anonymous>)
      at ErrorHandler.defaultLogger (src/build/errors/ErrorHandler.ts:374:39)
      at ErrorHandler.logError (src/build/errors/ErrorHandler.ts:356:18)
      at ErrorHandler.handleError (src/build/errors/ErrorHandler.ts:110:10)
      at ErrorHandler.recover (src/build/errors/ErrorHandler.ts:130:27)
      at Object.<anonymous> (src/build/errors/__tests__/ErrorHandler.test.ts:184:41)

    console.error
        ... and 2 more (use --verbose for details)

      374 |         error.suggestions.slice(0, 3).forEach(suggestion => console.error(`  • ${suggestion}`));
      375 |         if (error.suggestions.length > 3) {
    > 376 |           console.error(`  ... and ${error.suggestions.length - 3} more (use --verbose for details)`);
          |                   ^
      377 |         }
      378 |       }
      379 |     }

      at ErrorHandler.defaultLogger (src/build/errors/ErrorHandler.ts:376:19)
      at ErrorHandler.logError (src/build/errors/ErrorHandler.ts:356:18)
      at ErrorHandler.handleError (src/build/errors/ErrorHandler.ts:110:10)
      at ErrorHandler.recover (src/build/errors/ErrorHandler.ts:130:27)
      at Object.<anonymous> (src/build/errors/__tests__/ErrorHandler.test.ts:184:41)

    console.error
      [ERROR] [build] TEST_ERROR: Test error

      367 |       const componentInfo = error.component ? ` [${error.component}]` : '';
      368 |       
    > 369 |       console.error(`${prefix}${platformInfo}${componentInfo} ${error.code}: ${error.message}`);
          |               ^
      370 |       
      371 |       // Show top 3 suggestions even in non-verbose mode
      372 |       if (error.suggestions.length > 0) {

      at ErrorHandler.defaultLogger (src/build/errors/ErrorHandler.ts:369:15)
      at ErrorHandler.logError (src/build/errors/ErrorHandler.ts:356:18)
      at ErrorHandler.handleError (src/build/errors/ErrorHandler.ts:110:10)
      at Object.<anonymous> (src/build/errors/__tests__/ErrorHandler.test.ts:270:20)

    console.error
      [ERROR] [build] ERROR_1: First error

      367 |       const componentInfo = error.component ? ` [${error.component}]` : '';
      368 |       
    > 369 |       console.error(`${prefix}${platformInfo}${componentInfo} ${error.code}: ${error.message}`);
          |               ^
      370 |       
      371 |       // Show top 3 suggestions even in non-verbose mode
      372 |       if (error.suggestions.length > 0) {

      at ErrorHandler.defaultLogger (src/build/errors/ErrorHandler.ts:369:15)
      at ErrorHandler.logError (src/build/errors/ErrorHandler.ts:356:18)
      at ErrorHandler.handleError (src/build/errors/ErrorHandler.ts:110:10)
      at Object.<anonymous> (src/build/errors/__tests__/ErrorHandler.test.ts:292:20)

    console.error
      [WARNING] [token] ERROR_2: Second error

      367 |       const componentInfo = error.component ? ` [${error.component}]` : '';
      368 |       
    > 369 |       console.error(`${prefix}${platformInfo}${componentInfo} ${error.code}: ${error.message}`);
          |               ^
      370 |       
      371 |       // Show top 3 suggestions even in non-verbose mode
      372 |       if (error.suggestions.length > 0) {

      at ErrorHandler.defaultLogger (src/build/errors/ErrorHandler.ts:369:15)
      at ErrorHandler.logError (src/build/errors/ErrorHandler.ts:356:18)
      at ErrorHandler.handleError (src/build/errors/ErrorHandler.ts:110:10)
      at Object.<anonymous> (src/build/errors/__tests__/ErrorHandler.test.ts:293:20)

    console.error
      [ERROR] [build] TEST_ERROR: Test error

      367 |       const componentInfo = error.component ? ` [${error.component}]` : '';
      368 |       
    > 369 |       console.error(`${prefix}${platformInfo}${componentInfo} ${error.code}: ${error.message}`);
          |               ^
      370 |       
      371 |       // Show top 3 suggestions even in non-verbose mode
      372 |       if (error.suggestions.length > 0) {

      at ErrorHandler.defaultLogger (src/build/errors/ErrorHandler.ts:369:15)
      at ErrorHandler.logError (src/build/errors/ErrorHandler.ts:356:18)
      at ErrorHandler.handleError (src/build/errors/ErrorHandler.ts:110:10)
      at Object.<anonymous> (src/build/errors/__tests__/ErrorHandler.test.ts:307:20)

    console.error
      [ERROR] [config] CONFIG_ERROR: Config error

      367 |       const componentInfo = error.component ? ` [${error.component}]` : '';
      368 |       
    > 369 |       console.error(`${prefix}${platformInfo}${componentInfo} ${error.code}: ${error.message}`);
          |               ^
      370 |       
      371 |       // Show top 3 suggestions even in non-verbose mode
      372 |       if (error.suggestions.length > 0) {

      at ErrorHandler.defaultLogger (src/build/errors/ErrorHandler.ts:369:15)
      at ErrorHandler.logError (src/build/errors/ErrorHandler.ts:356:18)
      at ErrorHandler.handleError (src/build/errors/ErrorHandler.ts:110:10)
      at Object.<anonymous> (src/build/errors/__tests__/ErrorHandler.test.ts:317:20)

    console.error
      [ERROR] [build] [ios] BUILD_ERROR: Build error

      367 |       const componentInfo = error.component ? ` [${error.component}]` : '';
      368 |       
    > 369 |       console.error(`${prefix}${platformInfo}${componentInfo} ${error.code}: ${error.message}`);
          |               ^
      370 |       
      371 |       // Show top 3 suggestions even in non-verbose mode
      372 |       if (error.suggestions.length > 0) {

      at ErrorHandler.defaultLogger (src/build/errors/ErrorHandler.ts:369:15)
      at ErrorHandler.logError (src/build/errors/ErrorHandler.ts:356:18)
      at ErrorHandler.handleError (src/build/errors/ErrorHandler.ts:110:10)
      at Object.<anonymous> (src/build/errors/__tests__/ErrorHandler.test.ts:324:20)

    console.error
      [WARNING] [token] [android] TOKEN_WARNING: Token warning

      367 |       const componentInfo = error.component ? ` [${error.component}]` : '';
      368 |       
    > 369 |       console.error(`${prefix}${platformInfo}${componentInfo} ${error.code}: ${error.message}`);
          |               ^
      370 |       
      371 |       // Show top 3 suggestions even in non-verbose mode
      372 |       if (error.suggestions.length > 0) {

      at ErrorHandler.defaultLogger (src/build/errors/ErrorHandler.ts:369:15)
      at ErrorHandler.logError (src/build/errors/ErrorHandler.ts:356:18)
      at ErrorHandler.handleError (src/build/errors/ErrorHandler.ts:110:10)
      at Object.<anonymous> (src/build/errors/__tests__/ErrorHandler.test.ts:332:20)

    console.error
      [ERROR] [config] CONFIG_ERROR: Config error

      367 |       const componentInfo = error.component ? ` [${error.component}]` : '';
      368 |       
    > 369 |       console.error(`${prefix}${platformInfo}${componentInfo} ${error.code}: ${error.message}`);
          |               ^
      370 |       
      371 |       // Show top 3 suggestions even in non-verbose mode
      372 |       if (error.suggestions.length > 0) {

      at ErrorHandler.defaultLogger (src/build/errors/ErrorHandler.ts:369:15)
      at ErrorHandler.logError (src/build/errors/ErrorHandler.ts:356:18)
      at ErrorHandler.handleError (src/build/errors/ErrorHandler.ts:110:10)
      at Object.<anonymous> (src/build/errors/__tests__/ErrorHandler.test.ts:317:20)

    console.error
      [ERROR] [build] [ios] BUILD_ERROR: Build error

      367 |       const componentInfo = error.component ? ` [${error.component}]` : '';
      368 |       
    > 369 |       console.error(`${prefix}${platformInfo}${componentInfo} ${error.code}: ${error.message}`);
          |               ^
      370 |       
      371 |       // Show top 3 suggestions even in non-verbose mode
      372 |       if (error.suggestions.length > 0) {

      at ErrorHandler.defaultLogger (src/build/errors/ErrorHandler.ts:369:15)
      at ErrorHandler.logError (src/build/errors/ErrorHandler.ts:356:18)
      at ErrorHandler.handleError (src/build/errors/ErrorHandler.ts:110:10)
      at Object.<anonymous> (src/build/errors/__tests__/ErrorHandler.test.ts:324:20)

    console.error
      [WARNING] [token] [android] TOKEN_WARNING: Token warning

      367 |       const componentInfo = error.component ? ` [${error.component}]` : '';
      368 |       
    > 369 |       console.error(`${prefix}${platformInfo}${componentInfo} ${error.code}: ${error.message}`);
          |               ^
      370 |       
      371 |       // Show top 3 suggestions even in non-verbose mode
      372 |       if (error.suggestions.length > 0) {

      at ErrorHandler.defaultLogger (src/build/errors/ErrorHandler.ts:369:15)
      at ErrorHandler.logError (src/build/errors/ErrorHandler.ts:356:18)
      at ErrorHandler.handleError (src/build/errors/ErrorHandler.ts:110:10)
      at Object.<anonymous> (src/build/errors/__tests__/ErrorHandler.test.ts:332:20)

    console.error
      [ERROR] [config] CONFIG_ERROR: Config error

      367 |       const componentInfo = error.component ? ` [${error.component}]` : '';
      368 |       
    > 369 |       console.error(`${prefix}${platformInfo}${componentInfo} ${error.code}: ${error.message}`);
          |               ^
      370 |       
      371 |       // Show top 3 suggestions even in non-verbose mode
      372 |       if (error.suggestions.length > 0) {

      at ErrorHandler.defaultLogger (src/build/errors/ErrorHandler.ts:369:15)
      at ErrorHandler.logError (src/build/errors/ErrorHandler.ts:356:18)
      at ErrorHandler.handleError (src/build/errors/ErrorHandler.ts:110:10)
      at Object.<anonymous> (src/build/errors/__tests__/ErrorHandler.test.ts:317:20)

    console.error
      [ERROR] [build] [ios] BUILD_ERROR: Build error

      367 |       const componentInfo = error.component ? ` [${error.component}]` : '';
      368 |       
    > 369 |       console.error(`${prefix}${platformInfo}${componentInfo} ${error.code}: ${error.message}`);
          |               ^
      370 |       
      371 |       // Show top 3 suggestions even in non-verbose mode
      372 |       if (error.suggestions.length > 0) {

      at ErrorHandler.defaultLogger (src/build/errors/ErrorHandler.ts:369:15)
      at ErrorHandler.logError (src/build/errors/ErrorHandler.ts:356:18)
      at ErrorHandler.handleError (src/build/errors/ErrorHandler.ts:110:10)
      at Object.<anonymous> (src/build/errors/__tests__/ErrorHandler.test.ts:324:20)

    console.error
      [WARNING] [token] [android] TOKEN_WARNING: Token warning

      367 |       const componentInfo = error.component ? ` [${error.component}]` : '';
      368 |       
    > 369 |       console.error(`${prefix}${platformInfo}${componentInfo} ${error.code}: ${error.message}`);
          |               ^
      370 |       
      371 |       // Show top 3 suggestions even in non-verbose mode
      372 |       if (error.suggestions.length > 0) {

      at ErrorHandler.defaultLogger (src/build/errors/ErrorHandler.ts:369:15)
      at ErrorHandler.logError (src/build/errors/ErrorHandler.ts:356:18)
      at ErrorHandler.handleError (src/build/errors/ErrorHandler.ts:110:10)
      at Object.<anonymous> (src/build/errors/__tests__/ErrorHandler.test.ts:332:20)

    console.error
      [ERROR] [build] CRITICAL_ERROR: Critical error

      367 |       const componentInfo = error.component ? ` [${error.component}]` : '';
      368 |       
    > 369 |       console.error(`${prefix}${platformInfo}${componentInfo} ${error.code}: ${error.message}`);
          |               ^
      370 |       
      371 |       // Show top 3 suggestions even in non-verbose mode
      372 |       if (error.suggestions.length > 0) {

      at ErrorHandler.defaultLogger (src/build/errors/ErrorHandler.ts:369:15)
      at ErrorHandler.logError (src/build/errors/ErrorHandler.ts:356:18)
      at ErrorHandler.handleError (src/build/errors/ErrorHandler.ts:110:10)
      at Object.<anonymous> (src/build/errors/__tests__/ErrorHandler.test.ts:381:20)

    console.error
      [WARNING] [build] WARNING: Warning

      367 |       const componentInfo = error.component ? ` [${error.component}]` : '';
      368 |       
    > 369 |       console.error(`${prefix}${platformInfo}${componentInfo} ${error.code}: ${error.message}`);
          |               ^
      370 |       
      371 |       // Show top 3 suggestions even in non-verbose mode
      372 |       if (error.suggestions.length > 0) {

      at ErrorHandler.defaultLogger (src/build/errors/ErrorHandler.ts:369:15)
      at ErrorHandler.logError (src/build/errors/ErrorHandler.ts:356:18)
      at ErrorHandler.handleError (src/build/errors/ErrorHandler.ts:110:10)
      at Object.<anonymous> (src/build/errors/__tests__/ErrorHandler.test.ts:392:20)

    console.error
      [ERROR] [build] [ios] BUILD_ERROR: iOS build failed

      367 |       const componentInfo = error.component ? ` [${error.component}]` : '';
      368 |       
    > 369 |       console.error(`${prefix}${platformInfo}${componentInfo} ${error.code}: ${error.message}`);
          |               ^
      370 |       
      371 |       // Show top 3 suggestions even in non-verbose mode
      372 |       if (error.suggestions.length > 0) {

      at ErrorHandler.defaultLogger (src/build/errors/ErrorHandler.ts:369:15)
      at ErrorHandler.logError (src/build/errors/ErrorHandler.ts:356:18)
      at ErrorHandler.handleError (src/build/errors/ErrorHandler.ts:110:10)
      at Object.<anonymous> (src/build/errors/__tests__/ErrorHandler.test.ts:471:32)

    console.error
      [ERROR] [build] [ios] BUILD_ERROR: iOS build failed

      367 |       const componentInfo = error.component ? ` [${error.component}]` : '';
      368 |       
    > 369 |       console.error(`${prefix}${platformInfo}${componentInfo} ${error.code}: ${error.message}`);
          |               ^
      370 |       
      371 |       // Show top 3 suggestions even in non-verbose mode
      372 |       if (error.suggestions.length > 0) {

      at ErrorHandler.defaultLogger (src/build/errors/ErrorHandler.ts:369:15)
      at ErrorHandler.logError (src/build/errors/ErrorHandler.ts:356:18)
      at ErrorHandler.handleError (src/build/errors/ErrorHandler.ts:110:10)
      at Object.<anonymous> (src/build/errors/__tests__/ErrorHandler.test.ts:488:32)

PASS src/integration/__tests__/ValidationCoordinator.test.ts
PASS src/validators/__tests__/BaselineGridValidator.test.ts
PASS src/release/automation/__tests__/ChangelogManager.test.ts
  ● Console

    console.log
      ✅ Created /var/folders/z2/kfvx4wfj7cb3hq2gn5c7smzr0000gn/T/changelog-test-nxXMCr/CHANGELOG.md with version 1.0.0

      at ChangelogManager.updateChangelog (src/release/automation/ChangelogManager.ts:71:17)

    console.log
      ✅ Created /var/folders/z2/kfvx4wfj7cb3hq2gn5c7smzr0000gn/T/changelog-test-6f4ipq/CHANGELOG.md with version 1.0.0

      at ChangelogManager.updateChangelog (src/release/automation/ChangelogManager.ts:71:17)

    console.log
      ✅ Updated /var/folders/z2/kfvx4wfj7cb3hq2gn5c7smzr0000gn/T/changelog-test-6f4ipq/CHANGELOG.md with version 1.1.0

      at ChangelogManager.updateChangelog (src/release/automation/ChangelogManager.ts:94:15)

    console.log
      ✅ Created /var/folders/z2/kfvx4wfj7cb3hq2gn5c7smzr0000gn/T/changelog-test-0xX9Ok/CHANGELOG.md with version 1.0.0

      at ChangelogManager.updateChangelog (src/release/automation/ChangelogManager.ts:71:17)

    console.log
      ✅ Created /var/folders/z2/kfvx4wfj7cb3hq2gn5c7smzr0000gn/T/changelog-test-qTf5vm/CHANGELOG.md with version 1.0.0

      at ChangelogManager.updateChangelog (src/release/automation/ChangelogManager.ts:71:17)

    console.log
      ✅ Updated /var/folders/z2/kfvx4wfj7cb3hq2gn5c7smzr0000gn/T/changelog-test-qTf5vm/CHANGELOG.md with version 1.1.0

      at ChangelogManager.updateChangelog (src/release/automation/ChangelogManager.ts:94:15)

    console.log
      ✅ Updated /var/folders/z2/kfvx4wfj7cb3hq2gn5c7smzr0000gn/T/changelog-test-qTf5vm/CHANGELOG.md with version 1.2.0

      at ChangelogManager.updateChangelog (src/release/automation/ChangelogManager.ts:94:15)

    console.log
      ✅ Updated /var/folders/z2/kfvx4wfj7cb3hq2gn5c7smzr0000gn/T/changelog-test-yu2oRG/CHANGELOG.md with version 1.1.0

      at ChangelogManager.updateChangelog (src/release/automation/ChangelogManager.ts:94:15)

    console.log
      ✅ Created /var/folders/z2/kfvx4wfj7cb3hq2gn5c7smzr0000gn/T/changelog-test-CrOy4h/CHANGELOG.md with version 1.0.0-alpha.1

      at ChangelogManager.updateChangelog (src/release/automation/ChangelogManager.ts:71:17)

    console.log
      ✅ Created /var/folders/z2/kfvx4wfj7cb3hq2gn5c7smzr0000gn/T/changelog-test-R6RRSI/CHANGELOG.md with version 2.0.0

      at ChangelogManager.updateChangelog (src/release/automation/ChangelogManager.ts:71:17)

    console.log
      ✅ Updated /var/folders/z2/kfvx4wfj7cb3hq2gn5c7smzr0000gn/T/changelog-test-0dxX7q/CHANGELOG.md with version 1.0.0

      at ChangelogManager.updateChangelog (src/release/automation/ChangelogManager.ts:94:15)

    console.log
      ✅ Created /var/folders/z2/kfvx4wfj7cb3hq2gn5c7smzr0000gn/T/changelog-test-cuOKo4/nested/dir/CHANGELOG.md with version 1.0.0

      at ChangelogManager.updateChangelog (src/release/automation/ChangelogManager.ts:71:17)

    console.log
      ✅ Created /var/folders/z2/kfvx4wfj7cb3hq2gn5c7smzr0000gn/T/changelog-test-OcZkyR/CHANGELOG.md with version 1.0.0

      at ChangelogManager.updateChangelog (src/release/automation/ChangelogManager.ts:71:17)

    console.log
      ✅ Created /var/folders/z2/kfvx4wfj7cb3hq2gn5c7smzr0000gn/T/changelog-test-moAxRV/CHANGELOG.md with version 1.0.0

      at ChangelogManager.updateChangelog (src/release/automation/ChangelogManager.ts:71:17)

PASS src/providers/__tests__/iOSFormatGenerator-semantic.test.ts
PASS src/release/automation/__tests__/helpers/GitMockHelper.test.ts
PASS src/release-analysis/evaluation/__tests__/ArtifactEvaluator.test.ts
  ● Console

    console.log
      🔍 Starting artifact evaluation framework...

      at ArtifactEvaluator.evaluateArtifacts (src/release-analysis/evaluation/ArtifactEvaluator.ts:172:13)

    console.log
      📊 Evaluating simple extraction approach...

      at ArtifactEvaluator.evaluateArtifacts (src/release-analysis/evaluation/ArtifactEvaluator.ts:178:13)

    console.log
      📊 Evaluating complex extraction approach...

      at ArtifactEvaluator.evaluateArtifacts (src/release-analysis/evaluation/ArtifactEvaluator.ts:182:13)

    console.log
      ✅ Artifact evaluation complete

      at ArtifactEvaluator.evaluateArtifacts (src/release-analysis/evaluation/ArtifactEvaluator.ts:197:13)

PASS src/tokens/semantic/__tests__/OpacityTokens.test.ts
PASS src/build/validation/__tests__/InterfaceValidator.test.ts
PASS src/release/automation/__tests__/GitOperations.test.ts
  ● Console

    console.log
      ✅ Created commit: Release 1.0.0

      at GitOperations.createCommit (src/release/automation/GitOperations.ts:115:17)

    console.log
      ✅ Created commit: Release 1.0.0

      at GitOperations.createCommit (src/release/automation/GitOperations.ts:115:17)

    console.log
      ✅ Created commit: Empty commit

      at GitOperations.createCommit (src/release/automation/GitOperations.ts:115:17)

    console.log
      ✅ Created commit: Release "1.0.0" with \ backslash

      at GitOperations.createCommit (src/release/automation/GitOperations.ts:115:17)

    console.log
      ✅ Created tag: v1.0.0

      at GitOperations.createTag (src/release/automation/GitOperations.ts:203:17)

    console.log
      ✅ Created tag: v1.0.0

      at GitOperations.createTag (src/release/automation/GitOperations.ts:203:17)

    console.log
      ✅ Created tag: v1.0.0

      at GitOperations.createTag (src/release/automation/GitOperations.ts:203:17)

    console.log
      ✅ Created tag: v1.0.0

      at GitOperations.createTag (src/release/automation/GitOperations.ts:203:17)

    console.log
      ✅ Created tag: v1.0.0

      at GitOperations.createTag (src/release/automation/GitOperations.ts:203:17)

    console.log
      ✅ Created tag: v1.0.0-alpha.1

      at GitOperations.createTag (src/release/automation/GitOperations.ts:203:17)

    console.log
      ✅ Pushed commits to origin/main

      at GitOperations.push (src/release/automation/GitOperations.ts:259:17)

    console.log
      ✅ Pushed commits to upstream/develop

      at GitOperations.push (src/release/automation/GitOperations.ts:259:17)

    console.log
      ✅ Pushed commits to origin/main

      at GitOperations.push (src/release/automation/GitOperations.ts:259:17)

    console.log
      ✅ Pushed tags to origin

      at GitOperations.push (src/release/automation/GitOperations.ts:275:19)

    console.log
      ✅ Pushed commits to origin/main

      at GitOperations.push (src/release/automation/GitOperations.ts:259:17)

    console.log
      ✅ Pushed commits to origin/main

      at GitOperations.push (src/release/automation/GitOperations.ts:259:17)

    console.log
      ✅ Created commit: New commit

      at GitOperations.createCommit (src/release/automation/GitOperations.ts:115:17)

    console.log
      🔄 Rolling back git operations...

      at GitOperations.rollback (src/release/automation/GitOperations.ts:322:15)

    console.log
      ✅ Reset to commit abc123

      at GitOperations.rollback (src/release/automation/GitOperations.ts:329:19)

    console.log
      ✅ Created tag: v1.0.0

      at GitOperations.createTag (src/release/automation/GitOperations.ts:203:17)

    console.log
      🔄 Rolling back git operations...

      at GitOperations.rollback (src/release/automation/GitOperations.ts:322:15)

    console.log
      ✅ Reset to commit abc123

      at GitOperations.rollback (src/release/automation/GitOperations.ts:329:19)

    console.log
      ✅ Deleted tag v1.0.0

      at GitOperations.rollback (src/release/automation/GitOperations.ts:344:19)

    console.log
      ✅ Created commit: Commit

      at GitOperations.createCommit (src/release/automation/GitOperations.ts:115:17)

    console.log
      🔄 Rolling back git operations...

      at GitOperations.rollback (src/release/automation/GitOperations.ts:322:15)

    console.log
      ✅ Reset to commit abc123

      at GitOperations.rollback (src/release/automation/GitOperations.ts:329:19)

    console.log
      ✅ Created commit: Commit

      at GitOperations.createCommit (src/release/automation/GitOperations.ts:115:17)

PASS src/build/platforms/__tests__/IOSShadowGenerator.test.ts
PASS src/validators/__tests__/ValidationReasoning.test.ts
PASS src/tokens/__tests__/FontSizeTokensFormulaValidation.test.ts
PASS src/build/validation/__tests__/CrossPlatformValidationReporter.test.ts
PASS src/build/validation/__tests__/InterfaceContractValidator.test.ts
PASS src/release/ai/__tests__/AICollaborationInterface.test.ts
PASS src/tokens/__tests__/LetterSpacingTokens.test.ts
PASS src/release/integration/__tests__/WorkflowPreservation.test.ts
  ● Console

    console.error
      Failed to write to log: Error: Log write failed

      452 |     } catch (error) {
      453 |       // Silently fail if logging fails
    > 454 |       console.error(`Failed to write to log: ${error}`);
          |               ^
      455 |     }
      456 |   }
      457 | }

      at WorkflowPreservation.log (src/release/integration/WorkflowPreservation.ts:454:15)
      at WorkflowPreservation.executeTransparently (src/release/integration/WorkflowPreservation.ts:71:10)
      at Object.<anonymous> (src/release/integration/__tests__/WorkflowPreservation.test.ts:444:22)

    console.error
      Failed to write to log: Error: Log write failed

      452 |     } catch (error) {
      453 |       // Silently fail if logging fails
    > 454 |       console.error(`Failed to write to log: ${error}`);
          |               ^
      455 |     }
      456 |   }
      457 | }

      at WorkflowPreservation.log (src/release/integration/WorkflowPreservation.ts:454:15)
      at WorkflowPreservation.executeTransparently (src/release/integration/WorkflowPreservation.ts:87:12)
      at Object.<anonymous> (src/release/integration/__tests__/WorkflowPreservation.test.ts:443:7)

PASS src/tokens/__tests__/AIReadableMathematicalRelationships.test.ts
PASS src/security/__tests__/AIAgentRestrictions.test.ts
PASS src/validators/__tests__/MathematicalRelationshipParser.test.ts
PASS src/validators/__tests__/SemanticTokenValidator.test.ts
PASS src/registries/__tests__/IRegistry.test.ts
PASS src/components/core/Icon/platforms/web/__tests__/Icon.backward-compatibility.test.ts
PASS src/validators/__tests__/WCAGValidator.test.ts
PASS src/release-analysis/errors/__tests__/ErrorHandler.test.ts
  ● Console

    console.error
      [GIT] Current directory is not a Git repository

      348 |                     error.severity === 'medium' ? 'warn' : 'info';
      349 |     
    > 350 |     console[logLevel](`[${error.category.toUpperCase()}] ${error.message}`);
          |                      ^
      351 |     if (error.technicalDetails && error.technicalDetails !== error.message) {
      352 |       console.debug(`Technical details: ${error.technicalDetails}`);
      353 |     }

      at ReleaseAnalysisErrorHandler.logError (src/release-analysis/errors/ErrorHandler.ts:350:22)
      at ReleaseAnalysisErrorHandler.handleGitError (src/release-analysis/errors/ErrorHandler.ts:53:10)
      at Object.<anonymous> (src/release-analysis/errors/__tests__/ErrorHandler.test.ts:34:41)

    console.debug
      Technical details: fatal: not a git repository

      at ReleaseAnalysisErrorHandler.logError (src/release-analysis/errors/ErrorHandler.ts:352:15)

    console.warn
      [GIT] Invalid Git reference (tag or commit not found)

      348 |                     error.severity === 'medium' ? 'warn' : 'info';
      349 |     
    > 350 |     console[logLevel](`[${error.category.toUpperCase()}] ${error.message}`);
          |                      ^
      351 |     if (error.technicalDetails && error.technicalDetails !== error.message) {
      352 |       console.debug(`Technical details: ${error.technicalDetails}`);
      353 |     }

      at ReleaseAnalysisErrorHandler.logError (src/release-analysis/errors/ErrorHandler.ts:350:22)
      at ReleaseAnalysisErrorHandler.handleGitError (src/release-analysis/errors/ErrorHandler.ts:53:10)
      at Object.<anonymous> (src/release-analysis/errors/__tests__/ErrorHandler.test.ts:45:41)

    console.debug
      Technical details: fatal: invalid reference: nonexistent-tag

      at ReleaseAnalysisErrorHandler.logError (src/release-analysis/errors/ErrorHandler.ts:352:15)

    console.error
      [GIT] Permission denied accessing Git repository

      348 |                     error.severity === 'medium' ? 'warn' : 'info';
      349 |     
    > 350 |     console[logLevel](`[${error.category.toUpperCase()}] ${error.message}`);
          |                      ^
      351 |     if (error.technicalDetails && error.technicalDetails !== error.message) {
      352 |       console.debug(`Technical details: ${error.technicalDetails}`);
      353 |     }

      at ReleaseAnalysisErrorHandler.logError (src/release-analysis/errors/ErrorHandler.ts:350:22)
      at ReleaseAnalysisErrorHandler.handleGitError (src/release-analysis/errors/ErrorHandler.ts:53:10)
      at Object.<anonymous> (src/release-analysis/errors/__tests__/ErrorHandler.test.ts:59:41)

    console.debug
      Technical details: fatal: permission denied

      at ReleaseAnalysisErrorHandler.logError (src/release-analysis/errors/ErrorHandler.ts:352:15)

    console.warn
      [PARSING] Failed to parse completion document: Invalid JSON format in document metadata

      348 |                     error.severity === 'medium' ? 'warn' : 'info';
      349 |     
    > 350 |     console[logLevel](`[${error.category.toUpperCase()}] ${error.message}`);
          |                      ^
      351 |     if (error.technicalDetails && error.technicalDetails !== error.message) {
      352 |       console.debug(`Technical details: ${error.technicalDetails}`);
      353 |     }

      at ReleaseAnalysisErrorHandler.logError (src/release-analysis/errors/ErrorHandler.ts:350:22)
      at ReleaseAnalysisErrorHandler.handleParsingError (src/release-analysis/errors/ErrorHandler.ts:90:10)
      at Object.<anonymous> (src/release-analysis/errors/__tests__/ErrorHandler.test.ts:72:41)

    console.debug
      Technical details: Unexpected token in JSON

      at ReleaseAnalysisErrorHandler.logError (src/release-analysis/errors/ErrorHandler.ts:352:15)

    console.error
      [PARSING] Failed to parse completion document: Document format is not recognized or is corrupted

      348 |                     error.severity === 'medium' ? 'warn' : 'info';
      349 |     
    > 350 |     console[logLevel](`[${error.category.toUpperCase()}] ${error.message}`);
          |                      ^
      351 |     if (error.technicalDetails && error.technicalDetails !== error.message) {
      352 |       console.debug(`Technical details: ${error.technicalDetails}`);
      353 |     }

      at ReleaseAnalysisErrorHandler.logError (src/release-analysis/errors/ErrorHandler.ts:350:22)
      at ReleaseAnalysisErrorHandler.handleParsingError (src/release-analysis/errors/ErrorHandler.ts:90:10)
      at Object.<anonymous> (src/release-analysis/errors/__tests__/ErrorHandler.test.ts:84:41)

    console.debug
      Technical details: Document is corrupted

      at ReleaseAnalysisErrorHandler.logError (src/release-analysis/errors/ErrorHandler.ts:352:15)

    console.warn
      [VALIDATION] Validation failed: Schema validation failed

      348 |                     error.severity === 'medium' ? 'warn' : 'info';
      349 |     
    > 350 |     console[logLevel](`[${error.category.toUpperCase()}] ${error.message}`);
          |                      ^
      351 |     if (error.technicalDetails && error.technicalDetails !== error.message) {
      352 |       console.debug(`Technical details: ${error.technicalDetails}`);
      353 |     }

      at ReleaseAnalysisErrorHandler.logError (src/release-analysis/errors/ErrorHandler.ts:350:22)
      at ReleaseAnalysisErrorHandler.handleValidationError (src/release-analysis/errors/ErrorHandler.ts:134:10)
      at Object.<anonymous> (src/release-analysis/errors/__tests__/ErrorHandler.test.ts:97:41)

    console.debug
      Technical details: Schema validation failed

      at ReleaseAnalysisErrorHandler.logError (src/release-analysis/errors/ErrorHandler.ts:352:15)

    console.error
      [CONFIGURATION] Configuration error: Configuration file not found

      348 |                     error.severity === 'medium' ? 'warn' : 'info';
      349 |     
    > 350 |     console[logLevel](`[${error.category.toUpperCase()}] ${error.message}`);
          |                      ^
      351 |     if (error.technicalDetails && error.technicalDetails !== error.message) {
      352 |       console.debug(`Technical details: ${error.technicalDetails}`);
      353 |     }

      at ReleaseAnalysisErrorHandler.logError (src/release-analysis/errors/ErrorHandler.ts:350:22)
      at ReleaseAnalysisErrorHandler.handleConfigurationError (src/release-analysis/errors/ErrorHandler.ts:165:10)
      at Object.<anonymous> (src/release-analysis/errors/__tests__/ErrorHandler.test.ts:109:41)

    console.debug
      Technical details: Configuration file not found

      at ReleaseAnalysisErrorHandler.logError (src/release-analysis/errors/ErrorHandler.ts:352:15)

    console.error
      [CONFIGURATION] Configuration error: Invalid JSON syntax

      348 |                     error.severity === 'medium' ? 'warn' : 'info';
      349 |     
    > 350 |     console[logLevel](`[${error.category.toUpperCase()}] ${error.message}`);
          |                      ^
      351 |     if (error.technicalDetails && error.technicalDetails !== error.message) {
      352 |       console.debug(`Technical details: ${error.technicalDetails}`);
      353 |     }

      at ReleaseAnalysisErrorHandler.logError (src/release-analysis/errors/ErrorHandler.ts:350:22)
      at ReleaseAnalysisErrorHandler.handleConfigurationError (src/release-analysis/errors/ErrorHandler.ts:165:10)
      at Object.<anonymous> (src/release-analysis/errors/__tests__/ErrorHandler.test.ts:120:41)

    console.debug
      Technical details: Invalid JSON syntax

      at ReleaseAnalysisErrorHandler.logError (src/release-analysis/errors/ErrorHandler.ts:352:15)

    console.warn
      [FILESYSTEM] File read failed: File or directory not found

      348 |                     error.severity === 'medium' ? 'warn' : 'info';
      349 |     
    > 350 |     console[logLevel](`[${error.category.toUpperCase()}] ${error.message}`);
          |                      ^
      351 |     if (error.technicalDetails && error.technicalDetails !== error.message) {
      352 |       console.debug(`Technical details: ${error.technicalDetails}`);
      353 |     }

      at ReleaseAnalysisErrorHandler.logError (src/release-analysis/errors/ErrorHandler.ts:350:22)
      at ReleaseAnalysisErrorHandler.handleFilesystemError (src/release-analysis/errors/ErrorHandler.ts:197:10)
      at Object.<anonymous> (src/release-analysis/errors/__tests__/ErrorHandler.test.ts:132:41)

    console.debug
      Technical details: ENOENT: no such file or directory

      at ReleaseAnalysisErrorHandler.logError (src/release-analysis/errors/ErrorHandler.ts:352:15)

    console.error
      [FILESYSTEM] File write failed: Permission denied

      348 |                     error.severity === 'medium' ? 'warn' : 'info';
      349 |     
    > 350 |     console[logLevel](`[${error.category.toUpperCase()}] ${error.message}`);
          |                      ^
      351 |     if (error.technicalDetails && error.technicalDetails !== error.message) {
      352 |       console.debug(`Technical details: ${error.technicalDetails}`);
      353 |     }

      at ReleaseAnalysisErrorHandler.logError (src/release-analysis/errors/ErrorHandler.ts:350:22)
      at ReleaseAnalysisErrorHandler.handleFilesystemError (src/release-analysis/errors/ErrorHandler.ts:197:10)
      at Object.<anonymous> (src/release-analysis/errors/__tests__/ErrorHandler.test.ts:142:41)

    console.debug
      Technical details: EACCES: permission denied

      at ReleaseAnalysisErrorHandler.logError (src/release-analysis/errors/ErrorHandler.ts:352:15)

    console.error
      [GIT] Current directory is not a Git repository

      348 |                     error.severity === 'medium' ? 'warn' : 'info';
      349 |     
    > 350 |     console[logLevel](`[${error.category.toUpperCase()}] ${error.message}`);
          |                      ^
      351 |     if (error.technicalDetails && error.technicalDetails !== error.message) {
      352 |       console.debug(`Technical details: ${error.technicalDetails}`);
      353 |     }

      at ReleaseAnalysisErrorHandler.logError (src/release-analysis/errors/ErrorHandler.ts:350:22)
      at ReleaseAnalysisErrorHandler.handleGitError (src/release-analysis/errors/ErrorHandler.ts:53:10)
      at Object.<anonymous> (src/release-analysis/errors/__tests__/ErrorHandler.test.ts:153:26)

    console.debug
      Technical details: not a git repository

      at ReleaseAnalysisErrorHandler.logError (src/release-analysis/errors/ErrorHandler.ts:352:15)

    console.error
      [PARSING] Failed to parse completion document: Document format is not recognized or is corrupted

      348 |                     error.severity === 'medium' ? 'warn' : 'info';
      349 |     
    > 350 |     console[logLevel](`[${error.category.toUpperCase()}] ${error.message}`);
          |                      ^
      351 |     if (error.technicalDetails && error.technicalDetails !== error.message) {
      352 |       console.debug(`Technical details: ${error.technicalDetails}`);
      353 |     }

      at ReleaseAnalysisErrorHandler.logError (src/release-analysis/errors/ErrorHandler.ts:350:22)
      at ReleaseAnalysisErrorHandler.handleParsingError (src/release-analysis/errors/ErrorHandler.ts:90:10)
      at Object.<anonymous> (src/release-analysis/errors/__tests__/ErrorHandler.test.ts:154:26)

    console.debug
      Technical details: parse error

      at ReleaseAnalysisErrorHandler.logError (src/release-analysis/errors/ErrorHandler.ts:352:15)

    console.warn
      [VALIDATION] Validation failed: validation error

      348 |                     error.severity === 'medium' ? 'warn' : 'info';
      349 |     
    > 350 |     console[logLevel](`[${error.category.toUpperCase()}] ${error.message}`);
          |                      ^
      351 |     if (error.technicalDetails && error.technicalDetails !== error.message) {
      352 |       console.debug(`Technical details: ${error.technicalDetails}`);
      353 |     }

      at ReleaseAnalysisErrorHandler.logError (src/release-analysis/errors/ErrorHandler.ts:350:22)
      at ReleaseAnalysisErrorHandler.handleValidationError (src/release-analysis/errors/ErrorHandler.ts:134:10)
      at Object.<anonymous> (src/release-analysis/errors/__tests__/ErrorHandler.test.ts:155:26)

    console.debug
      Technical details: validation error

      at ReleaseAnalysisErrorHandler.logError (src/release-analysis/errors/ErrorHandler.ts:352:15)

    console.error
      [GIT] Current directory is not a Git repository

      348 |                     error.severity === 'medium' ? 'warn' : 'info';
      349 |     
    > 350 |     console[logLevel](`[${error.category.toUpperCase()}] ${error.message}`);
          |                      ^
      351 |     if (error.technicalDetails && error.technicalDetails !== error.message) {
      352 |       console.debug(`Technical details: ${error.technicalDetails}`);
      353 |     }

      at ReleaseAnalysisErrorHandler.logError (src/release-analysis/errors/ErrorHandler.ts:350:22)
      at ReleaseAnalysisErrorHandler.handleGitError (src/release-analysis/errors/ErrorHandler.ts:53:10)
      at Object.<anonymous> (src/release-analysis/errors/__tests__/ErrorHandler.test.ts:166:26)

    console.debug
      Technical details: not a git repository

      at ReleaseAnalysisErrorHandler.logError (src/release-analysis/errors/ErrorHandler.ts:352:15)

    console.info
      [GIT] Git operation failed: test error

      at ReleaseAnalysisErrorHandler.logError (src/release-analysis/errors/ErrorHandler.ts:350:22)

    console.debug
      Technical details: test error

      at ReleaseAnalysisErrorHandler.logError (src/release-analysis/errors/ErrorHandler.ts:352:15)

    console.info
      [GIT] Git operation failed: test error

      at ReleaseAnalysisErrorHandler.logError (src/release-analysis/errors/ErrorHandler.ts:350:22)

    console.debug
      Technical details: test error

      at ReleaseAnalysisErrorHandler.logError (src/release-analysis/errors/ErrorHandler.ts:352:15)

    console.info
      [GIT] Git operation failed: git command failed

      at ReleaseAnalysisErrorHandler.logError (src/release-analysis/errors/ErrorHandler.ts:350:22)

    console.debug
      Technical details: git command failed

      at ReleaseAnalysisErrorHandler.logError (src/release-analysis/errors/ErrorHandler.ts:352:15)

    console.warn
      [PARSING] Failed to parse completion document: Document format is not recognized or is corrupted

      348 |                     error.severity === 'medium' ? 'warn' : 'info';
      349 |     
    > 350 |     console[logLevel](`[${error.category.toUpperCase()}] ${error.message}`);
          |                      ^
      351 |     if (error.technicalDetails && error.technicalDetails !== error.message) {
      352 |       console.debug(`Technical details: ${error.technicalDetails}`);
      353 |     }

      at ReleaseAnalysisErrorHandler.logError (src/release-analysis/errors/ErrorHandler.ts:350:22)
      at ReleaseAnalysisErrorHandler.handleParsingError (src/release-analysis/errors/ErrorHandler.ts:90:10)
      at withErrorHandling (src/release-analysis/errors/ErrorHandler.ts:658:29)
      at Object.<anonymous> (src/release-analysis/errors/__tests__/ErrorHandler.test.ts:235:20)

    console.debug
      Technical details: json parse error

      at ReleaseAnalysisErrorHandler.logError (src/release-analysis/errors/ErrorHandler.ts:352:15)

PASS src/validators/__tests__/PlatformConstraints.test.ts
PASS src/generators/__tests__/ResponsiveGridGeneration.test.ts
PASS src/release/coordination/__tests__/AnalysisCoordinationIntegration.integration.test.ts
PASS src/build/errors/__tests__/ErrorHandler.integration.test.ts
  ● Console

    console.error
      [ERROR] [build] ERROR_1: Error 1

      367 |       const componentInfo = error.component ? ` [${error.component}]` : '';
      368 |       
    > 369 |       console.error(`${prefix}${platformInfo}${componentInfo} ${error.code}: ${error.message}`);
          |               ^
      370 |       
      371 |       // Show top 3 suggestions even in non-verbose mode
      372 |       if (error.suggestions.length > 0) {

      at ErrorHandler.defaultLogger (src/build/errors/ErrorHandler.ts:369:15)
      at ErrorHandler.logError (src/build/errors/ErrorHandler.ts:356:18)
      at ErrorHandler.handleError (src/build/errors/ErrorHandler.ts:110:10)
      at Object.<anonymous> (src/build/errors/__tests__/ErrorHandler.integration.test.ts:17:15)

    console.error
      [WARNING] [build] WARNING_1: Warning 1

      367 |       const componentInfo = error.component ? ` [${error.component}]` : '';
      368 |       
    > 369 |       console.error(`${prefix}${platformInfo}${componentInfo} ${error.code}: ${error.message}`);
          |               ^
      370 |       
      371 |       // Show top 3 suggestions even in non-verbose mode
      372 |       if (error.suggestions.length > 0) {

      at ErrorHandler.defaultLogger (src/build/errors/ErrorHandler.ts:369:15)
      at ErrorHandler.logError (src/build/errors/ErrorHandler.ts:356:18)
      at ErrorHandler.handleError (src/build/errors/ErrorHandler.ts:110:10)
      at Object.<anonymous> (src/build/errors/__tests__/ErrorHandler.integration.test.ts:24:15)

    console.error
      [ERROR] [build] [ios] BUILD_ERROR: Build failed

      367 |       const componentInfo = error.component ? ` [${error.component}]` : '';
      368 |       
    > 369 |       console.error(`${prefix}${platformInfo}${componentInfo} ${error.code}: ${error.message}`);
          |               ^
      370 |       
      371 |       // Show top 3 suggestions even in non-verbose mode
      372 |       if (error.suggestions.length > 0) {

      at ErrorHandler.defaultLogger (src/build/errors/ErrorHandler.ts:369:15)
      at ErrorHandler.logError (src/build/errors/ErrorHandler.ts:356:18)
      at ErrorHandler.handleError (src/build/errors/ErrorHandler.ts:110:10)
      at Object.<anonymous> (src/build/errors/__tests__/ErrorHandler.integration.test.ts:42:15)

    console.error
      [ERROR] [build] ERROR_1: Error 1

      367 |       const componentInfo = error.component ? ` [${error.component}]` : '';
      368 |       
    > 369 |       console.error(`${prefix}${platformInfo}${componentInfo} ${error.code}: ${error.message}`);
          |               ^
      370 |       
      371 |       // Show top 3 suggestions even in non-verbose mode
      372 |       if (error.suggestions.length > 0) {

      at ErrorHandler.defaultLogger (src/build/errors/ErrorHandler.ts:369:15)
      at ErrorHandler.logError (src/build/errors/ErrorHandler.ts:356:18)
      at ErrorHandler.handleError (src/build/errors/ErrorHandler.ts:110:10)
      at Object.<anonymous> (src/build/errors/__tests__/ErrorHandler.integration.test.ts:78:15)

    console.error
      [WARNING] [build] WARNING_1: Warning 1

      367 |       const componentInfo = error.component ? ` [${error.component}]` : '';
      368 |       
    > 369 |       console.error(`${prefix}${platformInfo}${componentInfo} ${error.code}: ${error.message}`);
          |               ^
      370 |       
      371 |       // Show top 3 suggestions even in non-verbose mode
      372 |       if (error.suggestions.length > 0) {

      at ErrorHandler.defaultLogger (src/build/errors/ErrorHandler.ts:369:15)
      at ErrorHandler.logError (src/build/errors/ErrorHandler.ts:356:18)
      at ErrorHandler.handleError (src/build/errors/ErrorHandler.ts:110:10)
      at Object.<anonymous> (src/build/errors/__tests__/ErrorHandler.integration.test.ts:85:15)

    console.error
      [ERROR] [build] ERROR_1: Error 1

      367 |       const componentInfo = error.component ? ` [${error.component}]` : '';
      368 |       
    > 369 |       console.error(`${prefix}${platformInfo}${componentInfo} ${error.code}: ${error.message}`);
          |               ^
      370 |       
      371 |       // Show top 3 suggestions even in non-verbose mode
      372 |       if (error.suggestions.length > 0) {

      at ErrorHandler.defaultLogger (src/build/errors/ErrorHandler.ts:369:15)
      at ErrorHandler.logError (src/build/errors/ErrorHandler.ts:356:18)
      at ErrorHandler.handleError (src/build/errors/ErrorHandler.ts:110:10)
      at Object.<anonymous> (src/build/errors/__tests__/ErrorHandler.integration.test.ts:111:15)

    console.error
      [ERROR] [build] ERROR_1: Error 1

      367 |       const componentInfo = error.component ? ` [${error.component}]` : '';
      368 |       
    > 369 |       console.error(`${prefix}${platformInfo}${componentInfo} ${error.code}: ${error.message}`);
          |               ^
      370 |       
      371 |       // Show top 3 suggestions even in non-verbose mode
      372 |       if (error.suggestions.length > 0) {

      at ErrorHandler.defaultLogger (src/build/errors/ErrorHandler.ts:369:15)
      at ErrorHandler.logError (src/build/errors/ErrorHandler.ts:356:18)
      at ErrorHandler.handleError (src/build/errors/ErrorHandler.ts:110:10)
      at Object.<anonymous> (src/build/errors/__tests__/ErrorHandler.integration.test.ts:132:15)

    console.error
      [ERROR] ERROR_1: Error 1

      360 |     if (this.options.verbose) {
      361 |       // Use formatted error message for verbose output
    > 362 |       console.error(formatErrorMessage(error));
          |               ^
      363 |     } else {
      364 |       // Simple output for non-verbose mode
      365 |       const prefix = `[${error.severity.toUpperCase()}] [${error.category}]`;

      at ErrorHandler.defaultLogger (src/build/errors/ErrorHandler.ts:362:15)
      at ErrorHandler.logError (src/build/errors/ErrorHandler.ts:356:18)
      at ErrorHandler.handleError (src/build/errors/ErrorHandler.ts:110:10)
      at Object.<anonymous> (src/build/errors/__tests__/ErrorHandler.integration.test.ts:152:15)

    console.log
      [ErrorHandler] Recovery strategy: retry

      at ErrorHandler.handleError (src/build/errors/ErrorHandler.ts:116:15)

    console.log
      [ErrorHandler] Recoverable: true

      at ErrorHandler.handleError (src/build/errors/ErrorHandler.ts:117:15)

    console.error
      [ERROR] [build] ERROR_1: Error 1

      367 |       const componentInfo = error.component ? ` [${error.component}]` : '';
      368 |       
    > 369 |       console.error(`${prefix}${platformInfo}${componentInfo} ${error.code}: ${error.message}`);
          |               ^
      370 |       
      371 |       // Show top 3 suggestions even in non-verbose mode
      372 |       if (error.suggestions.length > 0) {

      at ErrorHandler.defaultLogger (src/build/errors/ErrorHandler.ts:369:15)
      at ErrorHandler.logError (src/build/errors/ErrorHandler.ts:356:18)
      at ErrorHandler.handleError (src/build/errors/ErrorHandler.ts:110:10)
      at Object.<anonymous> (src/build/errors/__tests__/ErrorHandler.integration.test.ts:169:15)

    console.error
      [ERROR] [config] CONFIG_ERROR: Config error

      367 |       const componentInfo = error.component ? ` [${error.component}]` : '';
      368 |       
    > 369 |       console.error(`${prefix}${platformInfo}${componentInfo} ${error.code}: ${error.message}`);
          |               ^
      370 |       
      371 |       // Show top 3 suggestions even in non-verbose mode
      372 |       if (error.suggestions.length > 0) {

      at ErrorHandler.defaultLogger (src/build/errors/ErrorHandler.ts:369:15)
      at ErrorHandler.logError (src/build/errors/ErrorHandler.ts:356:18)
      at ErrorHandler.handleError (src/build/errors/ErrorHandler.ts:110:10)
      at Object.<anonymous> (src/build/errors/__tests__/ErrorHandler.integration.test.ts:187:15)

    console.error
      [ERROR] [token] TOKEN_ERROR: Token error

      367 |       const componentInfo = error.component ? ` [${error.component}]` : '';
      368 |       
    > 369 |       console.error(`${prefix}${platformInfo}${componentInfo} ${error.code}: ${error.message}`);
          |               ^
      370 |       
      371 |       // Show top 3 suggestions even in non-verbose mode
      372 |       if (error.suggestions.length > 0) {

      at ErrorHandler.defaultLogger (src/build/errors/ErrorHandler.ts:369:15)
      at ErrorHandler.logError (src/build/errors/ErrorHandler.ts:356:18)
      at ErrorHandler.handleError (src/build/errors/ErrorHandler.ts:110:10)
      at Object.<anonymous> (src/build/errors/__tests__/ErrorHandler.integration.test.ts:194:15)

    console.error
      [ERROR] [build] [ios] IOS_ERROR: iOS error

      367 |       const componentInfo = error.component ? ` [${error.component}]` : '';
      368 |       
    > 369 |       console.error(`${prefix}${platformInfo}${componentInfo} ${error.code}: ${error.message}`);
          |               ^
      370 |       
      371 |       // Show top 3 suggestions even in non-verbose mode
      372 |       if (error.suggestions.length > 0) {

      at ErrorHandler.defaultLogger (src/build/errors/ErrorHandler.ts:369:15)
      at ErrorHandler.logError (src/build/errors/ErrorHandler.ts:356:18)
      at ErrorHandler.handleError (src/build/errors/ErrorHandler.ts:110:10)
      at Object.<anonymous> (src/build/errors/__tests__/ErrorHandler.integration.test.ts:212:15)

    console.error
      [ERROR] [build] [android] ANDROID_ERROR: Android error

      367 |       const componentInfo = error.component ? ` [${error.component}]` : '';
      368 |       
    > 369 |       console.error(`${prefix}${platformInfo}${componentInfo} ${error.code}: ${error.message}`);
          |               ^
      370 |       
      371 |       // Show top 3 suggestions even in non-verbose mode
      372 |       if (error.suggestions.length > 0) {

      at ErrorHandler.defaultLogger (src/build/errors/ErrorHandler.ts:369:15)
      at ErrorHandler.logError (src/build/errors/ErrorHandler.ts:356:18)
      at ErrorHandler.handleError (src/build/errors/ErrorHandler.ts:110:10)
      at Object.<anonymous> (src/build/errors/__tests__/ErrorHandler.integration.test.ts:220:15)

    console.error
      [ERROR] [config] CONFIG_ERROR: Invalid configuration

      367 |       const componentInfo = error.component ? ` [${error.component}]` : '';
      368 |       
    > 369 |       console.error(`${prefix}${platformInfo}${componentInfo} ${error.code}: ${error.message}`);
          |               ^
      370 |       
      371 |       // Show top 3 suggestions even in non-verbose mode
      372 |       if (error.suggestions.length > 0) {

      at ErrorHandler.defaultLogger (src/build/errors/ErrorHandler.ts:369:15)
      at ErrorHandler.logError (src/build/errors/ErrorHandler.ts:356:18)
      at ErrorHandler.handleError (src/build/errors/ErrorHandler.ts:110:10)
      at Object.<anonymous> (src/build/errors/__tests__/ErrorHandler.integration.test.ts:241:15)

    console.error
      [ERROR] [token] TOKEN_ERROR: Token not found

      367 |       const componentInfo = error.component ? ` [${error.component}]` : '';
      368 |       
    > 369 |       console.error(`${prefix}${platformInfo}${componentInfo} ${error.code}: ${error.message}`);
          |               ^
      370 |       
      371 |       // Show top 3 suggestions even in non-verbose mode
      372 |       if (error.suggestions.length > 0) {

      at ErrorHandler.defaultLogger (src/build/errors/ErrorHandler.ts:369:15)
      at ErrorHandler.logError (src/build/errors/ErrorHandler.ts:356:18)
      at ErrorHandler.handleError (src/build/errors/ErrorHandler.ts:110:10)
      at Object.<anonymous> (src/build/errors/__tests__/ErrorHandler.integration.test.ts:256:15)

    console.error
      [ERROR] [build] [ios] BUILD_ERROR: Build failed

      367 |       const componentInfo = error.component ? ` [${error.component}]` : '';
      368 |       
    > 369 |       console.error(`${prefix}${platformInfo}${componentInfo} ${error.code}: ${error.message}`);
          |               ^
      370 |       
      371 |       // Show top 3 suggestions even in non-verbose mode
      372 |       if (error.suggestions.length > 0) {

      at ErrorHandler.defaultLogger (src/build/errors/ErrorHandler.ts:369:15)
      at ErrorHandler.logError (src/build/errors/ErrorHandler.ts:356:18)
      at ErrorHandler.handleError (src/build/errors/ErrorHandler.ts:110:10)
      at Object.<anonymous> (src/build/errors/__tests__/ErrorHandler.integration.test.ts:271:15)

PASS src/tokens/semantic/__tests__/ValidatePrimitiveReferences.test.ts
  ● Console

    console.log
      
      === Primitive Reference Validation Summary ===

      at Object.<anonymous> (src/tokens/semantic/__tests__/ValidatePrimitiveReferences.test.ts:282:21)

    console.log
      Total primitive tokens available: 146

      at Object.<anonymous> (src/tokens/semantic/__tests__/ValidatePrimitiveReferences.test.ts:283:21)

    console.log
      Total semantic tokens validated: 85

      at Object.<anonymous> (src/tokens/semantic/__tests__/ValidatePrimitiveReferences.test.ts:284:21)

    console.log
        - Color tokens: 19

      at Object.<anonymous> (src/tokens/semantic/__tests__/ValidatePrimitiveReferences.test.ts:285:21)

    console.log
        - Typography tokens: 23

      at Object.<anonymous> (src/tokens/semantic/__tests__/ValidatePrimitiveReferences.test.ts:286:21)

    console.log
        - Shadow tokens: 13

      at Object.<anonymous> (src/tokens/semantic/__tests__/ValidatePrimitiveReferences.test.ts:287:21)

    console.log
        - Spacing tokens: 5

      at Object.<anonymous> (src/tokens/semantic/__tests__/ValidatePrimitiveReferences.test.ts:288:21)

    console.log
        - Opacity tokens: 5

      at Object.<anonymous> (src/tokens/semantic/__tests__/ValidatePrimitiveReferences.test.ts:289:21)

    console.log
        - Blend tokens: 7

      at Object.<anonymous> (src/tokens/semantic/__tests__/ValidatePrimitiveReferences.test.ts:290:21)

    console.log
        - Border width tokens: 3

      at Object.<anonymous> (src/tokens/semantic/__tests__/ValidatePrimitiveReferences.test.ts:291:21)

    console.log
        - Grid spacing tokens: 10

      at Object.<anonymous> (src/tokens/semantic/__tests__/ValidatePrimitiveReferences.test.ts:292:21)

    console.log
      ==============================================

      at Object.<anonymous> (src/tokens/semantic/__tests__/ValidatePrimitiveReferences.test.ts:293:21)

PASS src/release-analysis/extraction/__tests__/SimpleChangeExtractor-confidence.test.ts
PASS src/resolvers/__tests__/ModeThemeResolver.test.ts
PASS src/resolvers/__tests__/iOSColorResolver.test.ts
PASS src/release/detection/__tests__/ExtractionAccuracyRegression.test.ts
PASS src/build/validation/__tests__/InterfaceValidation.functional.test.ts
PASS src/types/__tests__/ComponentTypes.test.ts
PASS src/release-analysis/versioning/__tests__/VersionHistory.test.ts
PASS src/build/validation/__tests__/ValidationReporter.test.ts
PASS src/release-analysis/extraction/__tests__/deduplication-integration.test.ts
PASS src/release-analysis/extraction/__tests__/DeduplicationEngine.test.ts
PASS src/build/workflow/__tests__/BuildMode.test.ts
PASS src/tokens/__tests__/LineHeightTokensFormulaValidation.test.ts
PASS src/providers/__tests__/InsetTokenGeneration.test.ts
PASS src/release/config/__tests__/ConfigurationSystem.test.ts
PASS src/build/workflow/__tests__/CICDIntegration.test.ts
PASS src/release/coordination/__tests__/PackageCoordinator.test.ts
PASS src/tokens/__tests__/SpacingTokensFormulaValidation.test.ts
PASS src/build/platforms/__tests__/WebShadowGenerator.test.ts
PASS src/build/errors/__tests__/BuildError.test.ts
PASS src/tokens/semantic/__tests__/BorderWidthTokens.test.ts
PASS src/validators/__tests__/CompositionPatterns.test.ts
PASS src/components/core/Icon/__tests__/Icon.test.ts
PASS src/validators/__tests__/IValidator.test.ts
PASS src/release-analysis/notes/__tests__/ReleaseNoteGenerator.test.ts
PASS src/build/tokens/__tests__/TokenSelector.test.ts
PASS src/build/platforms/__tests__/AndroidBuilder.tokenGeneration.test.ts
PASS src/release/coordination/__tests__/DependencyManager.test.ts
PASS src/tokens/__tests__/RadiusStrategicFlexibilityValidation.test.ts
PASS src/release/__tests__/StateIntegration.integration.test.ts (6.221 s)
  ● Console

    console.log
      🚀 Starting release process...

      at ReleaseManager.executeRelease (src/release/ReleaseManager.ts:145:15)

    console.log
         Trigger: manual (test)

      at ReleaseManager.executeRelease (src/release/ReleaseManager.ts:146:15)

    console.log
      
      📊 Stage 1: Analyzing changes...

      at ReleaseManager.executeRelease (src/release/ReleaseManager.ts:152:15)

    console.log
      🚀 Starting release process...

      at ReleaseManager.executeRelease (src/release/ReleaseManager.ts:145:15)

    console.log
         Trigger: manual (test)

      at ReleaseManager.executeRelease (src/release/ReleaseManager.ts:146:15)

    console.log
      
      📊 Stage 1: Analyzing changes...

      at ReleaseManager.executeRelease (src/release/ReleaseManager.ts:152:15)

PASS src/components/core/Icon/platforms/web/__tests__/Icon.web.test.ts
FAIL src/release/cli/__tests__/ReleaseCLI.test.ts
  ● Test suite failed to run

    [96msrc/release/cli/ReleaseCLI.ts[0m:[93m125[0m:[93m9[0m - [91merror[0m[90m TS2322: [0mType '{ versionBump: "major" | "minor" | "patch"; version: string | undefined; releaseNotes: string | undefined; } | undefined' is not assignable to type 'ReleaseOverrides | undefined'.
      Object literal may only specify known properties, and 'versionBump' does not exist in type 'ReleaseOverrides'.

    [7m125[0m         versionBump: overrides.versionBump,
    [7m   [0m [91m        ~~~~~~~~~~~[0m

      [96msrc/release/types/ReleaseTypes.ts[0m:[93m480[0m:[93m3[0m
        [7m480[0m   overrides?: ReleaseOverrides;
        [7m   [0m [96m  ~~~~~~~~~[0m
        The expected type comes from property 'overrides' which is declared here on type 'ReleaseTrigger'
    [96msrc/release/cli/ReleaseCLI.ts[0m:[93m173[0m:[93m34[0m - [91merror[0m[90m TS2339: [0mProperty 'status' does not exist on type '{ active: boolean; context?: any; summary?: any; }'.

    [7m173[0m     console.log(`Status: ${state.status}`);
    [7m   [0m [91m                                 ~~~~~~[0m
    [96msrc/release/cli/ReleaseCLI.ts[0m:[93m174[0m:[93m41[0m - [91merror[0m[90m TS2339: [0mProperty 'currentStage' does not exist on type '{ active: boolean; context?: any; summary?: any; }'.

    [7m174[0m     console.log(`Current Stage: ${state.currentStage || 'N/A'}`);
    [7m   [0m [91m                                        ~~~~~~~~~~~~[0m
    [96msrc/release/cli/ReleaseCLI.ts[0m:[93m175[0m:[93m44[0m - [91merror[0m[90m TS2339: [0mProperty 'completedStages' does not exist on type '{ active: boolean; context?: any; summary?: any; }'.

    [7m175[0m     console.log(`Completed Stages: ${state.completedStages.join(', ') || 'None'}`);
    [7m   [0m [91m                                           ~~~~~~~~~~~~~~~[0m
    [96msrc/release/cli/ReleaseCLI.ts[0m:[93m177[0m:[93m15[0m - [91merror[0m[90m TS2339: [0mProperty 'errors' does not exist on type '{ active: boolean; context?: any; summary?: any; }'.

    [7m177[0m     if (state.errors && state.errors.length > 0) {
    [7m   [0m [91m              ~~~~~~[0m
    [96msrc/release/cli/ReleaseCLI.ts[0m:[93m177[0m:[93m31[0m - [91merror[0m[90m TS2339: [0mProperty 'errors' does not exist on type '{ active: boolean; context?: any; summary?: any; }'.

    [7m177[0m     if (state.errors && state.errors.length > 0) {
    [7m   [0m [91m                              ~~~~~~[0m
    [96msrc/release/cli/ReleaseCLI.ts[0m:[93m179[0m:[93m13[0m - [91merror[0m[90m TS2339: [0mProperty 'errors' does not exist on type '{ active: boolean; context?: any; summary?: any; }'.

    [7m179[0m       state.errors.forEach(error => {
    [7m   [0m [91m            ~~~~~~[0m
    [96msrc/release/cli/ReleaseCLI.ts[0m:[93m179[0m:[93m28[0m - [91merror[0m[90m TS7006: [0mParameter 'error' implicitly has an 'any' type.

    [7m179[0m       state.errors.forEach(error => {
    [7m   [0m [91m                           ~~~~~[0m
    [96msrc/release/cli/ReleaseCLI.ts[0m:[93m195[0m:[93m11[0m - [91merror[0m[90m TS2741: [0mProperty 'triggeredAt' is missing in type '{ type: "automatic"; source: string; }' but required in type 'ReleaseTrigger'.

    [7m195[0m     const trigger: ReleaseTrigger = {
    [7m   [0m [91m          ~~~~~~~[0m

      [96msrc/release/types/ReleaseTypes.ts[0m:[93m474[0m:[93m3[0m
        [7m474[0m   triggeredAt: Date;
        [7m   [0m [96m  ~~~~~~~~~~~[0m
        'triggeredAt' is declared here.
    [96msrc/release/cli/ReleaseCLI.ts[0m:[93m206[0m:[93m46[0m - [91merror[0m[90m TS2339: [0mProperty 'bump' does not exist on type 'VersionBump'.

    [7m206[0m       console.log(`Bump Type: ${plan.version.bump}`);
    [7m   [0m [91m                                             ~~~~[0m
    [96msrc/release/cli/ReleaseCLI.ts[0m:[93m209[0m:[93m45[0m - [91merror[0m[90m TS2339: [0mProperty 'currentVersion' does not exist on type 'PackageUpdate'.

    [7m209[0m         console.log(`  - ${pkg.name}: ${pkg.currentVersion} → ${pkg.newVersion}`);
    [7m   [0m [91m                                            ~~~~~~~~~~~~~~[0m
    [96msrc/release/cli/ReleaseCLI.ts[0m:[93m209[0m:[93m69[0m - [91merror[0m[90m TS2339: [0mProperty 'newVersion' does not exist on type 'PackageUpdate'.

    [7m209[0m         console.log(`  - ${pkg.name}: ${pkg.currentVersion} → ${pkg.newVersion}`);
    [7m   [0m [91m                                                                    ~~~~~~~~~~[0m

PASS src/build/errors/__tests__/RecoveryStrategy.test.ts (7.848 s)
PASS src/release/integration/__tests__/CLIIntegration.integration.test.ts (15.801 s)
  ● Console

    console.log
      ✓ CLI is available

      at Object.<anonymous> (src/release/integration/__tests__/CLIIntegration.integration.test.ts:152:17)

    console.log
      ✓ CLI version: 1.0.0

      at Object.<anonymous> (src/release/integration/__tests__/CLIIntegration.integration.test.ts:163:17)

    console.log
      Expected error: Failed to parse analysis results

      at Object.<anonymous> (src/release/integration/__tests__/CLIIntegration.integration.test.ts:576:19)

PASS src/release-analysis/cli/__tests__/ReleaseCLI.test.ts (18.297 s)
  ● Console

    console.log
      🔍 Starting release analysis...

      at ReleaseCLI.analyzeChanges (src/release-analysis/cli/ReleaseCLI.ts:50:13)

    console.log
      📋 Loading configuration...

      at src/release-analysis/cli/ReleaseCLI.ts:66:15

    console.log
      🔧 Initializing Git analysis...

      at src/release-analysis/cli/ReleaseCLI.ts:80:15

    console.log
      🎯 Determining analysis scope...

      at src/release-analysis/cli/ReleaseCLI.ts:84:15

    console.log
      📍 No previous release found, analyzing all documents

      at src/release-analysis/cli/ReleaseCLI.ts:138:19

    console.log
      📄 Found 682 completion documents

      at src/release-analysis/cli/ReleaseCLI.ts:148:15

    console.log
      🔍 Extracting changes...

      at src/release-analysis/cli/ReleaseCLI.ts:151:15

    console.log
      🏷️  Calculating version recommendation...

      at src/release-analysis/cli/ReleaseCLI.ts:192:15

    console.log
      📝 Generating release notes...

      at src/release-analysis/cli/ReleaseCLI.ts:213:15

    console.log
      ✅ Analysis complete!

      at ReleaseCLI.analyzeChanges (src/release-analysis/cli/ReleaseCLI.ts:250:15)

    console.log
      🔍 Starting release analysis...

      at ReleaseCLI.analyzeChanges (src/release-analysis/cli/ReleaseCLI.ts:50:13)

    console.log
      📋 Loading configuration...

      at src/release-analysis/cli/ReleaseCLI.ts:66:15

    console.log
      🔧 Initializing Git analysis...

      at src/release-analysis/cli/ReleaseCLI.ts:80:15

    console.log
      🎯 Determining analysis scope...

      at src/release-analysis/cli/ReleaseCLI.ts:84:15

    console.log
      📄 Found 0 completion documents

      at src/release-analysis/cli/ReleaseCLI.ts:148:15

    console.log
      🔍 Extracting changes...

      at src/release-analysis/cli/ReleaseCLI.ts:151:15

    console.log
      🏷️  Calculating version recommendation...

      at src/release-analysis/cli/ReleaseCLI.ts:192:15

    console.log
      📝 Generating release notes...

      at src/release-analysis/cli/ReleaseCLI.ts:213:15

    console.log
      ✅ Analysis complete!

      at ReleaseCLI.analyzeChanges (src/release-analysis/cli/ReleaseCLI.ts:250:15)

A worker process has failed to exit gracefully and has been force exited. This is likely caused by tests leaking due to improper teardown. Try running with --detectOpenHandles to find leaks. Active timers can also cause this, ensure that .unref() was called on them.

Summary of all failing tests
FAIL src/release/automation/__tests__/AutomationPublishingIntegration.integration.test.ts
  ● Automation → Publishing Integration › Complete Automation → Publishing Workflow › should execute complete workflow: automation → GitHub release → npm publish

    TypeError: Cannot redefine property: existsSync
        at Function.defineProperty (<anonymous>)

      194 |       // Step 5: Publishing - publish to npm after GitHub release
      195 |       // Mock fs for npm publisher validation
    > 196 |       const existsSpy = jest.spyOn(fs, 'existsSync').mockReturnValue(true);
          |                              ^
      197 |       const readFileSpy = jest.spyOn(fs, 'readFileSync').mockReturnValue(JSON.stringify({
      198 |         name: '@test/package',
      199 |         version: '1.0.0'

      at ModuleMocker.spyOn (node_modules/jest-mock/build/index.js:776:16)
      at Object.<anonymous> (src/release/automation/__tests__/AutomationPublishingIntegration.integration.test.ts:196:30)

  ● Automation → Publishing Integration › Complete Automation → Publishing Workflow › should ensure GitHub release happens before npm publish

    TypeError: Cannot redefine property: existsSync
        at Function.defineProperty (<anonymous>)

      286 |       // npm publish
      287 |       // Mock fs for npm publisher
    > 288 |       const existsSpy = jest.spyOn(fs, 'existsSync').mockReturnValue(true);
          |                              ^
      289 |       const readFileSpy = jest.spyOn(fs, 'readFileSync').mockReturnValue(JSON.stringify({
      290 |         name: '@test/package',
      291 |         version: '2.0.0'

      at ModuleMocker.spyOn (node_modules/jest-mock/build/index.js:776:16)
      at Object.<anonymous> (src/release/automation/__tests__/AutomationPublishingIntegration.integration.test.ts:288:30)

  ● Automation → Publishing Integration › Error Handling and Rollback › should rollback automation when publishing fails

    TypeError: Cannot redefine property: existsSync
        at Function.defineProperty (<anonymous>)

      470 |       mockExecSync.mockReturnValueOnce('testuser\n'); // npm whoami
      471 |       mockExecSync.mockReturnValueOnce(JSON.stringify({ email: 'test@example.com' })); // npm profile get
    > 472 |       const existsSpy = jest.spyOn(fs, 'existsSync').mockReturnValue(true);
          |                              ^
      473 |       const readFileSpy = jest.spyOn(fs, 'readFileSync').mockReturnValue(JSON.stringify({
      474 |         name: '@test/package',
      475 |         version: '1.0.0'

      at ModuleMocker.spyOn (node_modules/jest-mock/build/index.js:776:16)
      at Object.<anonymous> (src/release/automation/__tests__/AutomationPublishingIntegration.integration.test.ts:472:30)

  ● Automation → Publishing Integration › Error Handling and Rollback › should coordinate rollback across automation and publishing

    expect(received).toBe(expected) // Object.is equality

    Expected: true
    Received: false

      603 |
      604 |       const gitRollback = await gitOps.rollback();
    > 605 |       expect(gitRollback.success).toBe(true);
          |                                   ^
      606 |
      607 |       await packageUpdater.rollback();
      608 |       const rolledBackPkg = JSON.parse(fs.readFileSync(packagePath, 'utf-8'));

      at Object.<anonymous> (src/release/automation/__tests__/AutomationPublishingIntegration.integration.test.ts:605:35)

  ● Automation → Publishing Integration › Data Flow Validation › should pass version information correctly through the pipeline

    expect(received).toBe(expected) // Object.is equality

    Expected: true
    Received: false

      637 |       gitMockHelper.mockTagSuccess(version, 'abc123');
      638 |       const tagResult = await gitOps.createTag({ version, message: `Release ${version}` });
    > 639 |       expect(tagResult.success).toBe(true);
          |                                 ^
      640 |       expect(tagResult.details).toContain(tagName);
      641 |
      642 |       // GitHub release uses same tag

      at Object.<anonymous> (src/release/automation/__tests__/AutomationPublishingIntegration.integration.test.ts:639:33)

FAIL src/release/__tests__/ReleaseManager.test.ts
  ● ReleaseManager › getPipelineState › should return active state during pipeline execution

    expect(received).toBe(expected) // Object.is equality

    Expected: true
    Received: false

      670 |       // Check state during execution
      671 |       const state = manager.getPipelineState();
    > 672 |       expect(state.active).toBe(true);
          |                            ^
      673 |       expect(state.context).toBeDefined();
      674 |       expect(state.summary).toBeDefined();
      675 |

      at Object.<anonymous> (src/release/__tests__/ReleaseManager.test.ts:672:28)

FAIL src/release/__tests__/EndToEndWorkflow.integration.test.ts
  ● End-to-End Release Workflow › Edge Cases › should handle concurrent release attempts

    Invalid state transition: Invalid transition from failed to failed

      130 |     const validation = this.validateStateTransition(current.state, newState);
      131 |     if (!validation.valid) {
    > 132 |       throw new Error(`Invalid state transition: ${validation.errors.join(', ')}`);
          |             ^
      133 |     }
      134 |
      135 |     // Record transition

      at WorkflowStateManager.updateState (src/release/orchestration/WorkflowStateManager.ts:132:13)
      at ReleaseManager.executeRelease (src/release/ReleaseManager.ts:380:33)
          at async Promise.all (index 0)
      at Object.<anonymous> (src/release/__tests__/EndToEndWorkflow.integration.test.ts:669:34)

  ● End-to-End Release Workflow › Pipeline State Tracking › should track pipeline state during execution

    expect(received).toBe(expected) // Object.is equality

    Expected: true
    Received: false

      760 |       // Check state during execution
      761 |       state = manager.getPipelineState();
    > 762 |       expect(state.active).toBe(true);
          |                            ^
      763 |       expect(state.context).toBeDefined();
      764 |       expect(state.summary).toBeDefined();
      765 |

      at Object.<anonymous> (src/release/__tests__/EndToEndWorkflow.integration.test.ts:762:28)

FAIL src/release/publishing/__tests__/PublishingWorkflow.integration.test.ts (5.576 s)
  ● Publishing Workflow Integration › Multi-Package Publishing › should publish multiple packages in sequence

    expect(received).toBe(expected) // Object.is equality

    Expected: true
    Received: false

      558 |
      559 |       expect(results).toHaveLength(2);
    > 560 |       expect(results[0].success).toBe(true);
          |                                  ^
      561 |       expect(results[1].success).toBe(true);
      562 |     });
      563 |

      at Object.<anonymous> (src/release/publishing/__tests__/PublishingWorkflow.integration.test.ts:560:34)

  ● Publishing Workflow Integration › Coordination Validation › should ensure tag names match between git and GitHub

    expect(received).toBe(expected) // Object.is equality

    Expected: true
    Received: false

      632 |       const tagResult = await gitOps.createTag({ version, message: `Release ${version}` });
      633 |
    > 634 |       expect(tagResult.success).toBe(true);
          |                                 ^
      635 |       expect(tagResult.details).toContain(tagName);
      636 |
      637 |       // Create GitHub release with matching tag

      at Object.<anonymous> (src/release/publishing/__tests__/PublishingWorkflow.integration.test.ts:634:33)

  ● Publishing Workflow Integration › Coordination Validation › should ensure package versions match between package.json and npm

    expect(received).toBe(expected) // Object.is equality

    Expected: true
    Received: false

      699 |       const publishResult = await npmPublisher.publishPackage(packageToPublish);
      700 |
    > 701 |       expect(publishResult.success).toBe(true);
          |                                     ^
      702 |       expect(publishResult.version).toBe(version);
      703 |     });
      704 |

      at Object.<anonymous> (src/release/publishing/__tests__/PublishingWorkflow.integration.test.ts:701:37)

FAIL src/release/cli/__tests__/ReleaseCLI.test.ts
  ● Test suite failed to run

    [96msrc/release/cli/ReleaseCLI.ts[0m:[93m125[0m:[93m9[0m - [91merror[0m[90m TS2322: [0mType '{ versionBump: "major" | "minor" | "patch"; version: string | undefined; releaseNotes: string | undefined; } | undefined' is not assignable to type 'ReleaseOverrides | undefined'.
      Object literal may only specify known properties, and 'versionBump' does not exist in type 'ReleaseOverrides'.

    [7m125[0m         versionBump: overrides.versionBump,
    [7m   [0m [91m        ~~~~~~~~~~~[0m

      [96msrc/release/types/ReleaseTypes.ts[0m:[93m480[0m:[93m3[0m
        [7m480[0m   overrides?: ReleaseOverrides;
        [7m   [0m [96m  ~~~~~~~~~[0m
        The expected type comes from property 'overrides' which is declared here on type 'ReleaseTrigger'
    [96msrc/release/cli/ReleaseCLI.ts[0m:[93m173[0m:[93m34[0m - [91merror[0m[90m TS2339: [0mProperty 'status' does not exist on type '{ active: boolean; context?: any; summary?: any; }'.

    [7m173[0m     console.log(`Status: ${state.status}`);
    [7m   [0m [91m                                 ~~~~~~[0m
    [96msrc/release/cli/ReleaseCLI.ts[0m:[93m174[0m:[93m41[0m - [91merror[0m[90m TS2339: [0mProperty 'currentStage' does not exist on type '{ active: boolean; context?: any; summary?: any; }'.

    [7m174[0m     console.log(`Current Stage: ${state.currentStage || 'N/A'}`);
    [7m   [0m [91m                                        ~~~~~~~~~~~~[0m
    [96msrc/release/cli/ReleaseCLI.ts[0m:[93m175[0m:[93m44[0m - [91merror[0m[90m TS2339: [0mProperty 'completedStages' does not exist on type '{ active: boolean; context?: any; summary?: any; }'.

    [7m175[0m     console.log(`Completed Stages: ${state.completedStages.join(', ') || 'None'}`);
    [7m   [0m [91m                                           ~~~~~~~~~~~~~~~[0m
    [96msrc/release/cli/ReleaseCLI.ts[0m:[93m177[0m:[93m15[0m - [91merror[0m[90m TS2339: [0mProperty 'errors' does not exist on type '{ active: boolean; context?: any; summary?: any; }'.

    [7m177[0m     if (state.errors && state.errors.length > 0) {
    [7m   [0m [91m              ~~~~~~[0m
    [96msrc/release/cli/ReleaseCLI.ts[0m:[93m177[0m:[93m31[0m - [91merror[0m[90m TS2339: [0mProperty 'errors' does not exist on type '{ active: boolean; context?: any; summary?: any; }'.

    [7m177[0m     if (state.errors && state.errors.length > 0) {
    [7m   [0m [91m                              ~~~~~~[0m
    [96msrc/release/cli/ReleaseCLI.ts[0m:[93m179[0m:[93m13[0m - [91merror[0m[90m TS2339: [0mProperty 'errors' does not exist on type '{ active: boolean; context?: any; summary?: any; }'.

    [7m179[0m       state.errors.forEach(error => {
    [7m   [0m [91m            ~~~~~~[0m
    [96msrc/release/cli/ReleaseCLI.ts[0m:[93m179[0m:[93m28[0m - [91merror[0m[90m TS7006: [0mParameter 'error' implicitly has an 'any' type.

    [7m179[0m       state.errors.forEach(error => {
    [7m   [0m [91m                           ~~~~~[0m
    [96msrc/release/cli/ReleaseCLI.ts[0m:[93m195[0m:[93m11[0m - [91merror[0m[90m TS2741: [0mProperty 'triggeredAt' is missing in type '{ type: "automatic"; source: string; }' but required in type 'ReleaseTrigger'.

    [7m195[0m     const trigger: ReleaseTrigger = {
    [7m   [0m [91m          ~~~~~~~[0m

      [96msrc/release/types/ReleaseTypes.ts[0m:[93m474[0m:[93m3[0m
        [7m474[0m   triggeredAt: Date;
        [7m   [0m [96m  ~~~~~~~~~~~[0m
        'triggeredAt' is declared here.
    [96msrc/release/cli/ReleaseCLI.ts[0m:[93m206[0m:[93m46[0m - [91merror[0m[90m TS2339: [0mProperty 'bump' does not exist on type 'VersionBump'.

    [7m206[0m       console.log(`Bump Type: ${plan.version.bump}`);
    [7m   [0m [91m                                             ~~~~[0m
    [96msrc/release/cli/ReleaseCLI.ts[0m:[93m209[0m:[93m45[0m - [91merror[0m[90m TS2339: [0mProperty 'currentVersion' does not exist on type 'PackageUpdate'.

    [7m209[0m         console.log(`  - ${pkg.name}: ${pkg.currentVersion} → ${pkg.newVersion}`);
    [7m   [0m [91m                                            ~~~~~~~~~~~~~~[0m
    [96msrc/release/cli/ReleaseCLI.ts[0m:[93m209[0m:[93m69[0m - [91merror[0m[90m TS2339: [0mProperty 'newVersion' does not exist on type 'PackageUpdate'.

    [7m209[0m         console.log(`  - ${pkg.name}: ${pkg.currentVersion} → ${pkg.newVersion}`);
    [7m   [0m [91m                                                                    ~~~~~~~~~~[0m


Test Suites: 5 failed, 203 passed, 208 total
Tests:       11 failed, 13 skipped, 4817 passed, 4841 total
Snapshots:   0 total
Time:        19.22 s
Ran all test suites.
